Archive member included to satisfy reference by file (symbol)

d:/st/stm32cubeide_1.1.0/stm32cubeide/plugins/com.st.stm32cube.ide.mcu.externaltools.gnu-tools-for-stm32.7-2018-q2-update.win32_1.0.0.201904181610/tools/bin/../lib/gcc/arm-none-eabi/7.3.1/../../../../arm-none-eabi/lib/thumb/v7e-m\libc_nano.a(lib_a-errno.o)
                              Src/syscalls.o (__errno)
d:/st/stm32cubeide_1.1.0/stm32cubeide/plugins/com.st.stm32cube.ide.mcu.externaltools.gnu-tools-for-stm32.7-2018-q2-update.win32_1.0.0.201904181610/tools/bin/../lib/gcc/arm-none-eabi/7.3.1/../../../../arm-none-eabi/lib/thumb/v7e-m\libc_nano.a(lib_a-exit.o)
                              d:/st/stm32cubeide_1.1.0/stm32cubeide/plugins/com.st.stm32cube.ide.mcu.externaltools.gnu-tools-for-stm32.7-2018-q2-update.win32_1.0.0.201904181610/tools/bin/../lib/gcc/arm-none-eabi/7.3.1/../../../../arm-none-eabi/lib/thumb/v7e-m/crt0.o (exit)
d:/st/stm32cubeide_1.1.0/stm32cubeide/plugins/com.st.stm32cube.ide.mcu.externaltools.gnu-tools-for-stm32.7-2018-q2-update.win32_1.0.0.201904181610/tools/bin/../lib/gcc/arm-none-eabi/7.3.1/../../../../arm-none-eabi/lib/thumb/v7e-m\libc_nano.a(lib_a-impure.o)
                              d:/st/stm32cubeide_1.1.0/stm32cubeide/plugins/com.st.stm32cube.ide.mcu.externaltools.gnu-tools-for-stm32.7-2018-q2-update.win32_1.0.0.201904181610/tools/bin/../lib/gcc/arm-none-eabi/7.3.1/../../../../arm-none-eabi/lib/thumb/v7e-m\libc_nano.a(lib_a-exit.o) (_global_impure_ptr)
d:/st/stm32cubeide_1.1.0/stm32cubeide/plugins/com.st.stm32cube.ide.mcu.externaltools.gnu-tools-for-stm32.7-2018-q2-update.win32_1.0.0.201904181610/tools/bin/../lib/gcc/arm-none-eabi/7.3.1/../../../../arm-none-eabi/lib/thumb/v7e-m\libc_nano.a(lib_a-init.o)
                              d:/st/stm32cubeide_1.1.0/stm32cubeide/plugins/com.st.stm32cube.ide.mcu.externaltools.gnu-tools-for-stm32.7-2018-q2-update.win32_1.0.0.201904181610/tools/bin/../lib/gcc/arm-none-eabi/7.3.1/../../../../arm-none-eabi/lib/thumb/v7e-m/crt0.o (__libc_init_array)
d:/st/stm32cubeide_1.1.0/stm32cubeide/plugins/com.st.stm32cube.ide.mcu.externaltools.gnu-tools-for-stm32.7-2018-q2-update.win32_1.0.0.201904181610/tools/bin/../lib/gcc/arm-none-eabi/7.3.1/../../../../arm-none-eabi/lib/thumb/v7e-m\libc_nano.a(lib_a-memset.o)
                              d:/st/stm32cubeide_1.1.0/stm32cubeide/plugins/com.st.stm32cube.ide.mcu.externaltools.gnu-tools-for-stm32.7-2018-q2-update.win32_1.0.0.201904181610/tools/bin/../lib/gcc/arm-none-eabi/7.3.1/../../../../arm-none-eabi/lib/thumb/v7e-m/crt0.o (memset)
d:/st/stm32cubeide_1.1.0/stm32cubeide/plugins/com.st.stm32cube.ide.mcu.externaltools.gnu-tools-for-stm32.7-2018-q2-update.win32_1.0.0.201904181610/tools/bin/../lib/gcc/arm-none-eabi/7.3.1/../../../../arm-none-eabi/lib/thumb/v7e-m\libc_nano.a(lib_a-strlen.o)
                              Src/Tests/014_USART_Tx.o (strlen)

Allocating common symbols
Common symbol       size              file

USART3Handle        0x24              Src/Tests/014_USART_Tx.o

Discarded input sections

 .text          0x0000000000000000        0x0 d:/st/stm32cubeide_1.1.0/stm32cubeide/plugins/com.st.stm32cube.ide.mcu.externaltools.gnu-tools-for-stm32.7-2018-q2-update.win32_1.0.0.201904181610/tools/bin/../lib/gcc/arm-none-eabi/7.3.1/thumb/v7e-m/crti.o
 .data          0x0000000000000000        0x0 d:/st/stm32cubeide_1.1.0/stm32cubeide/plugins/com.st.stm32cube.ide.mcu.externaltools.gnu-tools-for-stm32.7-2018-q2-update.win32_1.0.0.201904181610/tools/bin/../lib/gcc/arm-none-eabi/7.3.1/thumb/v7e-m/crti.o
 .bss           0x0000000000000000        0x0 d:/st/stm32cubeide_1.1.0/stm32cubeide/plugins/com.st.stm32cube.ide.mcu.externaltools.gnu-tools-for-stm32.7-2018-q2-update.win32_1.0.0.201904181610/tools/bin/../lib/gcc/arm-none-eabi/7.3.1/thumb/v7e-m/crti.o
 .data          0x0000000000000000        0x4 d:/st/stm32cubeide_1.1.0/stm32cubeide/plugins/com.st.stm32cube.ide.mcu.externaltools.gnu-tools-for-stm32.7-2018-q2-update.win32_1.0.0.201904181610/tools/bin/../lib/gcc/arm-none-eabi/7.3.1/thumb/v7e-m/crtbegin.o
 .text          0x0000000000000000       0x74 d:/st/stm32cubeide_1.1.0/stm32cubeide/plugins/com.st.stm32cube.ide.mcu.externaltools.gnu-tools-for-stm32.7-2018-q2-update.win32_1.0.0.201904181610/tools/bin/../lib/gcc/arm-none-eabi/7.3.1/../../../../arm-none-eabi/lib/thumb/v7e-m/crt0.o
 .data          0x0000000000000000        0x0 d:/st/stm32cubeide_1.1.0/stm32cubeide/plugins/com.st.stm32cube.ide.mcu.externaltools.gnu-tools-for-stm32.7-2018-q2-update.win32_1.0.0.201904181610/tools/bin/../lib/gcc/arm-none-eabi/7.3.1/../../../../arm-none-eabi/lib/thumb/v7e-m/crt0.o
 .bss           0x0000000000000000        0x0 d:/st/stm32cubeide_1.1.0/stm32cubeide/plugins/com.st.stm32cube.ide.mcu.externaltools.gnu-tools-for-stm32.7-2018-q2-update.win32_1.0.0.201904181610/tools/bin/../lib/gcc/arm-none-eabi/7.3.1/../../../../arm-none-eabi/lib/thumb/v7e-m/crt0.o
 .ARM.extab     0x0000000000000000        0x0 d:/st/stm32cubeide_1.1.0/stm32cubeide/plugins/com.st.stm32cube.ide.mcu.externaltools.gnu-tools-for-stm32.7-2018-q2-update.win32_1.0.0.201904181610/tools/bin/../lib/gcc/arm-none-eabi/7.3.1/../../../../arm-none-eabi/lib/thumb/v7e-m/crt0.o
 .ARM.exidx     0x0000000000000000        0x8 d:/st/stm32cubeide_1.1.0/stm32cubeide/plugins/com.st.stm32cube.ide.mcu.externaltools.gnu-tools-for-stm32.7-2018-q2-update.win32_1.0.0.201904181610/tools/bin/../lib/gcc/arm-none-eabi/7.3.1/../../../../arm-none-eabi/lib/thumb/v7e-m/crt0.o
 .ARM.attributes
                0x0000000000000000       0x1c d:/st/stm32cubeide_1.1.0/stm32cubeide/plugins/com.st.stm32cube.ide.mcu.externaltools.gnu-tools-for-stm32.7-2018-q2-update.win32_1.0.0.201904181610/tools/bin/../lib/gcc/arm-none-eabi/7.3.1/../../../../arm-none-eabi/lib/thumb/v7e-m/crt0.o
 .group         0x0000000000000000        0xc Drivers/src/stm32f446xx_gpio_driver.o
 .group         0x0000000000000000        0xc Drivers/src/stm32f446xx_gpio_driver.o
 .group         0x0000000000000000        0xc Drivers/src/stm32f446xx_gpio_driver.o
 .group         0x0000000000000000        0xc Drivers/src/stm32f446xx_gpio_driver.o
 .group         0x0000000000000000        0xc Drivers/src/stm32f446xx_gpio_driver.o
 .group         0x0000000000000000        0xc Drivers/src/stm32f446xx_gpio_driver.o
 .group         0x0000000000000000        0xc Drivers/src/stm32f446xx_gpio_driver.o
 .group         0x0000000000000000        0xc Drivers/src/stm32f446xx_gpio_driver.o
 .group         0x0000000000000000        0xc Drivers/src/stm32f446xx_gpio_driver.o
 .group         0x0000000000000000        0xc Drivers/src/stm32f446xx_gpio_driver.o
 .group         0x0000000000000000        0xc Drivers/src/stm32f446xx_gpio_driver.o
 .group         0x0000000000000000        0xc Drivers/src/stm32f446xx_gpio_driver.o
 .group         0x0000000000000000        0xc Drivers/src/stm32f446xx_gpio_driver.o
 .text          0x0000000000000000        0x0 Drivers/src/stm32f446xx_gpio_driver.o
 .data          0x0000000000000000        0x0 Drivers/src/stm32f446xx_gpio_driver.o
 .bss           0x0000000000000000        0x0 Drivers/src/stm32f446xx_gpio_driver.o
 .text.GPIO_DeInit
                0x0000000000000000      0x144 Drivers/src/stm32f446xx_gpio_driver.o
 .text.GPIO_ReadFromInputPort
                0x0000000000000000       0x1a Drivers/src/stm32f446xx_gpio_driver.o
 .text.GPIO_WriteToOutputPin
                0x0000000000000000       0x48 Drivers/src/stm32f446xx_gpio_driver.o
 .text.GPIO_WriteToOutputPort
                0x0000000000000000       0x1c Drivers/src/stm32f446xx_gpio_driver.o
 .text.GPIO_ToggleOutputPin
                0x0000000000000000       0x28 Drivers/src/stm32f446xx_gpio_driver.o
 .text.GPIO_IRQInterruptConfig
                0x0000000000000000       0xfc Drivers/src/stm32f446xx_gpio_driver.o
 .text.GPIO_IRQPriorityConfig
                0x0000000000000000       0x52 Drivers/src/stm32f446xx_gpio_driver.o
 .text.GPIO_IRQHandling
                0x0000000000000000       0x40 Drivers/src/stm32f446xx_gpio_driver.o
 .group         0x0000000000000000        0xc Drivers/src/stm32f446xx_i2c_driver.o
 .group         0x0000000000000000        0xc Drivers/src/stm32f446xx_i2c_driver.o
 .group         0x0000000000000000        0xc Drivers/src/stm32f446xx_i2c_driver.o
 .group         0x0000000000000000        0xc Drivers/src/stm32f446xx_i2c_driver.o
 .group         0x0000000000000000        0xc Drivers/src/stm32f446xx_i2c_driver.o
 .group         0x0000000000000000        0xc Drivers/src/stm32f446xx_i2c_driver.o
 .group         0x0000000000000000        0xc Drivers/src/stm32f446xx_i2c_driver.o
 .group         0x0000000000000000        0xc Drivers/src/stm32f446xx_i2c_driver.o
 .group         0x0000000000000000        0xc Drivers/src/stm32f446xx_i2c_driver.o
 .group         0x0000000000000000        0xc Drivers/src/stm32f446xx_i2c_driver.o
 .group         0x0000000000000000        0xc Drivers/src/stm32f446xx_i2c_driver.o
 .group         0x0000000000000000        0xc Drivers/src/stm32f446xx_i2c_driver.o
 .group         0x0000000000000000        0xc Drivers/src/stm32f446xx_i2c_driver.o
 .text          0x0000000000000000        0x0 Drivers/src/stm32f446xx_i2c_driver.o
 .data          0x0000000000000000        0x0 Drivers/src/stm32f446xx_i2c_driver.o
 .bss           0x0000000000000000        0x0 Drivers/src/stm32f446xx_i2c_driver.o
 .text.I2C_PeriClockControl
                0x0000000000000000       0xb0 Drivers/src/stm32f446xx_i2c_driver.o
 .text.I2C_Init
                0x0000000000000000      0x160 Drivers/src/stm32f446xx_i2c_driver.o
 .text.I2C_DeInit
                0x0000000000000000       0x88 Drivers/src/stm32f446xx_i2c_driver.o
 .text.I2C_GetFlagStatus
                0x0000000000000000       0x26 Drivers/src/stm32f446xx_i2c_driver.o
 .text.I2C_PeripheralControl
                0x0000000000000000       0x36 Drivers/src/stm32f446xx_i2c_driver.o
 .text.I2C_MasterSendData
                0x0000000000000000       0xc6 Drivers/src/stm32f446xx_i2c_driver.o
 .text.I2C_MasterReceiveData
                0x0000000000000000      0x11c Drivers/src/stm32f446xx_i2c_driver.o
 .text.I2C_MasterSendDataInterruptMode
                0x0000000000000000       0x86 Drivers/src/stm32f446xx_i2c_driver.o
 .text.I2C_MasterReceiveDataInterruptMode
                0x0000000000000000       0x8c Drivers/src/stm32f446xx_i2c_driver.o
 .text.I2C_ManageAcking
                0x0000000000000000       0x36 Drivers/src/stm32f446xx_i2c_driver.o
 .text.I2C_SlaveSendData
                0x0000000000000000       0x1c Drivers/src/stm32f446xx_i2c_driver.o
 .text.I2C_SlaveReceiveData
                0x0000000000000000       0x18 Drivers/src/stm32f446xx_i2c_driver.o
 .text.I2C_IRQInterruptConfig
                0x0000000000000000       0xfc Drivers/src/stm32f446xx_i2c_driver.o
 .text.I2C_IRQPriorityConfig
                0x0000000000000000       0x52 Drivers/src/stm32f446xx_i2c_driver.o
 .text.I2C_EV_IRQHandling
                0x0000000000000000      0x1b4 Drivers/src/stm32f446xx_i2c_driver.o
 .text.I2C_ER_IRQHandling
                0x0000000000000000      0x10c Drivers/src/stm32f446xx_i2c_driver.o
 .text.I2C_CloseReceiveData
                0x0000000000000000       0x5c Drivers/src/stm32f446xx_i2c_driver.o
 .text.I2C_CloseSendData
                0x0000000000000000       0x44 Drivers/src/stm32f446xx_i2c_driver.o
 .text.I2C_GenerateStopCondition
                0x0000000000000000       0x1e Drivers/src/stm32f446xx_i2c_driver.o
 .text.I2C_SlaveEnableDisableCallbackEvents
                0x0000000000000000       0x66 Drivers/src/stm32f446xx_i2c_driver.o
 .text.I2C_GenerateStartCondition
                0x0000000000000000       0x1e Drivers/src/stm32f446xx_i2c_driver.o
 .text.I2C_ExecuteAddressPhaseWrite
                0x0000000000000000       0x2a Drivers/src/stm32f446xx_i2c_driver.o
 .text.I2C_ExecuteAddressPhaseRead
                0x0000000000000000       0x2a Drivers/src/stm32f446xx_i2c_driver.o
 .text.I2C_ClearAddrFlag
                0x0000000000000000       0x6e Drivers/src/stm32f446xx_i2c_driver.o
 .text.I2C_MasterHandleTXEInterrupt
                0x0000000000000000       0x42 Drivers/src/stm32f446xx_i2c_driver.o
 .text.I2C_MasterHandleRXNEInterrupt
                0x0000000000000000       0x98 Drivers/src/stm32f446xx_i2c_driver.o
 .text.I2C_ApplicationEventCallback
                0x0000000000000000       0x16 Drivers/src/stm32f446xx_i2c_driver.o
 .debug_info    0x0000000000000000      0xa49 Drivers/src/stm32f446xx_i2c_driver.o
 .debug_abbrev  0x0000000000000000      0x1fd Drivers/src/stm32f446xx_i2c_driver.o
 .debug_aranges
                0x0000000000000000       0xf0 Drivers/src/stm32f446xx_i2c_driver.o
 .debug_ranges  0x0000000000000000       0xe0 Drivers/src/stm32f446xx_i2c_driver.o
 .debug_macro   0x0000000000000000       0xc2 Drivers/src/stm32f446xx_i2c_driver.o
 .debug_macro   0x0000000000000000      0xa66 Drivers/src/stm32f446xx_i2c_driver.o
 .debug_macro   0x0000000000000000      0x174 Drivers/src/stm32f446xx_i2c_driver.o
 .debug_macro   0x0000000000000000       0x22 Drivers/src/stm32f446xx_i2c_driver.o
 .debug_macro   0x0000000000000000       0x8e Drivers/src/stm32f446xx_i2c_driver.o
 .debug_macro   0x0000000000000000       0x51 Drivers/src/stm32f446xx_i2c_driver.o
 .debug_macro   0x0000000000000000       0xef Drivers/src/stm32f446xx_i2c_driver.o
 .debug_macro   0x0000000000000000       0x6a Drivers/src/stm32f446xx_i2c_driver.o
 .debug_macro   0x0000000000000000      0x1df Drivers/src/stm32f446xx_i2c_driver.o
 .debug_macro   0x0000000000000000      0xa3c Drivers/src/stm32f446xx_i2c_driver.o
 .debug_macro   0x0000000000000000       0xc4 Drivers/src/stm32f446xx_i2c_driver.o
 .debug_macro   0x0000000000000000       0xc4 Drivers/src/stm32f446xx_i2c_driver.o
 .debug_macro   0x0000000000000000       0xd6 Drivers/src/stm32f446xx_i2c_driver.o
 .debug_macro   0x0000000000000000       0xca Drivers/src/stm32f446xx_i2c_driver.o
 .debug_line    0x0000000000000000      0x859 Drivers/src/stm32f446xx_i2c_driver.o
 .debug_str     0x0000000000000000     0x7cca Drivers/src/stm32f446xx_i2c_driver.o
 .comment       0x0000000000000000       0x7c Drivers/src/stm32f446xx_i2c_driver.o
 .debug_frame   0x0000000000000000      0x420 Drivers/src/stm32f446xx_i2c_driver.o
 .ARM.attributes
                0x0000000000000000       0x33 Drivers/src/stm32f446xx_i2c_driver.o
 .group         0x0000000000000000        0xc Drivers/src/stm32f446xx_spi_driver.o
 .group         0x0000000000000000        0xc Drivers/src/stm32f446xx_spi_driver.o
 .group         0x0000000000000000        0xc Drivers/src/stm32f446xx_spi_driver.o
 .group         0x0000000000000000        0xc Drivers/src/stm32f446xx_spi_driver.o
 .group         0x0000000000000000        0xc Drivers/src/stm32f446xx_spi_driver.o
 .group         0x0000000000000000        0xc Drivers/src/stm32f446xx_spi_driver.o
 .group         0x0000000000000000        0xc Drivers/src/stm32f446xx_spi_driver.o
 .group         0x0000000000000000        0xc Drivers/src/stm32f446xx_spi_driver.o
 .group         0x0000000000000000        0xc Drivers/src/stm32f446xx_spi_driver.o
 .group         0x0000000000000000        0xc Drivers/src/stm32f446xx_spi_driver.o
 .group         0x0000000000000000        0xc Drivers/src/stm32f446xx_spi_driver.o
 .group         0x0000000000000000        0xc Drivers/src/stm32f446xx_spi_driver.o
 .group         0x0000000000000000        0xc Drivers/src/stm32f446xx_spi_driver.o
 .text          0x0000000000000000        0x0 Drivers/src/stm32f446xx_spi_driver.o
 .data          0x0000000000000000        0x0 Drivers/src/stm32f446xx_spi_driver.o
 .bss           0x0000000000000000        0x0 Drivers/src/stm32f446xx_spi_driver.o
 .text.SPI_PeriClockControl
                0x0000000000000000       0xe0 Drivers/src/stm32f446xx_spi_driver.o
 .text.SPI_Init
                0x0000000000000000       0xa8 Drivers/src/stm32f446xx_spi_driver.o
 .text.SPI_DeInit
                0x0000000000000000       0xac Drivers/src/stm32f446xx_spi_driver.o
 .text.SPI_GetFlagStatus
                0x0000000000000000       0x26 Drivers/src/stm32f446xx_spi_driver.o
 .text.SPI_SendData
                0x0000000000000000       0x70 Drivers/src/stm32f446xx_spi_driver.o
 .text.SPI_ReceiveData
                0x0000000000000000       0x70 Drivers/src/stm32f446xx_spi_driver.o
 .text.SPI_SendDataInterruptMode
                0x0000000000000000       0x46 Drivers/src/stm32f446xx_spi_driver.o
 .text.SPI_ReceiveDataInterruptMode
                0x0000000000000000       0x46 Drivers/src/stm32f446xx_spi_driver.o
 .text.SPI_IRQInterruptConfig
                0x0000000000000000      0x108 Drivers/src/stm32f446xx_spi_driver.o
 .text.SPI_IRQPriorityConfig
                0x0000000000000000       0x52 Drivers/src/stm32f446xx_spi_driver.o
 .text.SPI_IRQHandling
                0x0000000000000000       0x9a Drivers/src/stm32f446xx_spi_driver.o
 .text.SPI_PeripheralControl
                0x0000000000000000       0x36 Drivers/src/stm32f446xx_spi_driver.o
 .text.SPI_SSIConfig
                0x0000000000000000       0x36 Drivers/src/stm32f446xx_spi_driver.o
 .text.SPI_SSOEConfig
                0x0000000000000000       0x36 Drivers/src/stm32f446xx_spi_driver.o
 .text.SPI_CloseTransmission
                0x0000000000000000       0x34 Drivers/src/stm32f446xx_spi_driver.o
 .text.SPI_CloseReception
                0x0000000000000000       0x34 Drivers/src/stm32f446xx_spi_driver.o
 .text.SPI_ClearOVRFlag
                0x0000000000000000       0x1e Drivers/src/stm32f446xx_spi_driver.o
 .text.SPI_ApplicationEventCallback
                0x0000000000000000       0x16 Drivers/src/stm32f446xx_spi_driver.o
 .text.spi_txe_interrupt_handle
                0x0000000000000000       0x80 Drivers/src/stm32f446xx_spi_driver.o
 .text.spi_rxne_interrupt_handle
                0x0000000000000000       0x84 Drivers/src/stm32f446xx_spi_driver.o
 .text.spi_ovr_err_interrupt_handle
                0x0000000000000000       0x30 Drivers/src/stm32f446xx_spi_driver.o
 .debug_info    0x0000000000000000      0x882 Drivers/src/stm32f446xx_spi_driver.o
 .debug_abbrev  0x0000000000000000      0x193 Drivers/src/stm32f446xx_spi_driver.o
 .debug_aranges
                0x0000000000000000       0xc0 Drivers/src/stm32f446xx_spi_driver.o
 .debug_ranges  0x0000000000000000       0xb0 Drivers/src/stm32f446xx_spi_driver.o
 .debug_macro   0x0000000000000000       0xc2 Drivers/src/stm32f446xx_spi_driver.o
 .debug_macro   0x0000000000000000      0xa66 Drivers/src/stm32f446xx_spi_driver.o
 .debug_macro   0x0000000000000000      0x174 Drivers/src/stm32f446xx_spi_driver.o
 .debug_macro   0x0000000000000000       0x22 Drivers/src/stm32f446xx_spi_driver.o
 .debug_macro   0x0000000000000000       0x8e Drivers/src/stm32f446xx_spi_driver.o
 .debug_macro   0x0000000000000000       0x51 Drivers/src/stm32f446xx_spi_driver.o
 .debug_macro   0x0000000000000000       0xef Drivers/src/stm32f446xx_spi_driver.o
 .debug_macro   0x0000000000000000       0x6a Drivers/src/stm32f446xx_spi_driver.o
 .debug_macro   0x0000000000000000      0x1df Drivers/src/stm32f446xx_spi_driver.o
 .debug_macro   0x0000000000000000      0xa3c Drivers/src/stm32f446xx_spi_driver.o
 .debug_macro   0x0000000000000000       0xc4 Drivers/src/stm32f446xx_spi_driver.o
 .debug_macro   0x0000000000000000       0xd0 Drivers/src/stm32f446xx_spi_driver.o
 .debug_macro   0x0000000000000000       0xd6 Drivers/src/stm32f446xx_spi_driver.o
 .debug_macro   0x0000000000000000       0xbe Drivers/src/stm32f446xx_spi_driver.o
 .debug_line    0x0000000000000000      0x6fa Drivers/src/stm32f446xx_spi_driver.o
 .debug_str     0x0000000000000000     0x7bf5 Drivers/src/stm32f446xx_spi_driver.o
 .comment       0x0000000000000000       0x7c Drivers/src/stm32f446xx_spi_driver.o
 .debug_frame   0x0000000000000000      0x33c Drivers/src/stm32f446xx_spi_driver.o
 .ARM.attributes
                0x0000000000000000       0x33 Drivers/src/stm32f446xx_spi_driver.o
 .group         0x0000000000000000        0xc Drivers/src/stm32f446xx_usart_driver.o
 .group         0x0000000000000000        0xc Drivers/src/stm32f446xx_usart_driver.o
 .group         0x0000000000000000        0xc Drivers/src/stm32f446xx_usart_driver.o
 .group         0x0000000000000000        0xc Drivers/src/stm32f446xx_usart_driver.o
 .group         0x0000000000000000        0xc Drivers/src/stm32f446xx_usart_driver.o
 .group         0x0000000000000000        0xc Drivers/src/stm32f446xx_usart_driver.o
 .group         0x0000000000000000        0xc Drivers/src/stm32f446xx_usart_driver.o
 .group         0x0000000000000000        0xc Drivers/src/stm32f446xx_usart_driver.o
 .group         0x0000000000000000        0xc Drivers/src/stm32f446xx_usart_driver.o
 .group         0x0000000000000000        0xc Drivers/src/stm32f446xx_usart_driver.o
 .group         0x0000000000000000        0xc Drivers/src/stm32f446xx_usart_driver.o
 .group         0x0000000000000000        0xc Drivers/src/stm32f446xx_usart_driver.o
 .group         0x0000000000000000        0xc Drivers/src/stm32f446xx_usart_driver.o
 .text          0x0000000000000000        0x0 Drivers/src/stm32f446xx_usart_driver.o
 .data          0x0000000000000000        0x0 Drivers/src/stm32f446xx_usart_driver.o
 .bss           0x0000000000000000        0x0 Drivers/src/stm32f446xx_usart_driver.o
 .text.USART_DeInit
                0x0000000000000000       0xf8 Drivers/src/stm32f446xx_usart_driver.o
 .text.USART_ClearFlag
                0x0000000000000000       0x2a Drivers/src/stm32f446xx_usart_driver.o
 .text.USART_ReceiveData
                0x0000000000000000       0xae Drivers/src/stm32f446xx_usart_driver.o
 .text.USART_SendDataInterrupt
                0x0000000000000000       0x5a Drivers/src/stm32f446xx_usart_driver.o
 .text.USART_ReceiveDataInterrupt
                0x0000000000000000       0x4a Drivers/src/stm32f446xx_usart_driver.o
 .text.USART_IRQInterruptConfig
                0x0000000000000000       0xfc Drivers/src/stm32f446xx_usart_driver.o
 .text.USART_IRQPriorityConfig
                0x0000000000000000       0x52 Drivers/src/stm32f446xx_usart_driver.o
 .text.USART_ApplicationEventCallback
                0x0000000000000000       0x16 Drivers/src/stm32f446xx_usart_driver.o
 .debug_macro   0x0000000000000000      0xa66 Drivers/src/stm32f446xx_usart_driver.o
 .debug_macro   0x0000000000000000      0x174 Drivers/src/stm32f446xx_usart_driver.o
 .debug_macro   0x0000000000000000       0x22 Drivers/src/stm32f446xx_usart_driver.o
 .debug_macro   0x0000000000000000       0x8e Drivers/src/stm32f446xx_usart_driver.o
 .debug_macro   0x0000000000000000       0x51 Drivers/src/stm32f446xx_usart_driver.o
 .debug_macro   0x0000000000000000       0xef Drivers/src/stm32f446xx_usart_driver.o
 .debug_macro   0x0000000000000000       0x6a Drivers/src/stm32f446xx_usart_driver.o
 .debug_macro   0x0000000000000000      0x1df Drivers/src/stm32f446xx_usart_driver.o
 .debug_macro   0x0000000000000000      0xa3c Drivers/src/stm32f446xx_usart_driver.o
 .debug_macro   0x0000000000000000       0xc4 Drivers/src/stm32f446xx_usart_driver.o
 .debug_macro   0x0000000000000000       0xc4 Drivers/src/stm32f446xx_usart_driver.o
 .debug_macro   0x0000000000000000       0xd0 Drivers/src/stm32f446xx_usart_driver.o
 .group         0x0000000000000000        0xc Drivers/src/stm32f466xx_rcc_driver.o
 .group         0x0000000000000000        0xc Drivers/src/stm32f466xx_rcc_driver.o
 .group         0x0000000000000000        0xc Drivers/src/stm32f466xx_rcc_driver.o
 .group         0x0000000000000000        0xc Drivers/src/stm32f466xx_rcc_driver.o
 .group         0x0000000000000000        0xc Drivers/src/stm32f466xx_rcc_driver.o
 .group         0x0000000000000000        0xc Drivers/src/stm32f466xx_rcc_driver.o
 .group         0x0000000000000000        0xc Drivers/src/stm32f466xx_rcc_driver.o
 .group         0x0000000000000000        0xc Drivers/src/stm32f466xx_rcc_driver.o
 .group         0x0000000000000000        0xc Drivers/src/stm32f466xx_rcc_driver.o
 .group         0x0000000000000000        0xc Drivers/src/stm32f466xx_rcc_driver.o
 .group         0x0000000000000000        0xc Drivers/src/stm32f466xx_rcc_driver.o
 .group         0x0000000000000000        0xc Drivers/src/stm32f466xx_rcc_driver.o
 .group         0x0000000000000000        0xc Drivers/src/stm32f466xx_rcc_driver.o
 .text          0x0000000000000000        0x0 Drivers/src/stm32f466xx_rcc_driver.o
 .data          0x0000000000000000        0x0 Drivers/src/stm32f466xx_rcc_driver.o
 .bss           0x0000000000000000        0x0 Drivers/src/stm32f466xx_rcc_driver.o
 .debug_macro   0x0000000000000000      0xa66 Drivers/src/stm32f466xx_rcc_driver.o
 .debug_macro   0x0000000000000000      0x174 Drivers/src/stm32f466xx_rcc_driver.o
 .debug_macro   0x0000000000000000       0x22 Drivers/src/stm32f466xx_rcc_driver.o
 .debug_macro   0x0000000000000000       0x8e Drivers/src/stm32f466xx_rcc_driver.o
 .debug_macro   0x0000000000000000       0x51 Drivers/src/stm32f466xx_rcc_driver.o
 .debug_macro   0x0000000000000000       0xef Drivers/src/stm32f466xx_rcc_driver.o
 .debug_macro   0x0000000000000000       0x6a Drivers/src/stm32f466xx_rcc_driver.o
 .debug_macro   0x0000000000000000      0x1df Drivers/src/stm32f466xx_rcc_driver.o
 .debug_macro   0x0000000000000000      0xa3c Drivers/src/stm32f466xx_rcc_driver.o
 .debug_macro   0x0000000000000000       0xc4 Drivers/src/stm32f466xx_rcc_driver.o
 .debug_macro   0x0000000000000000       0xc4 Drivers/src/stm32f466xx_rcc_driver.o
 .debug_macro   0x0000000000000000       0xd0 Drivers/src/stm32f466xx_rcc_driver.o
 .debug_macro   0x0000000000000000       0xd6 Drivers/src/stm32f466xx_rcc_driver.o
 .group         0x0000000000000000        0xc Src/Tests/014_USART_Tx.o
 .group         0x0000000000000000        0xc Src/Tests/014_USART_Tx.o
 .group         0x0000000000000000        0xc Src/Tests/014_USART_Tx.o
 .group         0x0000000000000000        0xc Src/Tests/014_USART_Tx.o
 .group         0x0000000000000000        0xc Src/Tests/014_USART_Tx.o
 .group         0x0000000000000000        0xc Src/Tests/014_USART_Tx.o
 .group         0x0000000000000000        0xc Src/Tests/014_USART_Tx.o
 .group         0x0000000000000000        0xc Src/Tests/014_USART_Tx.o
 .group         0x0000000000000000        0xc Src/Tests/014_USART_Tx.o
 .group         0x0000000000000000        0xc Src/Tests/014_USART_Tx.o
 .group         0x0000000000000000        0xc Src/Tests/014_USART_Tx.o
 .group         0x0000000000000000        0xc Src/Tests/014_USART_Tx.o
 .group         0x0000000000000000        0xc Src/Tests/014_USART_Tx.o
 .group         0x0000000000000000        0xc Src/Tests/014_USART_Tx.o
 .group         0x0000000000000000        0xc Src/Tests/014_USART_Tx.o
 .group         0x0000000000000000        0xc Src/Tests/014_USART_Tx.o
 .group         0x0000000000000000        0xc Src/Tests/014_USART_Tx.o
 .group         0x0000000000000000        0xc Src/Tests/014_USART_Tx.o
 .group         0x0000000000000000        0xc Src/Tests/014_USART_Tx.o
 .group         0x0000000000000000        0xc Src/Tests/014_USART_Tx.o
 .group         0x0000000000000000        0xc Src/Tests/014_USART_Tx.o
 .group         0x0000000000000000        0xc Src/Tests/014_USART_Tx.o
 .group         0x0000000000000000        0xc Src/Tests/014_USART_Tx.o
 .group         0x0000000000000000        0xc Src/Tests/014_USART_Tx.o
 .group         0x0000000000000000        0xc Src/Tests/014_USART_Tx.o
 .group         0x0000000000000000        0xc Src/Tests/014_USART_Tx.o
 .group         0x0000000000000000        0xc Src/Tests/014_USART_Tx.o
 .group         0x0000000000000000        0xc Src/Tests/014_USART_Tx.o
 .group         0x0000000000000000        0xc Src/Tests/014_USART_Tx.o
 .group         0x0000000000000000        0xc Src/Tests/014_USART_Tx.o
 .group         0x0000000000000000        0xc Src/Tests/014_USART_Tx.o
 .group         0x0000000000000000        0xc Src/Tests/014_USART_Tx.o
 .group         0x0000000000000000        0xc Src/Tests/014_USART_Tx.o
 .group         0x0000000000000000        0xc Src/Tests/014_USART_Tx.o
 .group         0x0000000000000000        0xc Src/Tests/014_USART_Tx.o
 .group         0x0000000000000000        0xc Src/Tests/014_USART_Tx.o
 .group         0x0000000000000000        0xc Src/Tests/014_USART_Tx.o
 .group         0x0000000000000000        0xc Src/Tests/014_USART_Tx.o
 .group         0x0000000000000000        0xc Src/Tests/014_USART_Tx.o
 .group         0x0000000000000000        0xc Src/Tests/014_USART_Tx.o
 .text          0x0000000000000000        0x0 Src/Tests/014_USART_Tx.o
 .data          0x0000000000000000        0x0 Src/Tests/014_USART_Tx.o
 .bss           0x0000000000000000        0x0 Src/Tests/014_USART_Tx.o
 .debug_macro   0x0000000000000000      0xa66 Src/Tests/014_USART_Tx.o
 .debug_macro   0x0000000000000000       0x22 Src/Tests/014_USART_Tx.o
 .debug_macro   0x0000000000000000       0x6a Src/Tests/014_USART_Tx.o
 .debug_macro   0x0000000000000000       0xef Src/Tests/014_USART_Tx.o
 .debug_macro   0x0000000000000000      0x1df Src/Tests/014_USART_Tx.o
 .debug_macro   0x0000000000000000      0xa3c Src/Tests/014_USART_Tx.o
 .debug_macro   0x0000000000000000       0xc4 Src/Tests/014_USART_Tx.o
 .debug_macro   0x0000000000000000       0xc4 Src/Tests/014_USART_Tx.o
 .debug_macro   0x0000000000000000       0xd0 Src/Tests/014_USART_Tx.o
 .debug_macro   0x0000000000000000       0xd6 Src/Tests/014_USART_Tx.o
 .group         0x0000000000000000        0xc Src/syscalls.o
 .group         0x0000000000000000        0xc Src/syscalls.o
 .group         0x0000000000000000        0xc Src/syscalls.o
 .group         0x0000000000000000        0xc Src/syscalls.o
 .group         0x0000000000000000        0xc Src/syscalls.o
 .group         0x0000000000000000        0xc Src/syscalls.o
 .group         0x0000000000000000        0xc Src/syscalls.o
 .group         0x0000000000000000        0xc Src/syscalls.o
 .group         0x0000000000000000        0xc Src/syscalls.o
 .group         0x0000000000000000        0xc Src/syscalls.o
 .group         0x0000000000000000        0xc Src/syscalls.o
 .group         0x0000000000000000        0xc Src/syscalls.o
 .group         0x0000000000000000        0xc Src/syscalls.o
 .group         0x0000000000000000        0xc Src/syscalls.o
 .group         0x0000000000000000        0xc Src/syscalls.o
 .group         0x0000000000000000        0xc Src/syscalls.o
 .group         0x0000000000000000        0xc Src/syscalls.o
 .group         0x0000000000000000        0xc Src/syscalls.o
 .group         0x0000000000000000        0xc Src/syscalls.o
 .group         0x0000000000000000        0xc Src/syscalls.o
 .group         0x0000000000000000        0xc Src/syscalls.o
 .group         0x0000000000000000        0xc Src/syscalls.o
 .group         0x0000000000000000        0xc Src/syscalls.o
 .group         0x0000000000000000        0xc Src/syscalls.o
 .group         0x0000000000000000        0xc Src/syscalls.o
 .group         0x0000000000000000        0xc Src/syscalls.o
 .group         0x0000000000000000        0xc Src/syscalls.o
 .group         0x0000000000000000        0xc Src/syscalls.o
 .group         0x0000000000000000        0xc Src/syscalls.o
 .group         0x0000000000000000        0xc Src/syscalls.o
 .group         0x0000000000000000        0xc Src/syscalls.o
 .group         0x0000000000000000        0xc Src/syscalls.o
 .group         0x0000000000000000        0xc Src/syscalls.o
 .group         0x0000000000000000        0xc Src/syscalls.o
 .group         0x0000000000000000        0xc Src/syscalls.o
 .group         0x0000000000000000        0xc Src/syscalls.o
 .group         0x0000000000000000        0xc Src/syscalls.o
 .group         0x0000000000000000        0xc Src/syscalls.o
 .group         0x0000000000000000        0xc Src/syscalls.o
 .group         0x0000000000000000        0xc Src/syscalls.o
 .group         0x0000000000000000        0xc Src/syscalls.o
 .group         0x0000000000000000        0xc Src/syscalls.o
 .group         0x0000000000000000        0xc Src/syscalls.o
 .group         0x0000000000000000        0xc Src/syscalls.o
 .text          0x0000000000000000        0x0 Src/syscalls.o
 .data          0x0000000000000000        0x0 Src/syscalls.o
 .bss           0x0000000000000000        0x0 Src/syscalls.o
 .text.ITM_SendChar
                0x0000000000000000       0x4c Src/syscalls.o
 .bss.__env     0x0000000000000000        0x4 Src/syscalls.o
 .data.environ  0x0000000000000000        0x4 Src/syscalls.o
 .text.initialise_monitor_handles
                0x0000000000000000        0xc Src/syscalls.o
 .text._getpid  0x0000000000000000        0xe Src/syscalls.o
 .text._kill    0x0000000000000000       0x20 Src/syscalls.o
 .text._exit    0x0000000000000000       0x14 Src/syscalls.o
 .text._read    0x0000000000000000       0x3a Src/syscalls.o
 .text._write   0x0000000000000000       0x38 Src/syscalls.o
 .text._close   0x0000000000000000       0x16 Src/syscalls.o
 .text._fstat   0x0000000000000000       0x1e Src/syscalls.o
 .text._isatty  0x0000000000000000       0x14 Src/syscalls.o
 .text._lseek   0x0000000000000000       0x18 Src/syscalls.o
 .text._open    0x0000000000000000       0x1a Src/syscalls.o
 .text._wait    0x0000000000000000       0x1e Src/syscalls.o
 .text._unlink  0x0000000000000000       0x1e Src/syscalls.o
 .text._times   0x0000000000000000       0x16 Src/syscalls.o
 .text._stat    0x0000000000000000       0x1e Src/syscalls.o
 .text._link    0x0000000000000000       0x20 Src/syscalls.o
 .text._fork    0x0000000000000000       0x16 Src/syscalls.o
 .text._execve  0x0000000000000000       0x22 Src/syscalls.o
 .debug_info    0x0000000000000000      0xefd Src/syscalls.o
 .debug_abbrev  0x0000000000000000      0x279 Src/syscalls.o
 .debug_aranges
                0x0000000000000000       0xb0 Src/syscalls.o
 .debug_ranges  0x0000000000000000       0xa0 Src/syscalls.o
 .debug_macro   0x0000000000000000      0x255 Src/syscalls.o
 .debug_macro   0x0000000000000000      0xa66 Src/syscalls.o
 .debug_macro   0x0000000000000000       0x22 Src/syscalls.o
 .debug_macro   0x0000000000000000       0x40 Src/syscalls.o
 .debug_macro   0x0000000000000000       0x18 Src/syscalls.o
 .debug_macro   0x0000000000000000       0x94 Src/syscalls.o
 .debug_macro   0x0000000000000000       0x3c Src/syscalls.o
 .debug_macro   0x0000000000000000       0x34 Src/syscalls.o
 .debug_macro   0x0000000000000000       0x57 Src/syscalls.o
 .debug_macro   0x0000000000000000      0x174 Src/syscalls.o
 .debug_macro   0x0000000000000000      0x330 Src/syscalls.o
 .debug_macro   0x0000000000000000       0x52 Src/syscalls.o
 .debug_macro   0x0000000000000000       0x1f Src/syscalls.o
 .debug_macro   0x0000000000000000       0x43 Src/syscalls.o
 .debug_macro   0x0000000000000000       0x20 Src/syscalls.o
 .debug_macro   0x0000000000000000      0x1a3 Src/syscalls.o
 .debug_macro   0x0000000000000000       0x10 Src/syscalls.o
 .debug_macro   0x0000000000000000       0x35 Src/syscalls.o
 .debug_macro   0x0000000000000000       0x10 Src/syscalls.o
 .debug_macro   0x0000000000000000       0x10 Src/syscalls.o
 .debug_macro   0x0000000000000000       0x10 Src/syscalls.o
 .debug_macro   0x0000000000000000       0x6a Src/syscalls.o
 .debug_macro   0x0000000000000000       0x1c Src/syscalls.o
 .debug_macro   0x0000000000000000       0x52 Src/syscalls.o
 .debug_macro   0x0000000000000000       0x40 Src/syscalls.o
 .debug_macro   0x0000000000000000       0x10 Src/syscalls.o
 .debug_macro   0x0000000000000000       0x40 Src/syscalls.o
 .debug_macro   0x0000000000000000       0xd7 Src/syscalls.o
 .debug_macro   0x0000000000000000       0x1c Src/syscalls.o
 .debug_macro   0x0000000000000000       0x3d Src/syscalls.o
 .debug_macro   0x0000000000000000       0x35 Src/syscalls.o
 .debug_macro   0x0000000000000000      0x122 Src/syscalls.o
 .debug_macro   0x0000000000000000       0x16 Src/syscalls.o
 .debug_macro   0x0000000000000000       0x16 Src/syscalls.o
 .debug_macro   0x0000000000000000       0x29 Src/syscalls.o
 .debug_macro   0x0000000000000000       0x10 Src/syscalls.o
 .debug_macro   0x0000000000000000      0x241 Src/syscalls.o
 .debug_macro   0x0000000000000000       0x1c Src/syscalls.o
 .debug_macro   0x0000000000000000       0x10 Src/syscalls.o
 .debug_macro   0x0000000000000000       0x10 Src/syscalls.o
 .debug_macro   0x0000000000000000       0x16 Src/syscalls.o
 .debug_macro   0x0000000000000000      0x145 Src/syscalls.o
 .debug_macro   0x0000000000000000      0x189 Src/syscalls.o
 .debug_macro   0x0000000000000000       0x16 Src/syscalls.o
 .debug_macro   0x0000000000000000       0x88 Src/syscalls.o
 .debug_line    0x0000000000000000      0x759 Src/syscalls.o
 .debug_str     0x0000000000000000     0x8946 Src/syscalls.o
 .comment       0x0000000000000000       0x7c Src/syscalls.o
 .debug_frame   0x0000000000000000      0x2d4 Src/syscalls.o
 .ARM.attributes
                0x0000000000000000       0x33 Src/syscalls.o
 .group         0x0000000000000000        0xc Src/sysmem.o
 .group         0x0000000000000000        0xc Src/sysmem.o
 .group         0x0000000000000000        0xc Src/sysmem.o
 .group         0x0000000000000000        0xc Src/sysmem.o
 .group         0x0000000000000000        0xc Src/sysmem.o
 .group         0x0000000000000000        0xc Src/sysmem.o
 .group         0x0000000000000000        0xc Src/sysmem.o
 .group         0x0000000000000000        0xc Src/sysmem.o
 .group         0x0000000000000000        0xc Src/sysmem.o
 .group         0x0000000000000000        0xc Src/sysmem.o
 .group         0x0000000000000000        0xc Src/sysmem.o
 .group         0x0000000000000000        0xc Src/sysmem.o
 .group         0x0000000000000000        0xc Src/sysmem.o
 .group         0x0000000000000000        0xc Src/sysmem.o
 .group         0x0000000000000000        0xc Src/sysmem.o
 .group         0x0000000000000000        0xc Src/sysmem.o
 .group         0x0000000000000000        0xc Src/sysmem.o
 .group         0x0000000000000000        0xc Src/sysmem.o
 .group         0x0000000000000000        0xc Src/sysmem.o
 .group         0x0000000000000000        0xc Src/sysmem.o
 .group         0x0000000000000000        0xc Src/sysmem.o
 .group         0x0000000000000000        0xc Src/sysmem.o
 .group         0x0000000000000000        0xc Src/sysmem.o
 .group         0x0000000000000000        0xc Src/sysmem.o
 .group         0x0000000000000000        0xc Src/sysmem.o
 .group         0x0000000000000000        0xc Src/sysmem.o
 .group         0x0000000000000000        0xc Src/sysmem.o
 .group         0x0000000000000000        0xc Src/sysmem.o
 .group         0x0000000000000000        0xc Src/sysmem.o
 .group         0x0000000000000000        0xc Src/sysmem.o
 .group         0x0000000000000000        0xc Src/sysmem.o
 .group         0x0000000000000000        0xc Src/sysmem.o
 .text          0x0000000000000000        0x0 Src/sysmem.o
 .data          0x0000000000000000        0x0 Src/sysmem.o
 .bss           0x0000000000000000        0x0 Src/sysmem.o
 .bss.heap_end.5149
                0x0000000000000000        0x4 Src/sysmem.o
 .text._sbrk    0x0000000000000000       0x58 Src/sysmem.o
 .debug_info    0x0000000000000000      0x91c Src/sysmem.o
 .debug_abbrev  0x0000000000000000      0x1bb Src/sysmem.o
 .debug_aranges
                0x0000000000000000       0x20 Src/sysmem.o
 .debug_ranges  0x0000000000000000       0x10 Src/sysmem.o
 .debug_macro   0x0000000000000000      0x1ae Src/sysmem.o
 .debug_macro   0x0000000000000000      0xa66 Src/sysmem.o
 .debug_macro   0x0000000000000000       0x10 Src/sysmem.o
 .debug_macro   0x0000000000000000       0x22 Src/sysmem.o
 .debug_macro   0x0000000000000000       0x40 Src/sysmem.o
 .debug_macro   0x0000000000000000       0x18 Src/sysmem.o
 .debug_macro   0x0000000000000000       0x94 Src/sysmem.o
 .debug_macro   0x0000000000000000       0x3c Src/sysmem.o
 .debug_macro   0x0000000000000000       0x34 Src/sysmem.o
 .debug_macro   0x0000000000000000      0x174 Src/sysmem.o
 .debug_macro   0x0000000000000000       0x57 Src/sysmem.o
 .debug_macro   0x0000000000000000       0x52 Src/sysmem.o
 .debug_macro   0x0000000000000000       0x1f Src/sysmem.o
 .debug_macro   0x0000000000000000       0x43 Src/sysmem.o
 .debug_macro   0x0000000000000000       0x20 Src/sysmem.o
 .debug_macro   0x0000000000000000      0x1a3 Src/sysmem.o
 .debug_macro   0x0000000000000000      0x23b Src/sysmem.o
 .debug_macro   0x0000000000000000       0x16 Src/sysmem.o
 .debug_macro   0x0000000000000000       0x35 Src/sysmem.o
 .debug_macro   0x0000000000000000      0x330 Src/sysmem.o
 .debug_macro   0x0000000000000000       0x10 Src/sysmem.o
 .debug_macro   0x0000000000000000       0x10 Src/sysmem.o
 .debug_macro   0x0000000000000000       0x6a Src/sysmem.o
 .debug_macro   0x0000000000000000       0x1c Src/sysmem.o
 .debug_macro   0x0000000000000000       0x52 Src/sysmem.o
 .debug_macro   0x0000000000000000       0x40 Src/sysmem.o
 .debug_macro   0x0000000000000000       0x10 Src/sysmem.o
 .debug_macro   0x0000000000000000       0x40 Src/sysmem.o
 .debug_macro   0x0000000000000000       0xd7 Src/sysmem.o
 .debug_macro   0x0000000000000000       0x1c Src/sysmem.o
 .debug_macro   0x0000000000000000       0x3d Src/sysmem.o
 .debug_macro   0x0000000000000000       0x16 Src/sysmem.o
 .debug_macro   0x0000000000000000      0x145 Src/sysmem.o
 .debug_line    0x0000000000000000      0x559 Src/sysmem.o
 .debug_str     0x0000000000000000     0x7ae4 Src/sysmem.o
 .comment       0x0000000000000000       0x7c Src/sysmem.o
 .debug_frame   0x0000000000000000       0x34 Src/sysmem.o
 .ARM.attributes
                0x0000000000000000       0x33 Src/sysmem.o
 .text          0x0000000000000000       0x14 Startup/startup_stm32f446retx.o
 .data          0x0000000000000000        0x0 Startup/startup_stm32f446retx.o
 .bss           0x0000000000000000        0x0 Startup/startup_stm32f446retx.o
 .text          0x0000000000000000        0x0 d:/st/stm32cubeide_1.1.0/stm32cubeide/plugins/com.st.stm32cube.ide.mcu.externaltools.gnu-tools-for-stm32.7-2018-q2-update.win32_1.0.0.201904181610/tools/bin/../lib/gcc/arm-none-eabi/7.3.1/../../../../arm-none-eabi/lib/thumb/v7e-m\libc_nano.a(lib_a-errno.o)
 .data          0x0000000000000000        0x0 d:/st/stm32cubeide_1.1.0/stm32cubeide/plugins/com.st.stm32cube.ide.mcu.externaltools.gnu-tools-for-stm32.7-2018-q2-update.win32_1.0.0.201904181610/tools/bin/../lib/gcc/arm-none-eabi/7.3.1/../../../../arm-none-eabi/lib/thumb/v7e-m\libc_nano.a(lib_a-errno.o)
 .bss           0x0000000000000000        0x0 d:/st/stm32cubeide_1.1.0/stm32cubeide/plugins/com.st.stm32cube.ide.mcu.externaltools.gnu-tools-for-stm32.7-2018-q2-update.win32_1.0.0.201904181610/tools/bin/../lib/gcc/arm-none-eabi/7.3.1/../../../../arm-none-eabi/lib/thumb/v7e-m\libc_nano.a(lib_a-errno.o)
 .text.__errno  0x0000000000000000        0xc d:/st/stm32cubeide_1.1.0/stm32cubeide/plugins/com.st.stm32cube.ide.mcu.externaltools.gnu-tools-for-stm32.7-2018-q2-update.win32_1.0.0.201904181610/tools/bin/../lib/gcc/arm-none-eabi/7.3.1/../../../../arm-none-eabi/lib/thumb/v7e-m\libc_nano.a(lib_a-errno.o)
 .debug_frame   0x0000000000000000       0x20 d:/st/stm32cubeide_1.1.0/stm32cubeide/plugins/com.st.stm32cube.ide.mcu.externaltools.gnu-tools-for-stm32.7-2018-q2-update.win32_1.0.0.201904181610/tools/bin/../lib/gcc/arm-none-eabi/7.3.1/../../../../arm-none-eabi/lib/thumb/v7e-m\libc_nano.a(lib_a-errno.o)
 .ARM.attributes
                0x0000000000000000       0x2e d:/st/stm32cubeide_1.1.0/stm32cubeide/plugins/com.st.stm32cube.ide.mcu.externaltools.gnu-tools-for-stm32.7-2018-q2-update.win32_1.0.0.201904181610/tools/bin/../lib/gcc/arm-none-eabi/7.3.1/../../../../arm-none-eabi/lib/thumb/v7e-m\libc_nano.a(lib_a-errno.o)
 .text          0x0000000000000000        0x0 d:/st/stm32cubeide_1.1.0/stm32cubeide/plugins/com.st.stm32cube.ide.mcu.externaltools.gnu-tools-for-stm32.7-2018-q2-update.win32_1.0.0.201904181610/tools/bin/../lib/gcc/arm-none-eabi/7.3.1/../../../../arm-none-eabi/lib/thumb/v7e-m\libc_nano.a(lib_a-exit.o)
 .data          0x0000000000000000        0x0 d:/st/stm32cubeide_1.1.0/stm32cubeide/plugins/com.st.stm32cube.ide.mcu.externaltools.gnu-tools-for-stm32.7-2018-q2-update.win32_1.0.0.201904181610/tools/bin/../lib/gcc/arm-none-eabi/7.3.1/../../../../arm-none-eabi/lib/thumb/v7e-m\libc_nano.a(lib_a-exit.o)
 .bss           0x0000000000000000        0x0 d:/st/stm32cubeide_1.1.0/stm32cubeide/plugins/com.st.stm32cube.ide.mcu.externaltools.gnu-tools-for-stm32.7-2018-q2-update.win32_1.0.0.201904181610/tools/bin/../lib/gcc/arm-none-eabi/7.3.1/../../../../arm-none-eabi/lib/thumb/v7e-m\libc_nano.a(lib_a-exit.o)
 .text.exit     0x0000000000000000       0x28 d:/st/stm32cubeide_1.1.0/stm32cubeide/plugins/com.st.stm32cube.ide.mcu.externaltools.gnu-tools-for-stm32.7-2018-q2-update.win32_1.0.0.201904181610/tools/bin/../lib/gcc/arm-none-eabi/7.3.1/../../../../arm-none-eabi/lib/thumb/v7e-m\libc_nano.a(lib_a-exit.o)
 .debug_frame   0x0000000000000000       0x28 d:/st/stm32cubeide_1.1.0/stm32cubeide/plugins/com.st.stm32cube.ide.mcu.externaltools.gnu-tools-for-stm32.7-2018-q2-update.win32_1.0.0.201904181610/tools/bin/../lib/gcc/arm-none-eabi/7.3.1/../../../../arm-none-eabi/lib/thumb/v7e-m\libc_nano.a(lib_a-exit.o)
 .ARM.attributes
                0x0000000000000000       0x2e d:/st/stm32cubeide_1.1.0/stm32cubeide/plugins/com.st.stm32cube.ide.mcu.externaltools.gnu-tools-for-stm32.7-2018-q2-update.win32_1.0.0.201904181610/tools/bin/../lib/gcc/arm-none-eabi/7.3.1/../../../../arm-none-eabi/lib/thumb/v7e-m\libc_nano.a(lib_a-exit.o)
 .text          0x0000000000000000        0x0 d:/st/stm32cubeide_1.1.0/stm32cubeide/plugins/com.st.stm32cube.ide.mcu.externaltools.gnu-tools-for-stm32.7-2018-q2-update.win32_1.0.0.201904181610/tools/bin/../lib/gcc/arm-none-eabi/7.3.1/../../../../arm-none-eabi/lib/thumb/v7e-m\libc_nano.a(lib_a-impure.o)
 .data          0x0000000000000000        0x0 d:/st/stm32cubeide_1.1.0/stm32cubeide/plugins/com.st.stm32cube.ide.mcu.externaltools.gnu-tools-for-stm32.7-2018-q2-update.win32_1.0.0.201904181610/tools/bin/../lib/gcc/arm-none-eabi/7.3.1/../../../../arm-none-eabi/lib/thumb/v7e-m\libc_nano.a(lib_a-impure.o)
 .bss           0x0000000000000000        0x0 d:/st/stm32cubeide_1.1.0/stm32cubeide/plugins/com.st.stm32cube.ide.mcu.externaltools.gnu-tools-for-stm32.7-2018-q2-update.win32_1.0.0.201904181610/tools/bin/../lib/gcc/arm-none-eabi/7.3.1/../../../../arm-none-eabi/lib/thumb/v7e-m\libc_nano.a(lib_a-impure.o)
 .data._impure_ptr
                0x0000000000000000        0x4 d:/st/stm32cubeide_1.1.0/stm32cubeide/plugins/com.st.stm32cube.ide.mcu.externaltools.gnu-tools-for-stm32.7-2018-q2-update.win32_1.0.0.201904181610/tools/bin/../lib/gcc/arm-none-eabi/7.3.1/../../../../arm-none-eabi/lib/thumb/v7e-m\libc_nano.a(lib_a-impure.o)
 .data.impure_data
                0x0000000000000000       0x60 d:/st/stm32cubeide_1.1.0/stm32cubeide/plugins/com.st.stm32cube.ide.mcu.externaltools.gnu-tools-for-stm32.7-2018-q2-update.win32_1.0.0.201904181610/tools/bin/../lib/gcc/arm-none-eabi/7.3.1/../../../../arm-none-eabi/lib/thumb/v7e-m\libc_nano.a(lib_a-impure.o)
 .rodata._global_impure_ptr
                0x0000000000000000        0x4 d:/st/stm32cubeide_1.1.0/stm32cubeide/plugins/com.st.stm32cube.ide.mcu.externaltools.gnu-tools-for-stm32.7-2018-q2-update.win32_1.0.0.201904181610/tools/bin/../lib/gcc/arm-none-eabi/7.3.1/../../../../arm-none-eabi/lib/thumb/v7e-m\libc_nano.a(lib_a-impure.o)
 .ARM.attributes
                0x0000000000000000       0x2e d:/st/stm32cubeide_1.1.0/stm32cubeide/plugins/com.st.stm32cube.ide.mcu.externaltools.gnu-tools-for-stm32.7-2018-q2-update.win32_1.0.0.201904181610/tools/bin/../lib/gcc/arm-none-eabi/7.3.1/../../../../arm-none-eabi/lib/thumb/v7e-m\libc_nano.a(lib_a-impure.o)
 .text          0x0000000000000000        0x0 d:/st/stm32cubeide_1.1.0/stm32cubeide/plugins/com.st.stm32cube.ide.mcu.externaltools.gnu-tools-for-stm32.7-2018-q2-update.win32_1.0.0.201904181610/tools/bin/../lib/gcc/arm-none-eabi/7.3.1/../../../../arm-none-eabi/lib/thumb/v7e-m\libc_nano.a(lib_a-init.o)
 .data          0x0000000000000000        0x0 d:/st/stm32cubeide_1.1.0/stm32cubeide/plugins/com.st.stm32cube.ide.mcu.externaltools.gnu-tools-for-stm32.7-2018-q2-update.win32_1.0.0.201904181610/tools/bin/../lib/gcc/arm-none-eabi/7.3.1/../../../../arm-none-eabi/lib/thumb/v7e-m\libc_nano.a(lib_a-init.o)
 .bss           0x0000000000000000        0x0 d:/st/stm32cubeide_1.1.0/stm32cubeide/plugins/com.st.stm32cube.ide.mcu.externaltools.gnu-tools-for-stm32.7-2018-q2-update.win32_1.0.0.201904181610/tools/bin/../lib/gcc/arm-none-eabi/7.3.1/../../../../arm-none-eabi/lib/thumb/v7e-m\libc_nano.a(lib_a-init.o)
 .text          0x0000000000000000        0x0 d:/st/stm32cubeide_1.1.0/stm32cubeide/plugins/com.st.stm32cube.ide.mcu.externaltools.gnu-tools-for-stm32.7-2018-q2-update.win32_1.0.0.201904181610/tools/bin/../lib/gcc/arm-none-eabi/7.3.1/../../../../arm-none-eabi/lib/thumb/v7e-m\libc_nano.a(lib_a-memset.o)
 .data          0x0000000000000000        0x0 d:/st/stm32cubeide_1.1.0/stm32cubeide/plugins/com.st.stm32cube.ide.mcu.externaltools.gnu-tools-for-stm32.7-2018-q2-update.win32_1.0.0.201904181610/tools/bin/../lib/gcc/arm-none-eabi/7.3.1/../../../../arm-none-eabi/lib/thumb/v7e-m\libc_nano.a(lib_a-memset.o)
 .bss           0x0000000000000000        0x0 d:/st/stm32cubeide_1.1.0/stm32cubeide/plugins/com.st.stm32cube.ide.mcu.externaltools.gnu-tools-for-stm32.7-2018-q2-update.win32_1.0.0.201904181610/tools/bin/../lib/gcc/arm-none-eabi/7.3.1/../../../../arm-none-eabi/lib/thumb/v7e-m\libc_nano.a(lib_a-memset.o)
 .text.memset   0x0000000000000000       0x10 d:/st/stm32cubeide_1.1.0/stm32cubeide/plugins/com.st.stm32cube.ide.mcu.externaltools.gnu-tools-for-stm32.7-2018-q2-update.win32_1.0.0.201904181610/tools/bin/../lib/gcc/arm-none-eabi/7.3.1/../../../../arm-none-eabi/lib/thumb/v7e-m\libc_nano.a(lib_a-memset.o)
 .debug_frame   0x0000000000000000       0x20 d:/st/stm32cubeide_1.1.0/stm32cubeide/plugins/com.st.stm32cube.ide.mcu.externaltools.gnu-tools-for-stm32.7-2018-q2-update.win32_1.0.0.201904181610/tools/bin/../lib/gcc/arm-none-eabi/7.3.1/../../../../arm-none-eabi/lib/thumb/v7e-m\libc_nano.a(lib_a-memset.o)
 .ARM.attributes
                0x0000000000000000       0x2e d:/st/stm32cubeide_1.1.0/stm32cubeide/plugins/com.st.stm32cube.ide.mcu.externaltools.gnu-tools-for-stm32.7-2018-q2-update.win32_1.0.0.201904181610/tools/bin/../lib/gcc/arm-none-eabi/7.3.1/../../../../arm-none-eabi/lib/thumb/v7e-m\libc_nano.a(lib_a-memset.o)
 .data          0x0000000000000000        0x0 d:/st/stm32cubeide_1.1.0/stm32cubeide/plugins/com.st.stm32cube.ide.mcu.externaltools.gnu-tools-for-stm32.7-2018-q2-update.win32_1.0.0.201904181610/tools/bin/../lib/gcc/arm-none-eabi/7.3.1/../../../../arm-none-eabi/lib/thumb/v7e-m\libc_nano.a(lib_a-strlen.o)
 .bss           0x0000000000000000        0x0 d:/st/stm32cubeide_1.1.0/stm32cubeide/plugins/com.st.stm32cube.ide.mcu.externaltools.gnu-tools-for-stm32.7-2018-q2-update.win32_1.0.0.201904181610/tools/bin/../lib/gcc/arm-none-eabi/7.3.1/../../../../arm-none-eabi/lib/thumb/v7e-m\libc_nano.a(lib_a-strlen.o)
 .text          0x0000000000000000        0x0 d:/st/stm32cubeide_1.1.0/stm32cubeide/plugins/com.st.stm32cube.ide.mcu.externaltools.gnu-tools-for-stm32.7-2018-q2-update.win32_1.0.0.201904181610/tools/bin/../lib/gcc/arm-none-eabi/7.3.1/thumb/v7e-m/crtend.o
 .data          0x0000000000000000        0x0 d:/st/stm32cubeide_1.1.0/stm32cubeide/plugins/com.st.stm32cube.ide.mcu.externaltools.gnu-tools-for-stm32.7-2018-q2-update.win32_1.0.0.201904181610/tools/bin/../lib/gcc/arm-none-eabi/7.3.1/thumb/v7e-m/crtend.o
 .bss           0x0000000000000000        0x0 d:/st/stm32cubeide_1.1.0/stm32cubeide/plugins/com.st.stm32cube.ide.mcu.externaltools.gnu-tools-for-stm32.7-2018-q2-update.win32_1.0.0.201904181610/tools/bin/../lib/gcc/arm-none-eabi/7.3.1/thumb/v7e-m/crtend.o
 .eh_frame      0x0000000000000000        0x4 d:/st/stm32cubeide_1.1.0/stm32cubeide/plugins/com.st.stm32cube.ide.mcu.externaltools.gnu-tools-for-stm32.7-2018-q2-update.win32_1.0.0.201904181610/tools/bin/../lib/gcc/arm-none-eabi/7.3.1/thumb/v7e-m/crtend.o
 .ARM.attributes
                0x0000000000000000       0x2e d:/st/stm32cubeide_1.1.0/stm32cubeide/plugins/com.st.stm32cube.ide.mcu.externaltools.gnu-tools-for-stm32.7-2018-q2-update.win32_1.0.0.201904181610/tools/bin/../lib/gcc/arm-none-eabi/7.3.1/thumb/v7e-m/crtend.o
 .text          0x0000000000000000        0x0 d:/st/stm32cubeide_1.1.0/stm32cubeide/plugins/com.st.stm32cube.ide.mcu.externaltools.gnu-tools-for-stm32.7-2018-q2-update.win32_1.0.0.201904181610/tools/bin/../lib/gcc/arm-none-eabi/7.3.1/thumb/v7e-m/crtn.o
 .data          0x0000000000000000        0x0 d:/st/stm32cubeide_1.1.0/stm32cubeide/plugins/com.st.stm32cube.ide.mcu.externaltools.gnu-tools-for-stm32.7-2018-q2-update.win32_1.0.0.201904181610/tools/bin/../lib/gcc/arm-none-eabi/7.3.1/thumb/v7e-m/crtn.o
 .bss           0x0000000000000000        0x0 d:/st/stm32cubeide_1.1.0/stm32cubeide/plugins/com.st.stm32cube.ide.mcu.externaltools.gnu-tools-for-stm32.7-2018-q2-update.win32_1.0.0.201904181610/tools/bin/../lib/gcc/arm-none-eabi/7.3.1/thumb/v7e-m/crtn.o

Memory Configuration

Name             Origin             Length             Attributes
RAM              0x0000000020000000 0x0000000000020000 xrw
ROM              0x0000000008000000 0x0000000000080000 xr
*default*        0x0000000000000000 0xffffffffffffffff

Linker script and memory map

LOAD d:/st/stm32cubeide_1.1.0/stm32cubeide/plugins/com.st.stm32cube.ide.mcu.externaltools.gnu-tools-for-stm32.7-2018-q2-update.win32_1.0.0.201904181610/tools/bin/../lib/gcc/arm-none-eabi/7.3.1/thumb/v7e-m/crti.o
LOAD d:/st/stm32cubeide_1.1.0/stm32cubeide/plugins/com.st.stm32cube.ide.mcu.externaltools.gnu-tools-for-stm32.7-2018-q2-update.win32_1.0.0.201904181610/tools/bin/../lib/gcc/arm-none-eabi/7.3.1/thumb/v7e-m/crtbegin.o
LOAD d:/st/stm32cubeide_1.1.0/stm32cubeide/plugins/com.st.stm32cube.ide.mcu.externaltools.gnu-tools-for-stm32.7-2018-q2-update.win32_1.0.0.201904181610/tools/bin/../lib/gcc/arm-none-eabi/7.3.1/../../../../arm-none-eabi/lib/thumb/v7e-m/crt0.o
LOAD Drivers/src/stm32f446xx_gpio_driver.o
LOAD Drivers/src/stm32f446xx_i2c_driver.o
LOAD Drivers/src/stm32f446xx_spi_driver.o
LOAD Drivers/src/stm32f446xx_usart_driver.o
LOAD Drivers/src/stm32f466xx_rcc_driver.o
LOAD Src/Tests/014_USART_Tx.o
LOAD Src/syscalls.o
LOAD Src/sysmem.o
LOAD Startup/startup_stm32f446retx.o
START GROUP
LOAD d:/st/stm32cubeide_1.1.0/stm32cubeide/plugins/com.st.stm32cube.ide.mcu.externaltools.gnu-tools-for-stm32.7-2018-q2-update.win32_1.0.0.201904181610/tools/bin/../lib/gcc/arm-none-eabi/7.3.1/../../../../arm-none-eabi/lib/thumb/v7e-m\libc_nano.a
LOAD d:/st/stm32cubeide_1.1.0/stm32cubeide/plugins/com.st.stm32cube.ide.mcu.externaltools.gnu-tools-for-stm32.7-2018-q2-update.win32_1.0.0.201904181610/tools/bin/../lib/gcc/arm-none-eabi/7.3.1/../../../../arm-none-eabi/lib/thumb/v7e-m\libm.a
END GROUP
START GROUP
LOAD d:/st/stm32cubeide_1.1.0/stm32cubeide/plugins/com.st.stm32cube.ide.mcu.externaltools.gnu-tools-for-stm32.7-2018-q2-update.win32_1.0.0.201904181610/tools/bin/../lib/gcc/arm-none-eabi/7.3.1/thumb/v7e-m\libgcc.a
LOAD d:/st/stm32cubeide_1.1.0/stm32cubeide/plugins/com.st.stm32cube.ide.mcu.externaltools.gnu-tools-for-stm32.7-2018-q2-update.win32_1.0.0.201904181610/tools/bin/../lib/gcc/arm-none-eabi/7.3.1/../../../../arm-none-eabi/lib/thumb/v7e-m\libc_nano.a
END GROUP
START GROUP
LOAD d:/st/stm32cubeide_1.1.0/stm32cubeide/plugins/com.st.stm32cube.ide.mcu.externaltools.gnu-tools-for-stm32.7-2018-q2-update.win32_1.0.0.201904181610/tools/bin/../lib/gcc/arm-none-eabi/7.3.1/thumb/v7e-m\libgcc.a
LOAD d:/st/stm32cubeide_1.1.0/stm32cubeide/plugins/com.st.stm32cube.ide.mcu.externaltools.gnu-tools-for-stm32.7-2018-q2-update.win32_1.0.0.201904181610/tools/bin/../lib/gcc/arm-none-eabi/7.3.1/../../../../arm-none-eabi/lib/thumb/v7e-m\libc_nano.a
LOAD d:/st/stm32cubeide_1.1.0/stm32cubeide/plugins/com.st.stm32cube.ide.mcu.externaltools.gnu-tools-for-stm32.7-2018-q2-update.win32_1.0.0.201904181610/tools/bin/../lib/gcc/arm-none-eabi/7.3.1/../../../../arm-none-eabi/lib/thumb/v7e-m\libnosys.a
END GROUP
START GROUP
LOAD d:/st/stm32cubeide_1.1.0/stm32cubeide/plugins/com.st.stm32cube.ide.mcu.externaltools.gnu-tools-for-stm32.7-2018-q2-update.win32_1.0.0.201904181610/tools/bin/../lib/gcc/arm-none-eabi/7.3.1/thumb/v7e-m\libgcc.a
LOAD d:/st/stm32cubeide_1.1.0/stm32cubeide/plugins/com.st.stm32cube.ide.mcu.externaltools.gnu-tools-for-stm32.7-2018-q2-update.win32_1.0.0.201904181610/tools/bin/../lib/gcc/arm-none-eabi/7.3.1/../../../../arm-none-eabi/lib/thumb/v7e-m\libc_nano.a
LOAD d:/st/stm32cubeide_1.1.0/stm32cubeide/plugins/com.st.stm32cube.ide.mcu.externaltools.gnu-tools-for-stm32.7-2018-q2-update.win32_1.0.0.201904181610/tools/bin/../lib/gcc/arm-none-eabi/7.3.1/../../../../arm-none-eabi/lib/thumb/v7e-m\libnosys.a
END GROUP
LOAD d:/st/stm32cubeide_1.1.0/stm32cubeide/plugins/com.st.stm32cube.ide.mcu.externaltools.gnu-tools-for-stm32.7-2018-q2-update.win32_1.0.0.201904181610/tools/bin/../lib/gcc/arm-none-eabi/7.3.1/thumb/v7e-m/crtend.o
LOAD d:/st/stm32cubeide_1.1.0/stm32cubeide/plugins/com.st.stm32cube.ide.mcu.externaltools.gnu-tools-for-stm32.7-2018-q2-update.win32_1.0.0.201904181610/tools/bin/../lib/gcc/arm-none-eabi/7.3.1/thumb/v7e-m/crtn.o
                0x0000000020020000                _estack = (ORIGIN (RAM) + LENGTH (RAM))
                0x0000000000000200                _Min_Heap_Size = 0x200
                0x0000000000000400                _Min_Stack_Size = 0x400

.isr_vector     0x0000000008000000      0x1c4
                0x0000000008000000                . = ALIGN (0x4)
 *(.isr_vector)
 .isr_vector    0x0000000008000000      0x1c4 Startup/startup_stm32f446retx.o
                0x0000000008000000                g_pfnVectors
                0x00000000080001c4                . = ALIGN (0x4)

.text           0x00000000080001c4      0xcf8
                0x00000000080001c4                . = ALIGN (0x4)
 *(.text)
 .text          0x00000000080001c4       0x40 d:/st/stm32cubeide_1.1.0/stm32cubeide/plugins/com.st.stm32cube.ide.mcu.externaltools.gnu-tools-for-stm32.7-2018-q2-update.win32_1.0.0.201904181610/tools/bin/../lib/gcc/arm-none-eabi/7.3.1/thumb/v7e-m/crtbegin.o
 .text          0x0000000008000204       0x10 d:/st/stm32cubeide_1.1.0/stm32cubeide/plugins/com.st.stm32cube.ide.mcu.externaltools.gnu-tools-for-stm32.7-2018-q2-update.win32_1.0.0.201904181610/tools/bin/../lib/gcc/arm-none-eabi/7.3.1/../../../../arm-none-eabi/lib/thumb/v7e-m\libc_nano.a(lib_a-strlen.o)
                0x0000000008000204                strlen
 *(.text*)
 .text.GPIO_PeriClockControl
                0x0000000008000214      0x1a0 Drivers/src/stm32f446xx_gpio_driver.o
                0x0000000008000214                GPIO_PeriClockControl
 .text.GPIO_Init
                0x00000000080003b4      0x334 Drivers/src/stm32f446xx_gpio_driver.o
                0x00000000080003b4                GPIO_Init
 .text.GPIO_ReadFromInputPin
                0x00000000080006e8       0x2a Drivers/src/stm32f446xx_gpio_driver.o
                0x00000000080006e8                GPIO_ReadFromInputPin
 *fill*         0x0000000008000712        0x2 
 .text.USART_PeriClockControl
                0x0000000008000714      0x140 Drivers/src/stm32f446xx_usart_driver.o
                0x0000000008000714                USART_PeriClockControl
 .text.USART_PeripheralControl
                0x0000000008000854       0x36 Drivers/src/stm32f446xx_usart_driver.o
                0x0000000008000854                USART_PeripheralControl
 .text.USART_Init
                0x000000000800088a      0x10e Drivers/src/stm32f446xx_usart_driver.o
                0x000000000800088a                USART_Init
 .text.USART_GetFlagStatus
                0x0000000008000998       0x26 Drivers/src/stm32f446xx_usart_driver.o
                0x0000000008000998                USART_GetFlagStatus
 .text.USART_SendData
                0x00000000080009be       0x9a Drivers/src/stm32f446xx_usart_driver.o
                0x00000000080009be                USART_SendData
 .text.USART_SetBaudRate
                0x0000000008000a58       0xe4 Drivers/src/stm32f446xx_usart_driver.o
                0x0000000008000a58                USART_SetBaudRate
 .text.RCC_GetPCLK1Value
                0x0000000008000b3c       0xb0 Drivers/src/stm32f466xx_rcc_driver.o
                0x0000000008000b3c                RCC_GetPCLK1Value
 .text.RCC_GetPCLK2Value
                0x0000000008000bec       0xb0 Drivers/src/stm32f466xx_rcc_driver.o
                0x0000000008000bec                RCC_GetPCLK2Value
 .text.RCC_GetPLLOutputClock
                0x0000000008000c9c        0xe Drivers/src/stm32f466xx_rcc_driver.o
                0x0000000008000c9c                RCC_GetPLLOutputClock
 *fill*         0x0000000008000caa        0x2 
 .text.USART3_Init
                0x0000000008000cac       0x44 Src/Tests/014_USART_Tx.o
                0x0000000008000cac                USART3_Init
 .text.USART3_GPIOInit
                0x0000000008000cf0       0x44 Src/Tests/014_USART_Tx.o
                0x0000000008000cf0                USART3_GPIOInit
 .text.GPIO_ButtonInit
                0x0000000008000d34       0x5c Src/Tests/014_USART_Tx.o
                0x0000000008000d34                GPIO_ButtonInit
 .text.delay    0x0000000008000d90       0x28 Src/Tests/014_USART_Tx.o
                0x0000000008000d90                delay
 .text.main     0x0000000008000db8       0x50 Src/Tests/014_USART_Tx.o
                0x0000000008000db8                main
 .text.Reset_Handler
                0x0000000008000e08       0x50 Startup/startup_stm32f446retx.o
                0x0000000008000e08                Reset_Handler
 .text.Default_Handler
                0x0000000008000e58        0x2 Startup/startup_stm32f446retx.o
                0x0000000008000e58                RTC_Alarm_IRQHandler
                0x0000000008000e58                EXTI2_IRQHandler
                0x0000000008000e58                TIM8_CC_IRQHandler
                0x0000000008000e58                SPDIF_Rx_IRQHandler
                0x0000000008000e58                DebugMon_Handler
                0x0000000008000e58                SPI4_IRQHandler
                0x0000000008000e58                TIM1_CC_IRQHandler
                0x0000000008000e58                QuadSPI_IRQHandler
                0x0000000008000e58                DMA2_Stream5_IRQHandler
                0x0000000008000e58                HardFault_Handler
                0x0000000008000e58                DMA1_Stream5_IRQHandler
                0x0000000008000e58                SysTick_Handler
                0x0000000008000e58                PVD_IRQHandler
                0x0000000008000e58                SDIO_IRQHandler
                0x0000000008000e58                TAMP_STAMP_IRQHandler
                0x0000000008000e58                PendSV_Handler
                0x0000000008000e58                NMI_Handler
                0x0000000008000e58                CAN2_RX1_IRQHandler
                0x0000000008000e58                EXTI3_IRQHandler
                0x0000000008000e58                TIM8_TRG_COM_TIM14_IRQHandler
                0x0000000008000e58                TIM1_UP_TIM10_IRQHandler
                0x0000000008000e58                FMPI2C1_error_IRQHandler
                0x0000000008000e58                TIM8_UP_TIM13_IRQHandler
                0x0000000008000e58                I2C3_ER_IRQHandler
                0x0000000008000e58                EXTI0_IRQHandler
                0x0000000008000e58                I2C2_EV_IRQHandler
                0x0000000008000e58                DMA1_Stream2_IRQHandler
                0x0000000008000e58                CAN1_RX0_IRQHandler
                0x0000000008000e58                FPU_IRQHandler
                0x0000000008000e58                OTG_HS_WKUP_IRQHandler
                0x0000000008000e58                UsageFault_Handler
                0x0000000008000e58                CAN2_SCE_IRQHandler
                0x0000000008000e58                DMA2_Stream2_IRQHandler
                0x0000000008000e58                SPI1_IRQHandler
                0x0000000008000e58                TIM6_DAC_IRQHandler
                0x0000000008000e58                TIM1_BRK_TIM9_IRQHandler
                0x0000000008000e58                DCMI_IRQHandler
                0x0000000008000e58                CAN2_RX0_IRQHandler
                0x0000000008000e58                DMA2_Stream3_IRQHandler
                0x0000000008000e58                FMPI2C1_IRQHandler
                0x0000000008000e58                SAI2_IRQHandler
                0x0000000008000e58                USART6_IRQHandler
                0x0000000008000e58                USART3_IRQHandler
                0x0000000008000e58                CAN1_RX1_IRQHandler
                0x0000000008000e58                UART5_IRQHandler
                0x0000000008000e58                DMA2_Stream0_IRQHandler
                0x0000000008000e58                TIM4_IRQHandler
                0x0000000008000e58                I2C1_EV_IRQHandler
                0x0000000008000e58                HDMI_CEC_IRQHandler
                0x0000000008000e58                DMA1_Stream6_IRQHandler
                0x0000000008000e58                DMA1_Stream1_IRQHandler
                0x0000000008000e58                UART4_IRQHandler
                0x0000000008000e58                TIM3_IRQHandler
                0x0000000008000e58                RCC_IRQHandler
                0x0000000008000e58                TIM8_BRK_TIM12_IRQHandler
                0x0000000008000e58                Default_Handler
                0x0000000008000e58                EXTI15_10_IRQHandler
                0x0000000008000e58                ADC_IRQHandler
                0x0000000008000e58                DMA1_Stream7_IRQHandler
                0x0000000008000e58                TIM7_IRQHandler
                0x0000000008000e58                CAN2_TX_IRQHandler
                0x0000000008000e58                TIM5_IRQHandler
                0x0000000008000e58                DMA2_Stream7_IRQHandler
                0x0000000008000e58                I2C3_EV_IRQHandler
                0x0000000008000e58                EXTI9_5_IRQHandler
                0x0000000008000e58                RTC_WKUP_IRQHandler
                0x0000000008000e58                SPI2_IRQHandler
                0x0000000008000e58                OTG_HS_EP1_IN_IRQHandler
                0x0000000008000e58                MemManage_Handler
                0x0000000008000e58                DMA1_Stream0_IRQHandler
                0x0000000008000e58                CAN1_TX_IRQHandler
                0x0000000008000e58                SVC_Handler
                0x0000000008000e58                EXTI4_IRQHandler
                0x0000000008000e58                OTG_HS_EP1_OUT_IRQHandler
                0x0000000008000e58                WWDG_IRQHandler
                0x0000000008000e58                TIM2_IRQHandler
                0x0000000008000e58                OTG_FS_WKUP_IRQHandler
                0x0000000008000e58                TIM1_TRG_COM_TIM11_IRQHandler
                0x0000000008000e58                OTG_HS_IRQHandler
                0x0000000008000e58                EXTI1_IRQHandler
                0x0000000008000e58                USART2_IRQHandler
                0x0000000008000e58                I2C2_ER_IRQHandler
                0x0000000008000e58                DMA2_Stream1_IRQHandler
                0x0000000008000e58                CAN1_SCE_IRQHandler
                0x0000000008000e58                FLASH_IRQHandler
                0x0000000008000e58                DMA2_Stream4_IRQHandler
                0x0000000008000e58                BusFault_Handler
                0x0000000008000e58                USART1_IRQHandler
                0x0000000008000e58                OTG_FS_IRQHandler
                0x0000000008000e58                SPI3_IRQHandler
                0x0000000008000e58                DMA1_Stream4_IRQHandler
                0x0000000008000e58                I2C1_ER_IRQHandler
                0x0000000008000e58                FMC_IRQHandler
                0x0000000008000e58                DMA2_Stream6_IRQHandler
                0x0000000008000e58                SAI1_IRQHandler
                0x0000000008000e58                DMA1_Stream3_IRQHandler
 *fill*         0x0000000008000e5a        0x2 
 .text.__libc_init_array
                0x0000000008000e5c       0x48 d:/st/stm32cubeide_1.1.0/stm32cubeide/plugins/com.st.stm32cube.ide.mcu.externaltools.gnu-tools-for-stm32.7-2018-q2-update.win32_1.0.0.201904181610/tools/bin/../lib/gcc/arm-none-eabi/7.3.1/../../../../arm-none-eabi/lib/thumb/v7e-m\libc_nano.a(lib_a-init.o)
                0x0000000008000e5c                __libc_init_array
 *(.glue_7)
 .glue_7        0x0000000008000ea4        0x0 linker stubs
 *(.glue_7t)
 .glue_7t       0x0000000008000ea4        0x0 linker stubs
 *(.eh_frame)
 .eh_frame      0x0000000008000ea4        0x0 d:/st/stm32cubeide_1.1.0/stm32cubeide/plugins/com.st.stm32cube.ide.mcu.externaltools.gnu-tools-for-stm32.7-2018-q2-update.win32_1.0.0.201904181610/tools/bin/../lib/gcc/arm-none-eabi/7.3.1/thumb/v7e-m/crtbegin.o
 *(.init)
 .init          0x0000000008000ea4        0x4 d:/st/stm32cubeide_1.1.0/stm32cubeide/plugins/com.st.stm32cube.ide.mcu.externaltools.gnu-tools-for-stm32.7-2018-q2-update.win32_1.0.0.201904181610/tools/bin/../lib/gcc/arm-none-eabi/7.3.1/thumb/v7e-m/crti.o
                0x0000000008000ea4                _init
 .init          0x0000000008000ea8        0x8 d:/st/stm32cubeide_1.1.0/stm32cubeide/plugins/com.st.stm32cube.ide.mcu.externaltools.gnu-tools-for-stm32.7-2018-q2-update.win32_1.0.0.201904181610/tools/bin/../lib/gcc/arm-none-eabi/7.3.1/thumb/v7e-m/crtn.o
 *(.fini)
 .fini          0x0000000008000eb0        0x4 d:/st/stm32cubeide_1.1.0/stm32cubeide/plugins/com.st.stm32cube.ide.mcu.externaltools.gnu-tools-for-stm32.7-2018-q2-update.win32_1.0.0.201904181610/tools/bin/../lib/gcc/arm-none-eabi/7.3.1/thumb/v7e-m/crti.o
                0x0000000008000eb0                _fini
 .fini          0x0000000008000eb4        0x8 d:/st/stm32cubeide_1.1.0/stm32cubeide/plugins/com.st.stm32cube.ide.mcu.externaltools.gnu-tools-for-stm32.7-2018-q2-update.win32_1.0.0.201904181610/tools/bin/../lib/gcc/arm-none-eabi/7.3.1/thumb/v7e-m/crtn.o
                0x0000000008000ebc                . = ALIGN (0x4)
                0x0000000008000ebc                _etext = .

.vfp11_veneer   0x0000000008000ebc        0x0
 .vfp11_veneer  0x0000000008000ebc        0x0 linker stubs

.v4_bx          0x0000000008000ebc        0x0
 .v4_bx         0x0000000008000ebc        0x0 linker stubs

.iplt           0x0000000008000ebc        0x0
 .iplt          0x0000000008000ebc        0x0 d:/st/stm32cubeide_1.1.0/stm32cubeide/plugins/com.st.stm32cube.ide.mcu.externaltools.gnu-tools-for-stm32.7-2018-q2-update.win32_1.0.0.201904181610/tools/bin/../lib/gcc/arm-none-eabi/7.3.1/thumb/v7e-m/crtbegin.o

.rel.dyn        0x0000000008000ebc        0x0
 .rel.iplt      0x0000000008000ebc        0x0 d:/st/stm32cubeide_1.1.0/stm32cubeide/plugins/com.st.stm32cube.ide.mcu.externaltools.gnu-tools-for-stm32.7-2018-q2-update.win32_1.0.0.201904181610/tools/bin/../lib/gcc/arm-none-eabi/7.3.1/thumb/v7e-m/crtbegin.o

.rodata         0x0000000008000ebc        0x0
                0x0000000008000ebc                . = ALIGN (0x4)
 *(.rodata)
 *(.rodata*)
                0x0000000008000ebc                . = ALIGN (0x4)

.ARM.extab      0x0000000008000ebc        0x0
                0x0000000008000ebc                . = ALIGN (0x4)
 *(.ARM.extab* .gnu.linkonce.armextab.*)
                0x0000000008000ebc                . = ALIGN (0x4)

.ARM            0x0000000008000ebc        0x0
                0x0000000008000ebc                . = ALIGN (0x4)
                0x0000000008000ebc                __exidx_start = .
 *(.ARM.exidx*)
                0x0000000008000ebc                __exidx_end = .
                0x0000000008000ebc                . = ALIGN (0x4)

.preinit_array  0x0000000008000ebc        0x0
                0x0000000008000ebc                . = ALIGN (0x4)
                0x0000000008000ebc                PROVIDE (__preinit_array_start = .)
 *(.preinit_array*)
                0x0000000008000ebc                PROVIDE (__preinit_array_end = .)
                0x0000000008000ebc                . = ALIGN (0x4)

.init_array     0x0000000008000ebc        0x4
                0x0000000008000ebc                . = ALIGN (0x4)
                0x0000000008000ebc                PROVIDE (__init_array_start = .)
 *(SORT_BY_NAME(.init_array.*))
 *(.init_array*)
 .init_array    0x0000000008000ebc        0x4 d:/st/stm32cubeide_1.1.0/stm32cubeide/plugins/com.st.stm32cube.ide.mcu.externaltools.gnu-tools-for-stm32.7-2018-q2-update.win32_1.0.0.201904181610/tools/bin/../lib/gcc/arm-none-eabi/7.3.1/thumb/v7e-m/crtbegin.o
                0x0000000008000ec0                PROVIDE (__init_array_end = .)
                0x0000000008000ec0                . = ALIGN (0x4)

.fini_array     0x0000000008000ec0        0x4
                0x0000000008000ec0                . = ALIGN (0x4)
                [!provide]                        PROVIDE (__fini_array_start = .)
 *(SORT_BY_NAME(.fini_array.*))
 *(.fini_array*)
 .fini_array    0x0000000008000ec0        0x4 d:/st/stm32cubeide_1.1.0/stm32cubeide/plugins/com.st.stm32cube.ide.mcu.externaltools.gnu-tools-for-stm32.7-2018-q2-update.win32_1.0.0.201904181610/tools/bin/../lib/gcc/arm-none-eabi/7.3.1/thumb/v7e-m/crtbegin.o
                [!provide]                        PROVIDE (__fini_array_end = .)
                0x0000000008000ec4                . = ALIGN (0x4)
                0x0000000008000ec4                _sidata = LOADADDR (.data)

.data           0x0000000020000000       0x34 load address 0x0000000008000ec4
                0x0000000020000000                . = ALIGN (0x4)
                0x0000000020000000                _sdata = .
 *(.data)
 *(.data*)
 .data.AHB_Prescaler
                0x0000000020000000       0x10 Drivers/src/stm32f466xx_rcc_driver.o
                0x0000000020000000                AHB_Prescaler
 .data.APBx_Prescaler
                0x0000000020000010        0x4 Drivers/src/stm32f466xx_rcc_driver.o
                0x0000000020000010                APBx_Prescaler
 .data.msg      0x0000000020000014       0x20 Src/Tests/014_USART_Tx.o
                0x0000000020000014                msg
                0x0000000020000034                . = ALIGN (0x4)
                0x0000000020000034                _edata = .

.igot.plt       0x0000000020000034        0x0 load address 0x0000000008000ef8
 .igot.plt      0x0000000020000034        0x0 d:/st/stm32cubeide_1.1.0/stm32cubeide/plugins/com.st.stm32cube.ide.mcu.externaltools.gnu-tools-for-stm32.7-2018-q2-update.win32_1.0.0.201904181610/tools/bin/../lib/gcc/arm-none-eabi/7.3.1/thumb/v7e-m/crtbegin.o
                0x0000000020000034                . = ALIGN (0x4)

.bss            0x0000000020000034       0x40 load address 0x0000000008000ef8
                0x0000000020000034                _sbss = .
                0x0000000020000034                __bss_start__ = _sbss
 *(.bss)
 .bss           0x0000000020000034       0x1c d:/st/stm32cubeide_1.1.0/stm32cubeide/plugins/com.st.stm32cube.ide.mcu.externaltools.gnu-tools-for-stm32.7-2018-q2-update.win32_1.0.0.201904181610/tools/bin/../lib/gcc/arm-none-eabi/7.3.1/thumb/v7e-m/crtbegin.o
 *(.bss*)
 *(COMMON)
 COMMON         0x0000000020000050       0x24 Src/Tests/014_USART_Tx.o
                0x0000000020000050                USART3Handle
                0x0000000020000074                . = ALIGN (0x4)
                0x0000000020000074                _ebss = .
                0x0000000020000074                __bss_end__ = _ebss

._user_heap_stack
                0x0000000020000074      0x604 load address 0x0000000008000ef8
                0x0000000020000078                . = ALIGN (0x8)
 *fill*         0x0000000020000074        0x4 
                0x0000000020000078                PROVIDE (end = .)
                [!provide]                        PROVIDE (_end = .)
                0x0000000020000278                . = (. + _Min_Heap_Size)
 *fill*         0x0000000020000078      0x200 
                0x0000000020000678                . = (. + _Min_Stack_Size)
 *fill*         0x0000000020000278      0x400 
                0x0000000020000678                . = ALIGN (0x8)

/DISCARD/
 libc.a(*)
 libm.a(*)
 libgcc.a(*)

.ARM.attributes
                0x0000000000000000       0x2a
 *(.ARM.attributes)
 .ARM.attributes
                0x0000000000000000       0x1e d:/st/stm32cubeide_1.1.0/stm32cubeide/plugins/com.st.stm32cube.ide.mcu.externaltools.gnu-tools-for-stm32.7-2018-q2-update.win32_1.0.0.201904181610/tools/bin/../lib/gcc/arm-none-eabi/7.3.1/thumb/v7e-m/crti.o
 .ARM.attributes
                0x000000000000001e       0x2e d:/st/stm32cubeide_1.1.0/stm32cubeide/plugins/com.st.stm32cube.ide.mcu.externaltools.gnu-tools-for-stm32.7-2018-q2-update.win32_1.0.0.201904181610/tools/bin/../lib/gcc/arm-none-eabi/7.3.1/thumb/v7e-m/crtbegin.o
 .ARM.attributes
                0x000000000000004c       0x33 Drivers/src/stm32f446xx_gpio_driver.o
 .ARM.attributes
                0x000000000000007f       0x33 Drivers/src/stm32f446xx_usart_driver.o
 .ARM.attributes
                0x00000000000000b2       0x33 Drivers/src/stm32f466xx_rcc_driver.o
 .ARM.attributes
                0x00000000000000e5       0x33 Src/Tests/014_USART_Tx.o
 .ARM.attributes
                0x0000000000000118       0x21 Startup/startup_stm32f446retx.o
 .ARM.attributes
                0x0000000000000139       0x2e d:/st/stm32cubeide_1.1.0/stm32cubeide/plugins/com.st.stm32cube.ide.mcu.externaltools.gnu-tools-for-stm32.7-2018-q2-update.win32_1.0.0.201904181610/tools/bin/../lib/gcc/arm-none-eabi/7.3.1/../../../../arm-none-eabi/lib/thumb/v7e-m\libc_nano.a(lib_a-init.o)
 .ARM.attributes
                0x0000000000000167       0x17 d:/st/stm32cubeide_1.1.0/stm32cubeide/plugins/com.st.stm32cube.ide.mcu.externaltools.gnu-tools-for-stm32.7-2018-q2-update.win32_1.0.0.201904181610/tools/bin/../lib/gcc/arm-none-eabi/7.3.1/../../../../arm-none-eabi/lib/thumb/v7e-m\libc_nano.a(lib_a-strlen.o)
 .ARM.attributes
                0x000000000000017e       0x1e d:/st/stm32cubeide_1.1.0/stm32cubeide/plugins/com.st.stm32cube.ide.mcu.externaltools.gnu-tools-for-stm32.7-2018-q2-update.win32_1.0.0.201904181610/tools/bin/../lib/gcc/arm-none-eabi/7.3.1/thumb/v7e-m/crtn.o
OUTPUT(stm32f4xx_drivers.elf elf32-littlearm)

.debug_info     0x0000000000000000     0x1ecb
 .debug_info    0x0000000000000000      0x748 Drivers/src/stm32f446xx_gpio_driver.o
 .debug_info    0x0000000000000748      0x7ae Drivers/src/stm32f446xx_usart_driver.o
 .debug_info    0x0000000000000ef6      0x3b6 Drivers/src/stm32f466xx_rcc_driver.o
 .debug_info    0x00000000000012ac      0xbfd Src/Tests/014_USART_Tx.o
 .debug_info    0x0000000000001ea9       0x22 Startup/startup_stm32f446retx.o

.debug_abbrev   0x0000000000000000      0x5fc
 .debug_abbrev  0x0000000000000000      0x159 Drivers/src/stm32f446xx_gpio_driver.o
 .debug_abbrev  0x0000000000000159      0x1a2 Drivers/src/stm32f446xx_usart_driver.o
 .debug_abbrev  0x00000000000002fb       0xee Drivers/src/stm32f466xx_rcc_driver.o
 .debug_abbrev  0x00000000000003e9      0x201 Src/Tests/014_USART_Tx.o
 .debug_abbrev  0x00000000000005ea       0x12 Startup/startup_stm32f446retx.o

.debug_aranges  0x0000000000000000      0x190
 .debug_aranges
                0x0000000000000000       0x70 Drivers/src/stm32f446xx_gpio_driver.o
 .debug_aranges
                0x0000000000000070       0x88 Drivers/src/stm32f446xx_usart_driver.o
 .debug_aranges
                0x00000000000000f8       0x30 Drivers/src/stm32f466xx_rcc_driver.o
 .debug_aranges
                0x0000000000000128       0x40 Src/Tests/014_USART_Tx.o
 .debug_aranges
                0x0000000000000168       0x28 Startup/startup_stm32f446retx.o

.debug_ranges   0x0000000000000000      0x148
 .debug_ranges  0x0000000000000000       0x60 Drivers/src/stm32f446xx_gpio_driver.o
 .debug_ranges  0x0000000000000060       0x78 Drivers/src/stm32f446xx_usart_driver.o
 .debug_ranges  0x00000000000000d8       0x20 Drivers/src/stm32f466xx_rcc_driver.o
 .debug_ranges  0x00000000000000f8       0x30 Src/Tests/014_USART_Tx.o
 .debug_ranges  0x0000000000000128       0x20 Startup/startup_stm32f446retx.o

.debug_macro    0x0000000000000000     0x2fd7
 .debug_macro   0x0000000000000000       0xc2 Drivers/src/stm32f446xx_gpio_driver.o
 .debug_macro   0x00000000000000c2      0xa66 Drivers/src/stm32f446xx_gpio_driver.o
 .debug_macro   0x0000000000000b28      0x174 Drivers/src/stm32f446xx_gpio_driver.o
 .debug_macro   0x0000000000000c9c       0x22 Drivers/src/stm32f446xx_gpio_driver.o
 .debug_macro   0x0000000000000cbe       0x8e Drivers/src/stm32f446xx_gpio_driver.o
 .debug_macro   0x0000000000000d4c       0x51 Drivers/src/stm32f446xx_gpio_driver.o
 .debug_macro   0x0000000000000d9d       0xef Drivers/src/stm32f446xx_gpio_driver.o
 .debug_macro   0x0000000000000e8c       0x6a Drivers/src/stm32f446xx_gpio_driver.o
 .debug_macro   0x0000000000000ef6      0x1df Drivers/src/stm32f446xx_gpio_driver.o
 .debug_macro   0x00000000000010d5      0xa3c Drivers/src/stm32f446xx_gpio_driver.o
 .debug_macro   0x0000000000001b11       0xbe Drivers/src/stm32f446xx_gpio_driver.o
 .debug_macro   0x0000000000001bcf       0xd0 Drivers/src/stm32f446xx_gpio_driver.o
 .debug_macro   0x0000000000001c9f       0xd6 Drivers/src/stm32f446xx_gpio_driver.o
 .debug_macro   0x0000000000001d75       0xc4 Drivers/src/stm32f446xx_gpio_driver.o
 .debug_macro   0x0000000000001e39       0xc2 Drivers/src/stm32f446xx_usart_driver.o
 .debug_macro   0x0000000000001efb       0xd0 Drivers/src/stm32f446xx_usart_driver.o
 .debug_macro   0x0000000000001fcb       0xbc Drivers/src/stm32f466xx_rcc_driver.o
 .debug_macro   0x0000000000002087      0x238 Src/Tests/014_USART_Tx.o
 .debug_macro   0x00000000000022bf       0x40 Src/Tests/014_USART_Tx.o
 .debug_macro   0x00000000000022ff       0x18 Src/Tests/014_USART_Tx.o
 .debug_macro   0x0000000000002317       0x94 Src/Tests/014_USART_Tx.o
 .debug_macro   0x00000000000023ab       0x3c Src/Tests/014_USART_Tx.o
 .debug_macro   0x00000000000023e7       0x34 Src/Tests/014_USART_Tx.o
 .debug_macro   0x000000000000241b       0x16 Src/Tests/014_USART_Tx.o
 .debug_macro   0x0000000000002431       0x57 Src/Tests/014_USART_Tx.o
 .debug_macro   0x0000000000002488       0x97 Src/Tests/014_USART_Tx.o
 .debug_macro   0x000000000000251f      0x330 Src/Tests/014_USART_Tx.o
 .debug_macro   0x000000000000284f       0xfd Src/Tests/014_USART_Tx.o
 .debug_macro   0x000000000000294c       0x10 Src/Tests/014_USART_Tx.o
 .debug_macro   0x000000000000295c       0x52 Src/Tests/014_USART_Tx.o
 .debug_macro   0x00000000000029ae       0x1f Src/Tests/014_USART_Tx.o
 .debug_macro   0x00000000000029cd       0x43 Src/Tests/014_USART_Tx.o
 .debug_macro   0x0000000000002a10       0x20 Src/Tests/014_USART_Tx.o
 .debug_macro   0x0000000000002a30      0x1a3 Src/Tests/014_USART_Tx.o
 .debug_macro   0x0000000000002bd3       0x10 Src/Tests/014_USART_Tx.o
 .debug_macro   0x0000000000002be3       0x1c Src/Tests/014_USART_Tx.o
 .debug_macro   0x0000000000002bff       0x52 Src/Tests/014_USART_Tx.o
 .debug_macro   0x0000000000002c51       0x40 Src/Tests/014_USART_Tx.o
 .debug_macro   0x0000000000002c91       0x10 Src/Tests/014_USART_Tx.o
 .debug_macro   0x0000000000002ca1       0x40 Src/Tests/014_USART_Tx.o
 .debug_macro   0x0000000000002ce1       0xd7 Src/Tests/014_USART_Tx.o
 .debug_macro   0x0000000000002db8       0x1c Src/Tests/014_USART_Tx.o
 .debug_macro   0x0000000000002dd4       0x3d Src/Tests/014_USART_Tx.o
 .debug_macro   0x0000000000002e11       0x16 Src/Tests/014_USART_Tx.o
 .debug_macro   0x0000000000002e27      0x145 Src/Tests/014_USART_Tx.o
 .debug_macro   0x0000000000002f6c       0x16 Src/Tests/014_USART_Tx.o
 .debug_macro   0x0000000000002f82       0x35 Src/Tests/014_USART_Tx.o
 .debug_macro   0x0000000000002fb7       0x20 Src/Tests/014_USART_Tx.o

.debug_line     0x0000000000000000     0x19a4
 .debug_line    0x0000000000000000      0x6a2 Drivers/src/stm32f446xx_gpio_driver.o
 .debug_line    0x00000000000006a2      0x6ac Drivers/src/stm32f446xx_usart_driver.o
 .debug_line    0x0000000000000d4e      0x4cf Drivers/src/stm32f466xx_rcc_driver.o
 .debug_line    0x000000000000121d      0x703 Src/Tests/014_USART_Tx.o
 .debug_line    0x0000000000001920       0x84 Startup/startup_stm32f446retx.o

.debug_str      0x0000000000000000     0xbe3a
 .debug_str     0x0000000000000000     0x7945 Drivers/src/stm32f446xx_gpio_driver.o
                                       0x7b68 (size before relaxing)
 .debug_str     0x0000000000007945      0x286 Drivers/src/stm32f446xx_usart_driver.o
                                       0x7b9c (size before relaxing)
 .debug_str     0x0000000000007bcb       0xad Drivers/src/stm32f466xx_rcc_driver.o
                                       0x797c (size before relaxing)
 .debug_str     0x0000000000007c78     0x4191 Src/Tests/014_USART_Tx.o
                                       0xbb2f (size before relaxing)
 .debug_str     0x000000000000be09       0x31 Startup/startup_stm32f446retx.o
                                         0x71 (size before relaxing)

.comment        0x0000000000000000       0x7b
 .comment       0x0000000000000000       0x7b Drivers/src/stm32f446xx_gpio_driver.o
                                         0x7c (size before relaxing)
 .comment       0x000000000000007b       0x7c Drivers/src/stm32f446xx_usart_driver.o
 .comment       0x000000000000007b       0x7c Drivers/src/stm32f466xx_rcc_driver.o
 .comment       0x000000000000007b       0x7c Src/Tests/014_USART_Tx.o

.debug_frame    0x0000000000000000      0x554
 .debug_frame   0x0000000000000000      0x1c8 Drivers/src/stm32f446xx_gpio_driver.o
 .debug_frame   0x00000000000001c8      0x230 Drivers/src/stm32f446xx_usart_driver.o
 .debug_frame   0x00000000000003f8       0x78 Drivers/src/stm32f466xx_rcc_driver.o
 .debug_frame   0x0000000000000470       0xb8 Src/Tests/014_USART_Tx.o
 .debug_frame   0x0000000000000528       0x2c d:/st/stm32cubeide_1.1.0/stm32cubeide/plugins/com.st.stm32cube.ide.mcu.externaltools.gnu-tools-for-stm32.7-2018-q2-update.win32_1.0.0.201904181610/tools/bin/../lib/gcc/arm-none-eabi/7.3.1/../../../../arm-none-eabi/lib/thumb/v7e-m\libc_nano.a(lib_a-init.o)
