Archive member included to satisfy reference by file (symbol)

d:/st/stm32cubeide_1.1.0/stm32cubeide/plugins/com.st.stm32cube.ide.mcu.externaltools.gnu-tools-for-stm32.7-2018-q2-update.win32_1.0.0.201904181610/tools/bin/../lib/gcc/arm-none-eabi/7.3.1/../../../../arm-none-eabi/lib/thumb/v7e-m\libc_nano.a(lib_a-errno.o)
                              Src/syscalls.o (__errno)
d:/st/stm32cubeide_1.1.0/stm32cubeide/plugins/com.st.stm32cube.ide.mcu.externaltools.gnu-tools-for-stm32.7-2018-q2-update.win32_1.0.0.201904181610/tools/bin/../lib/gcc/arm-none-eabi/7.3.1/../../../../arm-none-eabi/lib/thumb/v7e-m\libc_nano.a(lib_a-exit.o)
                              d:/st/stm32cubeide_1.1.0/stm32cubeide/plugins/com.st.stm32cube.ide.mcu.externaltools.gnu-tools-for-stm32.7-2018-q2-update.win32_1.0.0.201904181610/tools/bin/../lib/gcc/arm-none-eabi/7.3.1/../../../../arm-none-eabi/lib/thumb/v7e-m/crt0.o (exit)
d:/st/stm32cubeide_1.1.0/stm32cubeide/plugins/com.st.stm32cube.ide.mcu.externaltools.gnu-tools-for-stm32.7-2018-q2-update.win32_1.0.0.201904181610/tools/bin/../lib/gcc/arm-none-eabi/7.3.1/../../../../arm-none-eabi/lib/thumb/v7e-m\libc_nano.a(lib_a-impure.o)
                              d:/st/stm32cubeide_1.1.0/stm32cubeide/plugins/com.st.stm32cube.ide.mcu.externaltools.gnu-tools-for-stm32.7-2018-q2-update.win32_1.0.0.201904181610/tools/bin/../lib/gcc/arm-none-eabi/7.3.1/../../../../arm-none-eabi/lib/thumb/v7e-m\libc_nano.a(lib_a-exit.o) (_global_impure_ptr)
d:/st/stm32cubeide_1.1.0/stm32cubeide/plugins/com.st.stm32cube.ide.mcu.externaltools.gnu-tools-for-stm32.7-2018-q2-update.win32_1.0.0.201904181610/tools/bin/../lib/gcc/arm-none-eabi/7.3.1/../../../../arm-none-eabi/lib/thumb/v7e-m\libc_nano.a(lib_a-init.o)
                              d:/st/stm32cubeide_1.1.0/stm32cubeide/plugins/com.st.stm32cube.ide.mcu.externaltools.gnu-tools-for-stm32.7-2018-q2-update.win32_1.0.0.201904181610/tools/bin/../lib/gcc/arm-none-eabi/7.3.1/../../../../arm-none-eabi/lib/thumb/v7e-m/crt0.o (__libc_init_array)
d:/st/stm32cubeide_1.1.0/stm32cubeide/plugins/com.st.stm32cube.ide.mcu.externaltools.gnu-tools-for-stm32.7-2018-q2-update.win32_1.0.0.201904181610/tools/bin/../lib/gcc/arm-none-eabi/7.3.1/../../../../arm-none-eabi/lib/thumb/v7e-m\libc_nano.a(lib_a-memset.o)
                              d:/st/stm32cubeide_1.1.0/stm32cubeide/plugins/com.st.stm32cube.ide.mcu.externaltools.gnu-tools-for-stm32.7-2018-q2-update.win32_1.0.0.201904181610/tools/bin/../lib/gcc/arm-none-eabi/7.3.1/../../../../arm-none-eabi/lib/thumb/v7e-m/crt0.o (memset)
d:/st/stm32cubeide_1.1.0/stm32cubeide/plugins/com.st.stm32cube.ide.mcu.externaltools.gnu-tools-for-stm32.7-2018-q2-update.win32_1.0.0.201904181610/tools/bin/../lib/gcc/arm-none-eabi/7.3.1/../../../../arm-none-eabi/lib/thumb/v7e-m\libc_nano.a(lib_a-printf.o)
                              Src/Tests/012_I2C_MasterRx_IRQ.o (printf)
d:/st/stm32cubeide_1.1.0/stm32cubeide/plugins/com.st.stm32cube.ide.mcu.externaltools.gnu-tools-for-stm32.7-2018-q2-update.win32_1.0.0.201904181610/tools/bin/../lib/gcc/arm-none-eabi/7.3.1/../../../../arm-none-eabi/lib/thumb/v7e-m\libc_nano.a(lib_a-puts.o)
                              Src/Tests/012_I2C_MasterRx_IRQ.o (puts)
d:/st/stm32cubeide_1.1.0/stm32cubeide/plugins/com.st.stm32cube.ide.mcu.externaltools.gnu-tools-for-stm32.7-2018-q2-update.win32_1.0.0.201904181610/tools/bin/../lib/gcc/arm-none-eabi/7.3.1/../../../../arm-none-eabi/lib/thumb/v7e-m\libc_nano.a(lib_a-wbuf.o)
                              d:/st/stm32cubeide_1.1.0/stm32cubeide/plugins/com.st.stm32cube.ide.mcu.externaltools.gnu-tools-for-stm32.7-2018-q2-update.win32_1.0.0.201904181610/tools/bin/../lib/gcc/arm-none-eabi/7.3.1/../../../../arm-none-eabi/lib/thumb/v7e-m\libc_nano.a(lib_a-puts.o) (__swbuf_r)
d:/st/stm32cubeide_1.1.0/stm32cubeide/plugins/com.st.stm32cube.ide.mcu.externaltools.gnu-tools-for-stm32.7-2018-q2-update.win32_1.0.0.201904181610/tools/bin/../lib/gcc/arm-none-eabi/7.3.1/../../../../arm-none-eabi/lib/thumb/v7e-m\libc_nano.a(lib_a-wsetup.o)
                              d:/st/stm32cubeide_1.1.0/stm32cubeide/plugins/com.st.stm32cube.ide.mcu.externaltools.gnu-tools-for-stm32.7-2018-q2-update.win32_1.0.0.201904181610/tools/bin/../lib/gcc/arm-none-eabi/7.3.1/../../../../arm-none-eabi/lib/thumb/v7e-m\libc_nano.a(lib_a-puts.o) (__swsetup_r)
d:/st/stm32cubeide_1.1.0/stm32cubeide/plugins/com.st.stm32cube.ide.mcu.externaltools.gnu-tools-for-stm32.7-2018-q2-update.win32_1.0.0.201904181610/tools/bin/../lib/gcc/arm-none-eabi/7.3.1/../../../../arm-none-eabi/lib/thumb/v7e-m\libc_nano.a(lib_a-fflush.o)
                              d:/st/stm32cubeide_1.1.0/stm32cubeide/plugins/com.st.stm32cube.ide.mcu.externaltools.gnu-tools-for-stm32.7-2018-q2-update.win32_1.0.0.201904181610/tools/bin/../lib/gcc/arm-none-eabi/7.3.1/../../../../arm-none-eabi/lib/thumb/v7e-m\libc_nano.a(lib_a-wbuf.o) (_fflush_r)
[...]
Memory Configuration

Name             Origin             Length             Attributes
RAM              0x0000000020000000 0x0000000000020000 xrw
ROM              0x0000000008000000 0x0000000000080000 xr
*default*        0x0000000000000000 0xffffffffffffffff

Linker script and memory map

LOAD d:/st/stm32cubeide_1.1.0/stm32cubeide/plugins/com.st.stm32cube.ide.mcu.externaltools.gnu-tools-for-stm32.7-2018-q2-update.win32_1.0.0.201904181610/tools/bin/../lib/gcc/arm-none-eabi/7.3.1/thumb/v7e-m/crti.o
LOAD d:/st/stm32cubeide_1.1.0/stm32cubeide/plugins/com.st.stm32cube.ide.mcu.externaltools.gnu-tools-for-stm32.7-2018-q2-update.win32_1.0.0.201904181610/tools/bin/../lib/gcc/arm-none-eabi/7.3.1/thumb/v7e-m/crtbegin.o
LOAD d:/st/stm32cubeide_1.1.0/stm32cubeide/plugins/com.st.stm32cube.ide.mcu.externaltools.gnu-tools-for-stm32.7-2018-q2-update.win32_1.0.0.201904181610/tools/bin/../lib/gcc/arm-none-eabi/7.3.1/../../../../arm-none-eabi/lib/thumb/v7e-m/crt0.o
LOAD Drivers/src/stm32f446xx_gpio_driver.o
LOAD Drivers/src/stm32f446xx_i2c_driver.o
LOAD Drivers/src/stm32f446xx_spi_driver.o
LOAD Src/Tests/012_I2C_MasterRx_IRQ.o
LOAD Src/syscalls.o
LOAD Src/sysmem.o
LOAD Startup/startup_stm32f446retx.o
START GROUP
LOAD d:/st/stm32cubeide_1.1.0/stm32cubeide/plugins/com.st.stm32cube.ide.mcu.externaltools.gnu-tools-for-stm32.7-2018-q2-update.win32_1.0.0.201904181610/tools/bin/../lib/gcc/arm-none-eabi/7.3.1/../../../../arm-none-eabi/lib/thumb/v7e-m\libc_nano.a
LOAD d:/st/stm32cubeide_1.1.0/stm32cubeide/plugins/com.st.stm32cube.ide.mcu.externaltools.gnu-tools-for-stm32.7-2018-q2-update.win32_1.0.0.201904181610/tools/bin/../lib/gcc/arm-none-eabi/7.3.1/../../../../arm-none-eabi/lib/thumb/v7e-m\libm.a
END GROUP
START GROUP
LOAD d:/st/stm32cubeide_1.1.0/stm32cubeide/plugins/com.st.stm32cube.ide.mcu.externaltools.gnu-tools-for-stm32.7-2018-q2-update.win32_1.0.0.201904181610/tools/bin/../lib/gcc/arm-none-eabi/7.3.1/thumb/v7e-m\libgcc.a
LOAD d:/st/stm32cubeide_1.1.0/stm32cubeide/plugins/com.st.stm32cube.ide.mcu.externaltools.gnu-tools-for-stm32.7-2018-q2-update.win32_1.0.0.201904181610/tools/bin/../lib/gcc/arm-none-eabi/7.3.1/../../../../arm-none-eabi/lib/thumb/v7e-m\libc_nano.a
END GROUP
START GROUP
LOAD d:/st/stm32cubeide_1.1.0/stm32cubeide/plugins/com.st.stm32cube.ide.mcu.externaltools.gnu-tools-for-stm32.7-2018-q2-update.win32_1.0.0.201904181610/tools/bin/../lib/gcc/arm-none-eabi/7.3.1/thumb/v7e-m\libgcc.a
LOAD d:/st/stm32cubeide_1.1.0/stm32cubeide/plugins/com.st.stm32cube.ide.mcu.externaltools.gnu-tools-for-stm32.7-2018-q2-update.win32_1.0.0.201904181610/tools/bin/../lib/gcc/arm-none-eabi/7.3.1/../../../../arm-none-eabi/lib/thumb/v7e-m\libc_nano.a
LOAD d:/st/stm32cubeide_1.1.0/stm32cubeide/plugins/com.st.stm32cube.ide.mcu.externaltools.gnu-tools-for-stm32.7-2018-q2-update.win32_1.0.0.201904181610/tools/bin/../lib/gcc/arm-none-eabi/7.3.1/../../../../arm-none-eabi/lib/thumb/v7e-m\libnosys.a
END GROUP
START GROUP
LOAD d:/st/stm32cubeide_1.1.0/stm32cubeide/plugins/com.st.stm32cube.ide.mcu.externaltools.gnu-tools-for-stm32.7-2018-q2-update.win32_1.0.0.201904181610/tools/bin/../lib/gcc/arm-none-eabi/7.3.1/thumb/v7e-m\libgcc.a
LOAD d:/st/stm32cubeide_1.1.0/stm32cubeide/plugins/com.st.stm32cube.ide.mcu.externaltools.gnu-tools-for-stm32.7-2018-q2-update.win32_1.0.0.201904181610/tools/bin/../lib/gcc/arm-none-eabi/7.3.1/../../../../arm-none-eabi/lib/thumb/v7e-m\libc_nano.a
LOAD d:/st/stm32cubeide_1.1.0/stm32cubeide/plugins/com.st.stm32cube.ide.mcu.externaltools.gnu-tools-for-stm32.7-2018-q2-update.win32_1.0.0.201904181610/tools/bin/../lib/gcc/arm-none-eabi/7.3.1/../../../../arm-none-eabi/lib/thumb/v7e-m\libnosys.a
END GROUP
LOAD d:/st/stm32cubeide_1.1.0/stm32cubeide/plugins/com.st.stm32cube.ide.mcu.externaltools.gnu-tools-for-stm32.7-2018-q2-update.win32_1.0.0.201904181610/tools/bin/../lib/gcc/arm-none-eabi/7.3.1/thumb/v7e-m/crtend.o
LOAD d:/st/stm32cubeide_1.1.0/stm32cubeide/plugins/com.st.stm32cube.ide.mcu.externaltools.gnu-tools-for-stm32.7-2018-q2-update.win32_1.0.0.201904181610/tools/bin/../lib/gcc/arm-none-eabi/7.3.1/thumb/v7e-m/crtn.o
                0x0000000020020000                _estack = (ORIGIN (RAM) + LENGTH (RAM))
                0x0000000000000200                _Min_Heap_Size = 0x200
                0x0000000000000400                _Min_Stack_Size = 0x400

.isr_vector     0x0000000008000000      0x1c4
                0x0000000008000000                . = ALIGN (0x4)
 *(.isr_vector)
 .isr_vector    0x0000000008000000      0x1c4 Startup/startup_stm32f446retx.o
                0x0000000008000000                g_pfnVectors
                0x00000000080001c4                . = ALIGN (0x4)

.text           0x00000000080001d0     0x23d0
                0x00000000080001d0                . = ALIGN (0x4)
 *(.text)
 .text          0x00000000080001d0       0x40 d:/st/stm32cubeide_1.1.0/stm32cubeide/plugins/com.st.stm32cube.ide.mcu.externaltools.gnu-tools-for-stm32.7-2018-q2-update.win32_1.0.0.201904181610/tools/bin/../lib/gcc/arm-none-eabi/7.3.1/thumb/v7e-m/crtbegin.o
 .text          0x0000000008000210       0xa0 d:/st/stm32cubeide_1.1.0/stm32cubeide/plugins/com.st.stm32cube.ide.mcu.externaltools.gnu-tools-for-stm32.7-2018-q2-update.win32_1.0.0.201904181610/tools/bin/../lib/gcc/arm-none-eabi/7.3.1/../../../../arm-none-eabi/lib/thumb/v7e-m\libc_nano.a(lib_a-memchr.o)
                0x0000000008000210                memchr
 *(.text*)
 .text.GPIO_PeriClockControl
                0x00000000080002b0      0x1a0 Drivers/src/stm32f446xx_gpio_driver.o
                0x00000000080002b0                GPIO_PeriClockControl
 .text.GPIO_Init
                0x0000000008000450      0x334 Drivers/src/stm32f446xx_gpio_driver.o
                0x0000000008000450                GPIO_Init
 .text.GPIO_ReadFromInputPin
                0x0000000008000784       0x2a Drivers/src/stm32f446xx_gpio_driver.o
                0x0000000008000784                GPIO_ReadFromInputPin
 *fill*         0x00000000080007ae        0x2 
 .text.I2C_PeriClockControl
                0x00000000080007b0       0xb0 Drivers/src/stm32f446xx_i2c_driver.o
                0x00000000080007b0                I2C_PeriClockControl
 .text.RCC_GetPLLOutputClock
                0x0000000008000860        0xe Drivers/src/stm32f446xx_i2c_driver.o
                0x0000000008000860                RCC_GetPLLOutputClock
 *fill*         0x000000000800086e        0x2 
 .text.RCC_GetPCLK1Value
                0x0000000008000870       0xb0 Drivers/src/stm32f446xx_i2c_driver.o
                0x0000000008000870                RCC_GetPCLK1Value
 .text.I2C_Init
                0x0000000008000920      0x160 Drivers/src/stm32f446xx_i2c_driver.o
                0x0000000008000920                I2C_Init
 .text.I2C_PeripheralControl
                0x0000000008000a80       0x36 Drivers/src/stm32f446xx_i2c_driver.o
                0x0000000008000a80                I2C_PeripheralControl
 .text.I2C_MasterSendDataInterruptMode
                0x0000000008000ab6       0x86 Drivers/src/stm32f446xx_i2c_driver.o
                0x0000000008000ab6                I2C_MasterSendDataInterruptMode
 .text.I2C_MasterReceiveDataInterruptMode
                0x0000000008000b3c       0x8c Drivers/src/stm32f446xx_i2c_driver.o
                0x0000000008000b3c                I2C_MasterReceiveDataInterruptMode
 .text.I2C_ManageAcking
                0x0000000008000bc8       0x36 Drivers/src/stm32f446xx_i2c_driver.o
                0x0000000008000bc8                I2C_ManageAcking
 *fill*         0x0000000008000bfe        0x2 
 .text.I2C_IRQInterruptConfig
                0x0000000008000c00       0xfc Drivers/src/stm32f446xx_i2c_driver.o
                0x0000000008000c00                I2C_IRQInterruptConfig
 .text.I2C_EV_IRQHandling
                0x0000000008000cfc      0x1b4 Drivers/src/stm32f446xx_i2c_driver.o
                0x0000000008000cfc                I2C_EV_IRQHandling
 .text.I2C_ER_IRQHandling
                0x0000000008000eb0      0x10c Drivers/src/stm32f446xx_i2c_driver.o
                0x0000000008000eb0                I2C_ER_IRQHandling
 .text.I2C_CloseReceiveData
                0x0000000008000fbc       0x5c Drivers/src/stm32f446xx_i2c_driver.o
                0x0000000008000fbc                I2C_CloseReceiveData
 .text.I2C_CloseSendData
                0x0000000008001018       0x44 Drivers/src/stm32f446xx_i2c_driver.o
                0x0000000008001018                I2C_CloseSendData
 .text.I2C_GenerateStopCondition
                0x000000000800105c       0x1e Drivers/src/stm32f446xx_i2c_driver.o
                0x000000000800105c                I2C_GenerateStopCondition
 .text.I2C_GenerateStartCondition
                0x000000000800107a       0x1e Drivers/src/stm32f446xx_i2c_driver.o
 .text.I2C_ExecuteAddressPhaseWrite
                0x0000000008001098       0x2a Drivers/src/stm32f446xx_i2c_driver.o
 .text.I2C_ExecuteAddressPhaseRead
                0x00000000080010c2       0x2a Drivers/src/stm32f446xx_i2c_driver.o
 .text.I2C_ClearAddrFlag
                0x00000000080010ec       0x6e Drivers/src/stm32f446xx_i2c_driver.o
 .text.I2C_MasterHandleTXEInterrupt
                0x000000000800115a       0x42 Drivers/src/stm32f446xx_i2c_driver.o
 .text.I2C_MasterHandleRXNEInterrupt
                0x000000000800119c       0x98 Drivers/src/stm32f446xx_i2c_driver.o
 .text.delay    0x0000000008001234       0x28 Src/Tests/012_I2C_MasterRx_IRQ.o
                0x0000000008001234                delay
 .text.I2C1_GPIOInits
                0x000000000800125c       0x44 Src/Tests/012_I2C_MasterRx_IRQ.o
                0x000000000800125c                I2C1_GPIOInits
 .text.I2C1_Inits
                0x00000000080012a0       0x38 Src/Tests/012_I2C_MasterRx_IRQ.o
                0x00000000080012a0                I2C1_Inits
 .text.GPIO_ButtonInit
                0x00000000080012d8       0x5c Src/Tests/012_I2C_MasterRx_IRQ.o
                0x00000000080012d8                GPIO_ButtonInit
 .text.main     0x0000000008001334      0x100 Src/Tests/012_I2C_MasterRx_IRQ.o
                0x0000000008001334                main
 .text.I2C1_EV_IRQHandler
                0x0000000008001434       0x14 Src/Tests/012_I2C_MasterRx_IRQ.o
                0x0000000008001434                I2C1_EV_IRQHandler
 .text.I2C1_ER_IRQHandler
                0x0000000008001448       0x14 Src/Tests/012_I2C_MasterRx_IRQ.o
                0x0000000008001448                I2C1_ER_IRQHandler
 .text.I2C_ApplicationEventCallback
                0x000000000800145c       0x64 Src/Tests/012_I2C_MasterRx_IRQ.o
                0x000000000800145c                I2C_ApplicationEventCallback
 .text.ITM_SendChar
                0x00000000080014c0       0x4c Src/syscalls.o
                0x00000000080014c0                ITM_SendChar
 .text.initialise_monitor_handles
                0x000000000800150c        0xc Src/syscalls.o
                0x000000000800150c                initialise_monitor_handles
 .text._read    0x0000000008001518       0x3a Src/syscalls.o
                0x0000000008001518                _read
 .text._write   0x0000000008001552       0x38 Src/syscalls.o
                0x0000000008001552                _write
 .text._close   0x000000000800158a       0x16 Src/syscalls.o
                0x000000000800158a                _close
 .text._fstat   0x00000000080015a0       0x1e Src/syscalls.o
                0x00000000080015a0                _fstat
 .text._isatty  0x00000000080015be       0x14 Src/syscalls.o
                0x00000000080015be                _isatty
 .text._lseek   0x00000000080015d2       0x18 Src/syscalls.o
                0x00000000080015d2                _lseek
 *fill*         0x00000000080015ea        0x2 
 .text._sbrk    0x00000000080015ec       0x58 Src/sysmem.o
                0x00000000080015ec                _sbrk
 .text.Reset_Handler
                0x0000000008001644       0x50 Startup/startup_stm32f446retx.o
                0x0000000008001644                Reset_Handler
 .text.Default_Handler
                0x0000000008001694        0x2 Startup/startup_stm32f446retx.o
                0x0000000008001694                RTC_Alarm_IRQHandler
                0x0000000008001694                EXTI2_IRQHandler
                0x0000000008001694                TIM8_CC_IRQHandler
                0x0000000008001694                SPDIF_Rx_IRQHandler
                0x0000000008001694                DebugMon_Handler
                0x0000000008001694                SPI4_IRQHandler
                0x0000000008001694                TIM1_CC_IRQHandler
                0x0000000008001694                QuadSPI_IRQHandler
                0x0000000008001694                DMA2_Stream5_IRQHandler
                0x0000000008001694                HardFault_Handler
                0x0000000008001694                DMA1_Stream5_IRQHandler
                0x0000000008001694                SysTick_Handler
                0x0000000008001694                PVD_IRQHandler
                0x0000000008001694                SDIO_IRQHandler
                0x0000000008001694                TAMP_STAMP_IRQHandler
                0x0000000008001694                PendSV_Handler
                0x0000000008001694                NMI_Handler
                0x0000000008001694                CAN2_RX1_IRQHandler
                0x0000000008001694                EXTI3_IRQHandler
                0x0000000008001694                TIM8_TRG_COM_TIM14_IRQHandler
                0x0000000008001694                TIM1_UP_TIM10_IRQHandler
                0x0000000008001694                FMPI2C1_error_IRQHandler
                0x0000000008001694                TIM8_UP_TIM13_IRQHandler
                0x0000000008001694                I2C3_ER_IRQHandler
                0x0000000008001694                EXTI0_IRQHandler
                0x0000000008001694                I2C2_EV_IRQHandler
                0x0000000008001694                DMA1_Stream2_IRQHandler
                0x0000000008001694                CAN1_RX0_IRQHandler
                0x0000000008001694                FPU_IRQHandler
                0x0000000008001694                OTG_HS_WKUP_IRQHandler
                0x0000000008001694                UsageFault_Handler
                0x0000000008001694                CAN2_SCE_IRQHandler
                0x0000000008001694                DMA2_Stream2_IRQHandler
                0x0000000008001694                SPI1_IRQHandler
                0x0000000008001694                TIM6_DAC_IRQHandler
                0x0000000008001694                TIM1_BRK_TIM9_IRQHandler
                0x0000000008001694                DCMI_IRQHandler
                0x0000000008001694                CAN2_RX0_IRQHandler
                0x0000000008001694                DMA2_Stream3_IRQHandler
                0x0000000008001694                FMPI2C1_IRQHandler
                0x0000000008001694                SAI2_IRQHandler
                0x0000000008001694                USART6_IRQHandler
                0x0000000008001694                USART3_IRQHandler
                0x0000000008001694                CAN1_RX1_IRQHandler
                0x0000000008001694                UART5_IRQHandler
                0x0000000008001694                DMA2_Stream0_IRQHandler
                0x0000000008001694                TIM4_IRQHandler
                0x0000000008001694                HDMI_CEC_IRQHandler
                0x0000000008001694                DMA1_Stream6_IRQHandler
                0x0000000008001694                DMA1_Stream1_IRQHandler
                0x0000000008001694                UART4_IRQHandler
                0x0000000008001694                TIM3_IRQHandler
                0x0000000008001694                RCC_IRQHandler
                0x0000000008001694                TIM8_BRK_TIM12_IRQHandler
                0x0000000008001694                Default_Handler
                0x0000000008001694                EXTI15_10_IRQHandler
                0x0000000008001694                ADC_IRQHandler
                0x0000000008001694                DMA1_Stream7_IRQHandler
                0x0000000008001694                TIM7_IRQHandler
                0x0000000008001694                CAN2_TX_IRQHandler
                0x0000000008001694                TIM5_IRQHandler
                0x0000000008001694                DMA2_Stream7_IRQHandler
                0x0000000008001694                I2C3_EV_IRQHandler
                0x0000000008001694                EXTI9_5_IRQHandler
                0x0000000008001694                RTC_WKUP_IRQHandler
                0x0000000008001694                SPI2_IRQHandler
                0x0000000008001694                OTG_HS_EP1_IN_IRQHandler
                0x0000000008001694                MemManage_Handler
                0x0000000008001694                DMA1_Stream0_IRQHandler
                0x0000000008001694                CAN1_TX_IRQHandler
                0x0000000008001694                SVC_Handler
                0x0000000008001694                EXTI4_IRQHandler
                0x0000000008001694                OTG_HS_EP1_OUT_IRQHandler
                0x0000000008001694                WWDG_IRQHandler
                0x0000000008001694                TIM2_IRQHandler
                0x0000000008001694                OTG_FS_WKUP_IRQHandler
                0x0000000008001694                TIM1_TRG_COM_TIM11_IRQHandler
                0x0000000008001694                OTG_HS_IRQHandler
                0x0000000008001694                EXTI1_IRQHandler
                0x0000000008001694                USART2_IRQHandler
                0x0000000008001694                I2C2_ER_IRQHandler
                0x0000000008001694                DMA2_Stream1_IRQHandler
                0x0000000008001694                CAN1_SCE_IRQHandler
                0x0000000008001694                FLASH_IRQHandler
                0x0000000008001694                DMA2_Stream4_IRQHandler
                0x0000000008001694                BusFault_Handler
                0x0000000008001694                USART1_IRQHandler
                0x0000000008001694                OTG_FS_IRQHandler
                0x0000000008001694                SPI3_IRQHandler
                0x0000000008001694                DMA1_Stream4_IRQHandler
                0x0000000008001694                FMC_IRQHandler
                0x0000000008001694                DMA2_Stream6_IRQHandler
                0x0000000008001694                SAI1_IRQHandler
                0x0000000008001694                DMA1_Stream3_IRQHandler
 *fill*         0x0000000008001696        0x2 
 .text.__errno  0x0000000008001698        0xc d:/st/stm32cubeide_1.1.0/stm32cubeide/plugins/com.st.stm32cube.ide.mcu.externaltools.gnu-tools-for-stm32.7-2018-q2-update.win32_1.0.0.201904181610/tools/bin/../lib/gcc/arm-none-eabi/7.3.1/../../../../arm-none-eabi/lib/thumb/v7e-m\libc_nano.a(lib_a-errno.o)
                0x0000000008001698                __errno
 .text.__libc_init_array
                0x00000000080016a4       0x48 d:/st/stm32cubeide_1.1.0/stm32cubeide/plugins/com.st.stm32cube.ide.mcu.externaltools.gnu-tools-for-stm32.7-2018-q2-update.win32_1.0.0.201904181610/tools/bin/../lib/gcc/arm-none-eabi/7.3.1/../../../../arm-none-eabi/lib/thumb/v7e-m\libc_nano.a(lib_a-init.o)
                0x00000000080016a4                __libc_init_array
 .text.memset   0x00000000080016ec       0x10 d:/st/stm32cubeide_1.1.0/stm32cubeide/plugins/com.st.stm32cube.ide.mcu.externaltools.gnu-tools-for-stm32.7-2018-q2-update.win32_1.0.0.201904181610/tools/bin/../lib/gcc/arm-none-eabi/7.3.1/../../../../arm-none-eabi/lib/thumb/v7e-m\libc_nano.a(lib_a-memset.o)
                0x00000000080016ec                memset
 .text.printf   0x00000000080016fc       0x30 d:/st/stm32cubeide_1.1.0/stm32cubeide/plugins/com.st.stm32cube.ide.mcu.externaltools.gnu-tools-for-stm32.7-2018-q2-update.win32_1.0.0.201904181610/tools/bin/../lib/gcc/arm-none-eabi/7.3.1/../../../../arm-none-eabi/lib/thumb/v7e-m\libc_nano.a(lib_a-printf.o)
                0x00000000080016fc                iprintf
                0x00000000080016fc                printf
 .text._puts_r  0x000000000800172c       0xb8 d:/st/stm32cubeide_1.1.0/stm32cubeide/plugins/com.st.stm32cube.ide.mcu.externaltools.gnu-tools-for-stm32.7-2018-q2-update.win32_1.0.0.201904181610/tools/bin/../lib/gcc/arm-none-eabi/7.3.1/../../../../arm-none-eabi/lib/thumb/v7e-m\libc_nano.a(lib_a-puts.o)
                0x000000000800172c                _puts_r
 .text.puts     0x00000000080017e4       0x10 d:/st/stm32cubeide_1.1.0/stm32cubeide/plugins/com.st.stm32cube.ide.mcu.externaltools.gnu-tools-for-stm32.7-2018-q2-update.win32_1.0.0.201904181610/tools/bin/../lib/gcc/arm-none-eabi/7.3.1/../../../../arm-none-eabi/lib/thumb/v7e-m\libc_nano.a(lib_a-puts.o)
                0x00000000080017e4                puts
 .text.__swbuf_r
                0x00000000080017f4       0xa4 d:/st/stm32cubeide_1.1.0/stm32cubeide/plugins/com.st.stm32cube.ide.mcu.externaltools.gnu-tools-for-stm32.7-2018-q2-update.win32_1.0.0.201904181610/tools/bin/../lib/gcc/arm-none-eabi/7.3.1/../../../../arm-none-eabi/lib/thumb/v7e-m\libc_nano.a(lib_a-wbuf.o)
                0x00000000080017f4                __swbuf_r
 .text.__swsetup_r
                0x0000000008001898       0xdc d:/st/stm32cubeide_1.1.0/stm32cubeide/plugins/com.st.stm32cube.ide.mcu.externaltools.gnu-tools-for-stm32.7-2018-q2-update.win32_1.0.0.201904181610/tools/bin/../lib/gcc/arm-none-eabi/7.3.1/../../../../arm-none-eabi/lib/thumb/v7e-m\libc_nano.a(lib_a-wsetup.o)
                0x0000000008001898                __swsetup_r
 .text.__sflush_r
                0x0000000008001974      0x10c d:/st/stm32cubeide_1.1.0/stm32cubeide/plugins/com.st.stm32cube.ide.mcu.externaltools.gnu-tools-for-stm32.7-2018-q2-update.win32_1.0.0.201904181610/tools/bin/../lib/gcc/arm-none-eabi/7.3.1/../../../../arm-none-eabi/lib/thumb/v7e-m\libc_nano.a(lib_a-fflush.o)
                0x0000000008001974                __sflush_r
 .text._fflush_r
                0x0000000008001a80       0x54 d:/st/stm32cubeide_1.1.0/stm32cubeide/plugins/com.st.stm32cube.ide.mcu.externaltools.gnu-tools-for-stm32.7-2018-q2-update.win32_1.0.0.201904181610/tools/bin/../lib/gcc/arm-none-eabi/7.3.1/../../../../arm-none-eabi/lib/thumb/v7e-m\libc_nano.a(lib_a-fflush.o)
                0x0000000008001a80                _fflush_r
 .text.std      0x0000000008001ad4       0x48 d:/st/stm32cubeide_1.1.0/stm32cubeide/plugins/com.st.stm32cube.ide.mcu.externaltools.gnu-tools-for-stm32.7-2018-q2-update.win32_1.0.0.201904181610/tools/bin/../lib/gcc/arm-none-eabi/7.3.1/../../../../arm-none-eabi/lib/thumb/v7e-m\libc_nano.a(lib_a-findfp.o)
 .text._cleanup_r
                0x0000000008001b1c        0xc d:/st/stm32cubeide_1.1.0/stm32cubeide/plugins/com.st.stm32cube.ide.mcu.externaltools.gnu-tools-for-stm32.7-2018-q2-update.win32_1.0.0.201904181610/tools/bin/../lib/gcc/arm-none-eabi/7.3.1/../../../../arm-none-eabi/lib/thumb/v7e-m\libc_nano.a(lib_a-findfp.o)
                0x0000000008001b1c                _cleanup_r
 .text.__sfmoreglue
                0x0000000008001b28       0x2c d:/st/stm32cubeide_1.1.0/stm32cubeide/plugins/com.st.stm32cube.ide.mcu.externaltools.gnu-tools-for-stm32.7-2018-q2-update.win32_1.0.0.201904181610/tools/bin/../lib/gcc/arm-none-eabi/7.3.1/../../../../arm-none-eabi/lib/thumb/v7e-m\libc_nano.a(lib_a-findfp.o)
                0x0000000008001b28                __sfmoreglue
 .text.__sinit  0x0000000008001b54       0x60 d:/st/stm32cubeide_1.1.0/stm32cubeide/plugins/com.st.stm32cube.ide.mcu.externaltools.gnu-tools-for-stm32.7-2018-q2-update.win32_1.0.0.201904181610/tools/bin/../lib/gcc/arm-none-eabi/7.3.1/../../../../arm-none-eabi/lib/thumb/v7e-m\libc_nano.a(lib_a-findfp.o)
                0x0000000008001b54                __sinit
 .text.__sfp    0x0000000008001bb4       0x78 d:/st/stm32cubeide_1.1.0/stm32cubeide/plugins/com.st.stm32cube.ide.mcu.externaltools.gnu-tools-for-stm32.7-2018-q2-update.win32_1.0.0.201904181610/tools/bin/../lib/gcc/arm-none-eabi/7.3.1/../../../../arm-none-eabi/lib/thumb/v7e-m\libc_nano.a(lib_a-findfp.o)
                0x0000000008001bb4                __sfp
 .text._fwalk_reent
                0x0000000008001c2c       0x3c d:/st/stm32cubeide_1.1.0/stm32cubeide/plugins/com.st.stm32cube.ide.mcu.externaltools.gnu-tools-for-stm32.7-2018-q2-update.win32_1.0.0.201904181610/tools/bin/../lib/gcc/arm-none-eabi/7.3.1/../../../../arm-none-eabi/lib/thumb/v7e-m\libc_nano.a(lib_a-fwalk.o)
                0x0000000008001c2c                _fwalk_reent
 .text.__swhatbuf_r
                0x0000000008001c68       0x48 d:/st/stm32cubeide_1.1.0/stm32cubeide/plugins/com.st.stm32cube.ide.mcu.externaltools.gnu-tools-for-stm32.7-2018-q2-update.win32_1.0.0.201904181610/tools/bin/../lib/gcc/arm-none-eabi/7.3.1/../../../../arm-none-eabi/lib/thumb/v7e-m\libc_nano.a(lib_a-makebuf.o)
                0x0000000008001c68                __swhatbuf_r
 .text.__smakebuf_r
                0x0000000008001cb0       0x80 d:/st/stm32cubeide_1.1.0/stm32cubeide/plugins/com.st.stm32cube.ide.mcu.externaltools.gnu-tools-for-stm32.7-2018-q2-update.win32_1.0.0.201904181610/tools/bin/../lib/gcc/arm-none-eabi/7.3.1/../../../../arm-none-eabi/lib/thumb/v7e-m\libc_nano.a(lib_a-makebuf.o)
                0x0000000008001cb0                __smakebuf_r
 .text._free_r  0x0000000008001d30       0x9c d:/st/stm32cubeide_1.1.0/stm32cubeide/plugins/com.st.stm32cube.ide.mcu.externaltools.gnu-tools-for-stm32.7-2018-q2-update.win32_1.0.0.201904181610/tools/bin/../lib/gcc/arm-none-eabi/7.3.1/../../../../arm-none-eabi/lib/thumb/v7e-m\libc_nano.a(lib_a-nano-freer.o)
                0x0000000008001d30                _free_r
 .text._malloc_r
                0x0000000008001dcc       0xb4 d:/st/stm32cubeide_1.1.0/stm32cubeide/plugins/com.st.stm32cube.ide.mcu.externaltools.gnu-tools-for-stm32.7-2018-q2-update.win32_1.0.0.201904181610/tools/bin/../lib/gcc/arm-none-eabi/7.3.1/../../../../arm-none-eabi/lib/thumb/v7e-m\libc_nano.a(lib_a-nano-mallocr.o)
                0x0000000008001dcc                _malloc_r
 .text.__sfputc_r
                0x0000000008001e80       0x2a d:/st/stm32cubeide_1.1.0/stm32cubeide/plugins/com.st.stm32cube.ide.mcu.externaltools.gnu-tools-for-stm32.7-2018-q2-update.win32_1.0.0.201904181610/tools/bin/../lib/gcc/arm-none-eabi/7.3.1/../../../../arm-none-eabi/lib/thumb/v7e-m\libc_nano.a(lib_a-nano-vfprintf.o)
 .text.__sfputs_r
                0x0000000008001eaa       0x24 d:/st/stm32cubeide_1.1.0/stm32cubeide/plugins/com.st.stm32cube.ide.mcu.externaltools.gnu-tools-for-stm32.7-2018-q2-update.win32_1.0.0.201904181610/tools/bin/../lib/gcc/arm-none-eabi/7.3.1/../../../../arm-none-eabi/lib/thumb/v7e-m\libc_nano.a(lib_a-nano-vfprintf.o)
                0x0000000008001eaa                __sfputs_r
 *fill*         0x0000000008001ece        0x2 
 .text._vfprintf_r
                0x0000000008001ed0      0x22c d:/st/stm32cubeide_1.1.0/stm32cubeide/plugins/com.st.stm32cube.ide.mcu.externaltools.gnu-tools-for-stm32.7-2018-q2-update.win32_1.0.0.201904181610/tools/bin/../lib/gcc/arm-none-eabi/7.3.1/../../../../arm-none-eabi/lib/thumb/v7e-m\libc_nano.a(lib_a-nano-vfprintf.o)
                0x0000000008001ed0                _vfprintf_r
                0x0000000008001ed0                _vfiprintf_r
 .text._printf_common
                0x00000000080020fc       0xea d:/st/stm32cubeide_1.1.0/stm32cubeide/plugins/com.st.stm32cube.ide.mcu.externaltools.gnu-tools-for-stm32.7-2018-q2-update.win32_1.0.0.201904181610/tools/bin/../lib/gcc/arm-none-eabi/7.3.1/../../../../arm-none-eabi/lib/thumb/v7e-m\libc_nano.a(lib_a-nano-vfprintf_i.o)
                0x00000000080020fc                _printf_common
 *fill*         0x00000000080021e6        0x2 
 .text._printf_i
                0x00000000080021e8      0x224 d:/st/stm32cubeide_1.1.0/stm32cubeide/plugins/com.st.stm32cube.ide.mcu.externaltools.gnu-tools-for-stm32.7-2018-q2-update.win32_1.0.0.201904181610/tools/bin/../lib/gcc/arm-none-eabi/7.3.1/../../../../arm-none-eabi/lib/thumb/v7e-m\libc_nano.a(lib_a-nano-vfprintf_i.o)
                0x00000000080021e8                _printf_i
 .text._sbrk_r  0x000000000800240c       0x20 d:/st/stm32cubeide_1.1.0/stm32cubeide/plugins/com.st.stm32cube.ide.mcu.externaltools.gnu-tools-for-stm32.7-2018-q2-update.win32_1.0.0.201904181610/tools/bin/../lib/gcc/arm-none-eabi/7.3.1/../../../../arm-none-eabi/lib/thumb/v7e-m\libc_nano.a(lib_a-sbrkr.o)
                0x000000000800240c                _sbrk_r
 .text.__sread  0x000000000800242c       0x22 d:/st/stm32cubeide_1.1.0/stm32cubeide/plugins/com.st.stm32cube.ide.mcu.externaltools.gnu-tools-for-stm32.7-2018-q2-update.win32_1.0.0.201904181610/tools/bin/../lib/gcc/arm-none-eabi/7.3.1/../../../../arm-none-eabi/lib/thumb/v7e-m\libc_nano.a(lib_a-stdio.o)
                0x000000000800242c                __sread
 .text.__swrite
                0x000000000800244e       0x38 d:/st/stm32cubeide_1.1.0/stm32cubeide/plugins/com.st.stm32cube.ide.mcu.externaltools.gnu-tools-for-stm32.7-2018-q2-update.win32_1.0.0.201904181610/tools/bin/../lib/gcc/arm-none-eabi/7.3.1/../../../../arm-none-eabi/lib/thumb/v7e-m\libc_nano.a(lib_a-stdio.o)
                0x000000000800244e                __swrite
 .text.__sseek  0x0000000008002486       0x24 d:/st/stm32cubeide_1.1.0/stm32cubeide/plugins/com.st.stm32cube.ide.mcu.externaltools.gnu-tools-for-stm32.7-2018-q2-update.win32_1.0.0.201904181610/tools/bin/../lib/gcc/arm-none-eabi/7.3.1/../../../../arm-none-eabi/lib/thumb/v7e-m\libc_nano.a(lib_a-stdio.o)
                0x0000000008002486                __sseek
 .text.__sclose
                0x00000000080024aa        0x8 d:/st/stm32cubeide_1.1.0/stm32cubeide/plugins/com.st.stm32cube.ide.mcu.externaltools.gnu-tools-for-stm32.7-2018-q2-update.win32_1.0.0.201904181610/tools/bin/../lib/gcc/arm-none-eabi/7.3.1/../../../../arm-none-eabi/lib/thumb/v7e-m\libc_nano.a(lib_a-stdio.o)
                0x00000000080024aa                __sclose
 *fill*         0x00000000080024b2        0x2 
 .text._write_r
                0x00000000080024b4       0x24 d:/st/stm32cubeide_1.1.0/stm32cubeide/plugins/com.st.stm32cube.ide.mcu.externaltools.gnu-tools-for-stm32.7-2018-q2-update.win32_1.0.0.201904181610/tools/bin/../lib/gcc/arm-none-eabi/7.3.1/../../../../arm-none-eabi/lib/thumb/v7e-m\libc_nano.a(lib_a-writer.o)
                0x00000000080024b4                _write_r
 .text._close_r
                0x00000000080024d8       0x20 d:/st/stm32cubeide_1.1.0/stm32cubeide/plugins/com.st.stm32cube.ide.mcu.externaltools.gnu-tools-for-stm32.7-2018-q2-update.win32_1.0.0.201904181610/tools/bin/../lib/gcc/arm-none-eabi/7.3.1/../../../../arm-none-eabi/lib/thumb/v7e-m\libc_nano.a(lib_a-closer.o)
                0x00000000080024d8                _close_r
 .text._fstat_r
                0x00000000080024f8       0x24 d:/st/stm32cubeide_1.1.0/stm32cubeide/plugins/com.st.stm32cube.ide.mcu.externaltools.gnu-tools-for-stm32.7-2018-q2-update.win32_1.0.0.201904181610/tools/bin/../lib/gcc/arm-none-eabi/7.3.1/../../../../arm-none-eabi/lib/thumb/v7e-m\libc_nano.a(lib_a-fstatr.o)
                0x00000000080024f8                _fstat_r
 .text._isatty_r
                0x000000000800251c       0x20 d:/st/stm32cubeide_1.1.0/stm32cubeide/plugins/com.st.stm32cube.ide.mcu.externaltools.gnu-tools-for-stm32.7-2018-q2-update.win32_1.0.0.201904181610/tools/bin/../lib/gcc/arm-none-eabi/7.3.1/../../../../arm-none-eabi/lib/thumb/v7e-m\libc_nano.a(lib_a-isattyr.o)
                0x000000000800251c                _isatty_r
 .text._lseek_r
                0x000000000800253c       0x24 d:/st/stm32cubeide_1.1.0/stm32cubeide/plugins/com.st.stm32cube.ide.mcu.externaltools.gnu-tools-for-stm32.7-2018-q2-update.win32_1.0.0.201904181610/tools/bin/../lib/gcc/arm-none-eabi/7.3.1/../../../../arm-none-eabi/lib/thumb/v7e-m\libc_nano.a(lib_a-lseekr.o)
                0x000000000800253c                _lseek_r
 .text.__malloc_lock
                0x0000000008002560        0x2 d:/st/stm32cubeide_1.1.0/stm32cubeide/plugins/com.st.stm32cube.ide.mcu.externaltools.gnu-tools-for-stm32.7-2018-q2-update.win32_1.0.0.201904181610/tools/bin/../lib/gcc/arm-none-eabi/7.3.1/../../../../arm-none-eabi/lib/thumb/v7e-m\libc_nano.a(lib_a-mlock.o)
                0x0000000008002560                __malloc_lock
 .text.__malloc_unlock
                0x0000000008002562        0x2 d:/st/stm32cubeide_1.1.0/stm32cubeide/plugins/com.st.stm32cube.ide.mcu.externaltools.gnu-tools-for-stm32.7-2018-q2-update.win32_1.0.0.201904181610/tools/bin/../lib/gcc/arm-none-eabi/7.3.1/../../../../arm-none-eabi/lib/thumb/v7e-m\libc_nano.a(lib_a-mlock.o)
                0x0000000008002562                __malloc_unlock
 .text._read_r  0x0000000008002564       0x24 d:/st/stm32cubeide_1.1.0/stm32cubeide/plugins/com.st.stm32cube.ide.mcu.externaltools.gnu-tools-for-stm32.7-2018-q2-update.win32_1.0.0.201904181610/tools/bin/../lib/gcc/arm-none-eabi/7.3.1/../../../../arm-none-eabi/lib/thumb/v7e-m\libc_nano.a(lib_a-readr.o)
                0x0000000008002564                _read_r
 *(.glue_7)
 .glue_7        0x0000000008002588        0x0 linker stubs
 *(.glue_7t)
 .glue_7t       0x0000000008002588        0x0 linker stubs
 *(.eh_frame)
 .eh_frame      0x0000000008002588        0x0 d:/st/stm32cubeide_1.1.0/stm32cubeide/plugins/com.st.stm32cube.ide.mcu.externaltools.gnu-tools-for-stm32.7-2018-q2-update.win32_1.0.0.201904181610/tools/bin/../lib/gcc/arm-none-eabi/7.3.1/thumb/v7e-m/crtbegin.o
 *(.init)
 .init          0x0000000008002588        0x4 d:/st/stm32cubeide_1.1.0/stm32cubeide/plugins/com.st.stm32cube.ide.mcu.externaltools.gnu-tools-for-stm32.7-2018-q2-update.win32_1.0.0.201904181610/tools/bin/../lib/gcc/arm-none-eabi/7.3.1/thumb/v7e-m/crti.o
                0x0000000008002588                _init
 .init          0x000000000800258c        0x8 d:/st/stm32cubeide_1.1.0/stm32cubeide/plugins/com.st.stm32cube.ide.mcu.externaltools.gnu-tools-for-stm32.7-2018-q2-update.win32_1.0.0.201904181610/tools/bin/../lib/gcc/arm-none-eabi/7.3.1/thumb/v7e-m/crtn.o
 *(.fini)
 .fini          0x0000000008002594        0x4 d:/st/stm32cubeide_1.1.0/stm32cubeide/plugins/com.st.stm32cube.ide.mcu.externaltools.gnu-tools-for-stm32.7-2018-q2-update.win32_1.0.0.201904181610/tools/bin/../lib/gcc/arm-none-eabi/7.3.1/thumb/v7e-m/crti.o
                0x0000000008002594                _fini
 .fini          0x0000000008002598        0x8 d:/st/stm32cubeide_1.1.0/stm32cubeide/plugins/com.st.stm32cube.ide.mcu.externaltools.gnu-tools-for-stm32.7-2018-q2-update.win32_1.0.0.201904181610/tools/bin/../lib/gcc/arm-none-eabi/7.3.1/thumb/v7e-m/crtn.o
                0x00000000080025a0                . = ALIGN (0x4)
                0x00000000080025a0                _etext = .

.vfp11_veneer   0x00000000080025a0        0x0
 .vfp11_veneer  0x00000000080025a0        0x0 linker stubs

.v4_bx          0x00000000080025a0        0x0
 .v4_bx         0x00000000080025a0        0x0 linker stubs

.iplt           0x00000000080025a0        0x0
 .iplt          0x00000000080025a0        0x0 d:/st/stm32cubeide_1.1.0/stm32cubeide/plugins/com.st.stm32cube.ide.mcu.externaltools.gnu-tools-for-stm32.7-2018-q2-update.win32_1.0.0.201904181610/tools/bin/../lib/gcc/arm-none-eabi/7.3.1/thumb/v7e-m/crtbegin.o

.rodata         0x00000000080025a0       0xf0
                0x00000000080025a0                . = ALIGN (0x4)
 *(.rodata)
 .rodata        0x00000000080025a0       0x58 Src/Tests/012_I2C_MasterRx_IRQ.o
 *(.rodata*)
 .rodata._global_impure_ptr
                0x00000000080025f8        0x4 d:/st/stm32cubeide_1.1.0/stm32cubeide/plugins/com.st.stm32cube.ide.mcu.externaltools.gnu-tools-for-stm32.7-2018-q2-update.win32_1.0.0.201904181610/tools/bin/../lib/gcc/arm-none-eabi/7.3.1/../../../../arm-none-eabi/lib/thumb/v7e-m\libc_nano.a(lib_a-impure.o)
                0x00000000080025f8                _global_impure_ptr
 .rodata.__sf_fake_stderr
                0x00000000080025fc       0x20 d:/st/stm32cubeide_1.1.0/stm32cubeide/plugins/com.st.stm32cube.ide.mcu.externaltools.gnu-tools-for-stm32.7-2018-q2-update.win32_1.0.0.201904181610/tools/bin/../lib/gcc/arm-none-eabi/7.3.1/../../../../arm-none-eabi/lib/thumb/v7e-m\libc_nano.a(lib_a-findfp.o)
                0x00000000080025fc                __sf_fake_stderr
 .rodata.__sf_fake_stdin
                0x000000000800261c       0x20 d:/st/stm32cubeide_1.1.0/stm32cubeide/plugins/com.st.stm32cube.ide.mcu.externaltools.gnu-tools-for-stm32.7-2018-q2-update.win32_1.0.0.201904181610/tools/bin/../lib/gcc/arm-none-eabi/7.3.1/../../../../arm-none-eabi/lib/thumb/v7e-m\libc_nano.a(lib_a-findfp.o)
                0x000000000800261c                __sf_fake_stdin
 .rodata.__sf_fake_stdout
                0x000000000800263c       0x20 d:/st/stm32cubeide_1.1.0/stm32cubeide/plugins/com.st.stm32cube.ide.mcu.externaltools.gnu-tools-for-stm32.7-2018-q2-update.win32_1.0.0.201904181610/tools/bin/../lib/gcc/arm-none-eabi/7.3.1/../../../../arm-none-eabi/lib/thumb/v7e-m\libc_nano.a(lib_a-findfp.o)
                0x000000000800263c                __sf_fake_stdout
 .rodata._vfprintf_r.str1.1
                0x000000000800265c       0x11 d:/st/stm32cubeide_1.1.0/stm32cubeide/plugins/com.st.stm32cube.ide.mcu.externaltools.gnu-tools-for-stm32.7-2018-q2-update.win32_1.0.0.201904181610/tools/bin/../lib/gcc/arm-none-eabi/7.3.1/../../../../arm-none-eabi/lib/thumb/v7e-m\libc_nano.a(lib_a-nano-vfprintf.o)
 .rodata._printf_i.str1.1
                0x000000000800266d       0x22 d:/st/stm32cubeide_1.1.0/stm32cubeide/plugins/com.st.stm32cube.ide.mcu.externaltools.gnu-tools-for-stm32.7-2018-q2-update.win32_1.0.0.201904181610/tools/bin/../lib/gcc/arm-none-eabi/7.3.1/../../../../arm-none-eabi/lib/thumb/v7e-m\libc_nano.a(lib_a-nano-vfprintf_i.o)
                0x0000000008002690                . = ALIGN (0x4)
 *fill*         0x000000000800268f        0x1 

.rel.dyn        0x0000000008002690        0x0
 .rel.iplt      0x0000000008002690        0x0 d:/st/stm32cubeide_1.1.0/stm32cubeide/plugins/com.st.stm32cube.ide.mcu.externaltools.gnu-tools-for-stm32.7-2018-q2-update.win32_1.0.0.201904181610/tools/bin/../lib/gcc/arm-none-eabi/7.3.1/thumb/v7e-m/crtbegin.o

.ARM.extab      0x0000000008002690        0x0
                0x0000000008002690                . = ALIGN (0x4)
 *(.ARM.extab* .gnu.linkonce.armextab.*)
                0x0000000008002690                . = ALIGN (0x4)

.ARM            0x0000000008002690        0x0
                0x0000000008002690                . = ALIGN (0x4)
                0x0000000008002690                __exidx_start = .
 *(.ARM.exidx*)
                0x0000000008002690                __exidx_end = .
                0x0000000008002690                . = ALIGN (0x4)

.preinit_array  0x0000000008002690        0x0
                0x0000000008002690                . = ALIGN (0x4)
                0x0000000008002690                PROVIDE (__preinit_array_start = .)
 *(.preinit_array*)
                0x0000000008002690                PROVIDE (__preinit_array_end = .)
                0x0000000008002690                . = ALIGN (0x4)

.init_array     0x0000000008002690        0x4
                0x0000000008002690                . = ALIGN (0x4)
                0x0000000008002690                PROVIDE (__init_array_start = .)
 *(SORT_BY_NAME(.init_array.*))
 *(.init_array*)
 .init_array    0x0000000008002690        0x4 d:/st/stm32cubeide_1.1.0/stm32cubeide/plugins/com.st.stm32cube.ide.mcu.externaltools.gnu-tools-for-stm32.7-2018-q2-update.win32_1.0.0.201904181610/tools/bin/../lib/gcc/arm-none-eabi/7.3.1/thumb/v7e-m/crtbegin.o
                0x0000000008002694                PROVIDE (__init_array_end = .)
                0x0000000008002694                . = ALIGN (0x4)

.fini_array     0x0000000008002694        0x4
                0x0000000008002694                . = ALIGN (0x4)
                [!provide]                        PROVIDE (__fini_array_start = .)
 *(SORT_BY_NAME(.fini_array.*))
 *(.fini_array*)
 .fini_array    0x0000000008002694        0x4 d:/st/stm32cubeide_1.1.0/stm32cubeide/plugins/com.st.stm32cube.ide.mcu.externaltools.gnu-tools-for-stm32.7-2018-q2-update.win32_1.0.0.201904181610/tools/bin/../lib/gcc/arm-none-eabi/7.3.1/thumb/v7e-m/crtbegin.o
                [!provide]                        PROVIDE (__fini_array_end = .)
                0x0000000008002698                . = ALIGN (0x4)
                0x0000000008002698                _sidata = LOADADDR (.data)

.data           0x0000000020000000       0x78 load address 0x0000000008002698
                0x0000000020000000                . = ALIGN (0x4)
                0x0000000020000000                _sdata = .
 *(.data)
 *(.data*)
 .data.AHB_Prescaler
                0x0000000020000000       0x10 Drivers/src/stm32f446xx_i2c_driver.o
                0x0000000020000000                AHB_Prescaler
 .data.APB1_Prescaler
                0x0000000020000010        0x4 Drivers/src/stm32f446xx_i2c_driver.o
                0x0000000020000010                APB1_Prescaler
 .data._impure_ptr
                0x0000000020000014        0x4 d:/st/stm32cubeide_1.1.0/stm32cubeide/plugins/com.st.stm32cube.ide.mcu.externaltools.gnu-tools-for-stm32.7-2018-q2-update.win32_1.0.0.201904181610/tools/bin/../lib/gcc/arm-none-eabi/7.3.1/../../../../arm-none-eabi/lib/thumb/v7e-m\libc_nano.a(lib_a-impure.o)
                0x0000000020000014                _impure_ptr
 .data.impure_data
                0x0000000020000018       0x60 d:/st/stm32cubeide_1.1.0/stm32cubeide/plugins/com.st.stm32cube.ide.mcu.externaltools.gnu-tools-for-stm32.7-2018-q2-update.win32_1.0.0.201904181610/tools/bin/../lib/gcc/arm-none-eabi/7.3.1/../../../../arm-none-eabi/lib/thumb/v7e-m\libc_nano.a(lib_a-impure.o)
                0x0000000020000078                . = ALIGN (0x4)
                0x0000000020000078                _edata = .

.igot.plt       0x0000000020000078        0x0 load address 0x0000000008002710
 .igot.plt      0x0000000020000078        0x0 d:/st/stm32cubeide_1.1.0/stm32cubeide/plugins/com.st.stm32cube.ide.mcu.externaltools.gnu-tools-for-stm32.7-2018-q2-update.win32_1.0.0.201904181610/tools/bin/../lib/gcc/arm-none-eabi/7.3.1/thumb/v7e-m/crtbegin.o
                0x0000000020000078                . = ALIGN (0x4)

.bss            0x0000000020000078       0x78 load address 0x0000000008002710
                0x0000000020000078                _sbss = .
                0x0000000020000078                __bss_start__ = _sbss
 *(.bss)
 .bss           0x0000000020000078       0x1c d:/st/stm32cubeide_1.1.0/stm32cubeide/plugins/com.st.stm32cube.ide.mcu.externaltools.gnu-tools-for-stm32.7-2018-q2-update.win32_1.0.0.201904181610/tools/bin/../lib/gcc/arm-none-eabi/7.3.1/thumb/v7e-m/crtbegin.o
 *(.bss*)
 .bss.rxComplt  0x0000000020000094        0x1 Src/Tests/012_I2C_MasterRx_IRQ.o
                0x0000000020000094                rxComplt
 *fill*         0x0000000020000095        0x3 
 .bss.heap_end.5149
                0x0000000020000098        0x4 Src/sysmem.o
 .bss.__malloc_free_list
                0x000000002000009c        0x4 d:/st/stm32cubeide_1.1.0/stm32cubeide/plugins/com.st.stm32cube.ide.mcu.externaltools.gnu-tools-for-stm32.7-2018-q2-update.win32_1.0.0.201904181610/tools/bin/../lib/gcc/arm-none-eabi/7.3.1/../../../../arm-none-eabi/lib/thumb/v7e-m\libc_nano.a(lib_a-nano-mallocr.o)
                0x000000002000009c                __malloc_free_list
 .bss.__malloc_sbrk_start
                0x00000000200000a0        0x4 d:/st/stm32cubeide_1.1.0/stm32cubeide/plugins/com.st.stm32cube.ide.mcu.externaltools.gnu-tools-for-stm32.7-2018-q2-update.win32_1.0.0.201904181610/tools/bin/../lib/gcc/arm-none-eabi/7.3.1/../../../../arm-none-eabi/lib/thumb/v7e-m\libc_nano.a(lib_a-nano-mallocr.o)
                0x00000000200000a0                __malloc_sbrk_start
 *(COMMON)
 COMMON         0x00000000200000a4       0x48 Src/Tests/012_I2C_MasterRx_IRQ.o
                0x00000000200000a4                I2C1Handle
                0x00000000200000cc                rcv_buf
 COMMON         0x00000000200000ec        0x4 d:/st/stm32cubeide_1.1.0/stm32cubeide/plugins/com.st.stm32cube.ide.mcu.externaltools.gnu-tools-for-stm32.7-2018-q2-update.win32_1.0.0.201904181610/tools/bin/../lib/gcc/arm-none-eabi/7.3.1/../../../../arm-none-eabi/lib/thumb/v7e-m\libc_nano.a(lib_a-reent.o)
                0x00000000200000ec                errno
                0x00000000200000f0                . = ALIGN (0x4)
                0x00000000200000f0                _ebss = .
                0x00000000200000f0                __bss_end__ = _ebss

._user_heap_stack
                0x00000000200000f0      0x600 load address 0x0000000008002710
                0x00000000200000f0                . = ALIGN (0x8)
                0x00000000200000f0                PROVIDE (end = .)
                [!provide]                        PROVIDE (_end = .)
                0x00000000200002f0                . = (. + _Min_Heap_Size)
 *fill*         0x00000000200000f0      0x200 
                0x00000000200006f0                . = (. + _Min_Stack_Size)
 *fill*         0x00000000200002f0      0x400 
                0x00000000200006f0                . = ALIGN (0x8)

/DISCARD/
 libc.a(*)
 libm.a(*)
 libgcc.a(*)

.ARM.attributes
                0x0000000000000000       0x2a
 *(.ARM.attributes)
 .ARM.attributes
                0x0000000000000000       0x1e d:/st/stm32cubeide_1.1.0/stm32cubeide/plugins/com.st.stm32cube.ide.mcu.externaltools.gnu-tools-for-stm32.7-2018-q2-update.win32_1.0.0.201904181610/tools/bin/../lib/gcc/arm-none-eabi/7.3.1/thumb/v7e-m/crti.o
 .ARM.attributes
                0x000000000000001e       0x2e d:/st/stm32cubeide_1.1.0/stm32cubeide/plugins/com.st.stm32cube.ide.mcu.externaltools.gnu-tools-for-stm32.7-2018-q2-update.win32_1.0.0.201904181610/tools/bin/../lib/gcc/arm-none-eabi/7.3.1/thumb/v7e-m/crtbegin.o
 .ARM.attributes
                0x000000000000004c       0x33 Drivers/src/stm32f446xx_gpio_driver.o
 .ARM.attributes
                0x000000000000007f       0x33 Drivers/src/stm32f446xx_i2c_driver.o
 .ARM.attributes
                0x00000000000000b2       0x33 Src/Tests/012_I2C_MasterRx_IRQ.o
 .ARM.attributes
                0x00000000000000e5       0x33 Src/syscalls.o
 .ARM.attributes
                0x0000000000000118       0x33 Src/sysmem.o
 .ARM.attributes
                0x000000000000014b       0x21 Startup/startup_stm32f446retx.o
 .ARM.attributes
                0x000000000000016c       0x2e d:/st/stm32cubeide_1.1.0/stm32cubeide/plugins/com.st.stm32cube.ide.mcu.externaltools.gnu-tools-for-stm32.7-2018-q2-update.win32_1.0.0.201904181610/tools/bin/../lib/gcc/arm-none-eabi/7.3.1/../../../../arm-none-eabi/lib/thumb/v7e-m\libc_nano.a(lib_a-errno.o)
 .ARM.attributes
                0x000000000000019a       0x2e d:/st/stm32cubeide_1.1.0/stm32cubeide/plugins/com.st.stm32cube.ide.mcu.externaltools.gnu-tools-for-stm32.7-2018-q2-update.win32_1.0.0.201904181610/tools/bin/../lib/gcc/arm-none-eabi/7.3.1/../../../../arm-none-eabi/lib/thumb/v7e-m\libc_nano.a(lib_a-impure.o)
 .ARM.attributes
                0x00000000000001c8       0x2e d:/st/stm32cubeide_1.1.0/stm32cubeide/plugins/com.st.stm32cube.ide.mcu.externaltools.gnu-tools-for-stm32.7-2018-q2-update.win32_1.0.0.201904181610/tools/bin/../lib/gcc/arm-none-eabi/7.3.1/../../../../arm-none-eabi/lib/thumb/v7e-m\libc_nano.a(lib_a-init.o)
 .ARM.attributes
                0x00000000000001f6       0x2e d:/st/stm32cubeide_1.1.0/stm32cubeide/plugins/com.st.stm32cube.ide.mcu.externaltools.gnu-tools-for-stm32.7-2018-q2-update.win32_1.0.0.201904181610/tools/bin/../lib/gcc/arm-none-eabi/7.3.1/../../../../arm-none-eabi/lib/thumb/v7e-m\libc_nano.a(lib_a-memset.o)
 .ARM.attributes
                0x0000000000000224       0x2e d:/st/stm32cubeide_1.1.0/stm32cubeide/plugins/com.st.stm32cube.ide.mcu.externaltools.gnu-tools-for-stm32.7-2018-q2-update.win32_1.0.0.201904181610/tools/bin/../lib/gcc/arm-none-eabi/7.3.1/../../../../arm-none-eabi/lib/thumb/v7e-m\libc_nano.a(lib_a-printf.o)
 .ARM.attributes
                0x0000000000000252       0x2e d:/st/stm32cubeide_1.1.0/stm32cubeide/plugins/com.st.stm32cube.ide.mcu.externaltools.gnu-tools-for-stm32.7-2018-q2-update.win32_1.0.0.201904181610/tools/bin/../lib/gcc/arm-none-eabi/7.3.1/../../../../arm-none-eabi/lib/thumb/v7e-m\libc_nano.a(lib_a-puts.o)
 .ARM.attributes
                0x0000000000000280       0x2e d:/st/stm32cubeide_1.1.0/stm32cubeide/plugins/com.st.stm32cube.ide.mcu.externaltools.gnu-tools-for-stm32.7-2018-q2-update.win32_1.0.0.201904181610/tools/bin/../lib/gcc/arm-none-eabi/7.3.1/../../../../arm-none-eabi/lib/thumb/v7e-m\libc_nano.a(lib_a-wbuf.o)
 .ARM.attributes
                0x00000000000002ae       0x2e d:/st/stm32cubeide_1.1.0/stm32cubeide/plugins/com.st.stm32cube.ide.mcu.externaltools.gnu-tools-for-stm32.7-2018-q2-update.win32_1.0.0.201904181610/tools/bin/../lib/gcc/arm-none-eabi/7.3.1/../../../../arm-none-eabi/lib/thumb/v7e-m\libc_nano.a(lib_a-wsetup.o)
 .ARM.attributes
                0x00000000000002dc       0x2e d:/st/stm32cubeide_1.1.0/stm32cubeide/plugins/com.st.stm32cube.ide.mcu.externaltools.gnu-tools-for-stm32.7-2018-q2-update.win32_1.0.0.201904181610/tools/bin/../lib/gcc/arm-none-eabi/7.3.1/../../../../arm-none-eabi/lib/thumb/v7e-m\libc_nano.a(lib_a-fflush.o)
 .ARM.attributes
                0x000000000000030a       0x2e d:/st/stm32cubeide_1.1.0/stm32cubeide/plugins/com.st.stm32cube.ide.mcu.externaltools.gnu-tools-for-stm32.7-2018-q2-update.win32_1.0.0.201904181610/tools/bin/../lib/gcc/arm-none-eabi/7.3.1/../../../../arm-none-eabi/lib/thumb/v7e-m\libc_nano.a(lib_a-findfp.o)
 .ARM.attributes
                0x0000000000000338       0x2e d:/st/stm32cubeide_1.1.0/stm32cubeide/plugins/com.st.stm32cube.ide.mcu.externaltools.gnu-tools-for-stm32.7-2018-q2-update.win32_1.0.0.201904181610/tools/bin/../lib/gcc/arm-none-eabi/7.3.1/../../../../arm-none-eabi/lib/thumb/v7e-m\libc_nano.a(lib_a-fwalk.o)
 .ARM.attributes
                0x0000000000000366       0x2e d:/st/stm32cubeide_1.1.0/stm32cubeide/plugins/com.st.stm32cube.ide.mcu.externaltools.gnu-tools-for-stm32.7-2018-q2-update.win32_1.0.0.201904181610/tools/bin/../lib/gcc/arm-none-eabi/7.3.1/../../../../arm-none-eabi/lib/thumb/v7e-m\libc_nano.a(lib_a-makebuf.o)
 .ARM.attributes
                0x0000000000000394       0x2e d:/st/stm32cubeide_1.1.0/stm32cubeide/plugins/com.st.stm32cube.ide.mcu.externaltools.gnu-tools-for-stm32.7-2018-q2-update.win32_1.0.0.201904181610/tools/bin/../lib/gcc/arm-none-eabi/7.3.1/../../../../arm-none-eabi/lib/thumb/v7e-m\libc_nano.a(lib_a-nano-freer.o)
 .ARM.attributes
                0x00000000000003c2       0x2e d:/st/stm32cubeide_1.1.0/stm32cubeide/plugins/com.st.stm32cube.ide.mcu.externaltools.gnu-tools-for-stm32.7-2018-q2-update.win32_1.0.0.201904181610/tools/bin/../lib/gcc/arm-none-eabi/7.3.1/../../../../arm-none-eabi/lib/thumb/v7e-m\libc_nano.a(lib_a-nano-mallocr.o)
 .ARM.attributes
                0x00000000000003f0       0x2e d:/st/stm32cubeide_1.1.0/stm32cubeide/plugins/com.st.stm32cube.ide.mcu.externaltools.gnu-tools-for-stm32.7-2018-q2-update.win32_1.0.0.201904181610/tools/bin/../lib/gcc/arm-none-eabi/7.3.1/../../../../arm-none-eabi/lib/thumb/v7e-m\libc_nano.a(lib_a-nano-vfprintf.o)
 .ARM.attributes
                0x000000000000041e       0x2e d:/st/stm32cubeide_1.1.0/stm32cubeide/plugins/com.st.stm32cube.ide.mcu.externaltools.gnu-tools-for-stm32.7-2018-q2-update.win32_1.0.0.201904181610/tools/bin/../lib/gcc/arm-none-eabi/7.3.1/../../../../arm-none-eabi/lib/thumb/v7e-m\libc_nano.a(lib_a-nano-vfprintf_i.o)
 .ARM.attributes
                0x000000000000044c       0x2e d:/st/stm32cubeide_1.1.0/stm32cubeide/plugins/com.st.stm32cube.ide.mcu.externaltools.gnu-tools-for-stm32.7-2018-q2-update.win32_1.0.0.201904181610/tools/bin/../lib/gcc/arm-none-eabi/7.3.1/../../../../arm-none-eabi/lib/thumb/v7e-m\libc_nano.a(lib_a-sbrkr.o)
 .ARM.attributes
                0x000000000000047a       0x2e d:/st/stm32cubeide_1.1.0/stm32cubeide/plugins/com.st.stm32cube.ide.mcu.externaltools.gnu-tools-for-stm32.7-2018-q2-update.win32_1.0.0.201904181610/tools/bin/../lib/gcc/arm-none-eabi/7.3.1/../../../../arm-none-eabi/lib/thumb/v7e-m\libc_nano.a(lib_a-stdio.o)
 .ARM.attributes
                0x00000000000004a8       0x2e d:/st/stm32cubeide_1.1.0/stm32cubeide/plugins/com.st.stm32cube.ide.mcu.externaltools.gnu-tools-for-stm32.7-2018-q2-update.win32_1.0.0.201904181610/tools/bin/../lib/gcc/arm-none-eabi/7.3.1/../../../../arm-none-eabi/lib/thumb/v7e-m\libc_nano.a(lib_a-writer.o)
 .ARM.attributes
                0x00000000000004d6       0x2e d:/st/stm32cubeide_1.1.0/stm32cubeide/plugins/com.st.stm32cube.ide.mcu.externaltools.gnu-tools-for-stm32.7-2018-q2-update.win32_1.0.0.201904181610/tools/bin/../lib/gcc/arm-none-eabi/7.3.1/../../../../arm-none-eabi/lib/thumb/v7e-m\libc_nano.a(lib_a-closer.o)
 .ARM.attributes
                0x0000000000000504       0x2e d:/st/stm32cubeide_1.1.0/stm32cubeide/plugins/com.st.stm32cube.ide.mcu.externaltools.gnu-tools-for-stm32.7-2018-q2-update.win32_1.0.0.201904181610/tools/bin/../lib/gcc/arm-none-eabi/7.3.1/../../../../arm-none-eabi/lib/thumb/v7e-m\libc_nano.a(lib_a-fstatr.o)
 .ARM.attributes
                0x0000000000000532       0x2e d:/st/stm32cubeide_1.1.0/stm32cubeide/plugins/com.st.stm32cube.ide.mcu.externaltools.gnu-tools-for-stm32.7-2018-q2-update.win32_1.0.0.201904181610/tools/bin/../lib/gcc/arm-none-eabi/7.3.1/../../../../arm-none-eabi/lib/thumb/v7e-m\libc_nano.a(lib_a-isattyr.o)
 .ARM.attributes
                0x0000000000000560       0x2e d:/st/stm32cubeide_1.1.0/stm32cubeide/plugins/com.st.stm32cube.ide.mcu.externaltools.gnu-tools-for-stm32.7-2018-q2-update.win32_1.0.0.201904181610/tools/bin/../lib/gcc/arm-none-eabi/7.3.1/../../../../arm-none-eabi/lib/thumb/v7e-m\libc_nano.a(lib_a-lseekr.o)
 .ARM.attributes
                0x000000000000058e       0x1c d:/st/stm32cubeide_1.1.0/stm32cubeide/plugins/com.st.stm32cube.ide.mcu.externaltools.gnu-tools-for-stm32.7-2018-q2-update.win32_1.0.0.201904181610/tools/bin/../lib/gcc/arm-none-eabi/7.3.1/../../../../arm-none-eabi/lib/thumb/v7e-m\libc_nano.a(lib_a-memchr.o)
 .ARM.attributes
                0x00000000000005aa       0x2e d:/st/stm32cubeide_1.1.0/stm32cubeide/plugins/com.st.stm32cube.ide.mcu.externaltools.gnu-tools-for-stm32.7-2018-q2-update.win32_1.0.0.201904181610/tools/bin/../lib/gcc/arm-none-eabi/7.3.1/../../../../arm-none-eabi/lib/thumb/v7e-m\libc_nano.a(lib_a-mlock.o)
 .ARM.attributes
                0x00000000000005d8       0x2e d:/st/stm32cubeide_1.1.0/stm32cubeide/plugins/com.st.stm32cube.ide.mcu.externaltools.gnu-tools-for-stm32.7-2018-q2-update.win32_1.0.0.201904181610/tools/bin/../lib/gcc/arm-none-eabi/7.3.1/../../../../arm-none-eabi/lib/thumb/v7e-m\libc_nano.a(lib_a-readr.o)
 .ARM.attributes
                0x0000000000000606       0x2e d:/st/stm32cubeide_1.1.0/stm32cubeide/plugins/com.st.stm32cube.ide.mcu.externaltools.gnu-tools-for-stm32.7-2018-q2-update.win32_1.0.0.201904181610/tools/bin/../lib/gcc/arm-none-eabi/7.3.1/../../../../arm-none-eabi/lib/thumb/v7e-m\libc_nano.a(lib_a-reent.o)
 .ARM.attributes
                0x0000000000000634       0x1e d:/st/stm32cubeide_1.1.0/stm32cubeide/plugins/com.st.stm32cube.ide.mcu.externaltools.gnu-tools-for-stm32.7-2018-q2-update.win32_1.0.0.201904181610/tools/bin/../lib/gcc/arm-none-eabi/7.3.1/thumb/v7e-m/crtn.o
OUTPUT(stm32f4xx_drivers.elf elf32-littlearm)

.debug_info     0x0000000000000000     0x36c4
 .debug_info    0x0000000000000000      0x748 Drivers/src/stm32f446xx_gpio_driver.o
 .debug_info    0x0000000000000748      0xa86 Drivers/src/stm32f446xx_i2c_driver.o
 .debug_info    0x00000000000011ce      0xcbb Src/Tests/012_I2C_MasterRx_IRQ.o
 .debug_info    0x0000000000001e89      0xefd Src/syscalls.o
 .debug_info    0x0000000000002d86      0x91c Src/sysmem.o
 .debug_info    0x00000000000036a2       0x22 Startup/startup_stm32f446retx.o

.debug_abbrev   0x0000000000000000      0x9b7
 .debug_abbrev  0x0000000000000000      0x159 Drivers/src/stm32f446xx_gpio_driver.o
 .debug_abbrev  0x0000000000000159      0x219 Drivers/src/stm32f446xx_i2c_driver.o
 .debug_abbrev  0x0000000000000372      0x1ff Src/Tests/012_I2C_MasterRx_IRQ.o
 .debug_abbrev  0x0000000000000571      0x279 Src/syscalls.o
 .debug_abbrev  0x00000000000007ea      0x1bb Src/sysmem.o
 .debug_abbrev  0x00000000000009a5       0x12 Startup/startup_stm32f446retx.o

.debug_aranges  0x0000000000000000      0x2a8
 .debug_aranges
                0x0000000000000000       0x70 Drivers/src/stm32f446xx_gpio_driver.o
 .debug_aranges
                0x0000000000000070       0xe8 Drivers/src/stm32f446xx_i2c_driver.o
 .debug_aranges
                0x0000000000000158       0x58 Src/Tests/012_I2C_MasterRx_IRQ.o
 .debug_aranges
                0x00000000000001b0       0xb0 Src/syscalls.o
 .debug_aranges
                0x0000000000000260       0x20 Src/sysmem.o
 .debug_aranges
                0x0000000000000280       0x28 Startup/startup_stm32f446retx.o

.debug_ranges   0x0000000000000000      0x250
 .debug_ranges  0x0000000000000000       0x60 Drivers/src/stm32f446xx_gpio_driver.o
 .debug_ranges  0x0000000000000060       0xd8 Drivers/src/stm32f446xx_i2c_driver.o
 .debug_ranges  0x0000000000000138       0x48 Src/Tests/012_I2C_MasterRx_IRQ.o
 .debug_ranges  0x0000000000000180       0xa0 Src/syscalls.o
 .debug_ranges  0x0000000000000220       0x10 Src/sysmem.o
 .debug_ranges  0x0000000000000230       0x20 Startup/startup_stm32f446retx.o

.debug_macro    0x0000000000000000     0x392e
 .debug_macro   0x0000000000000000       0xad Drivers/src/stm32f446xx_gpio_driver.o
 .debug_macro   0x00000000000000ad      0xa66 Drivers/src/stm32f446xx_gpio_driver.o
 .debug_macro   0x0000000000000b13      0x174 Drivers/src/stm32f446xx_gpio_driver.o
 .debug_macro   0x0000000000000c87       0x22 Drivers/src/stm32f446xx_gpio_driver.o
 .debug_macro   0x0000000000000ca9       0x8e Drivers/src/stm32f446xx_gpio_driver.o
 .debug_macro   0x0000000000000d37       0x51 Drivers/src/stm32f446xx_gpio_driver.o
 .debug_macro   0x0000000000000d88       0xef Drivers/src/stm32f446xx_gpio_driver.o
 .debug_macro   0x0000000000000e77       0x6a Drivers/src/stm32f446xx_gpio_driver.o
 .debug_macro   0x0000000000000ee1      0x1df Drivers/src/stm32f446xx_gpio_driver.o
 .debug_macro   0x00000000000010c0      0x8a6 Drivers/src/stm32f446xx_gpio_driver.o
 .debug_macro   0x0000000000001966       0xbe Drivers/src/stm32f446xx_gpio_driver.o
 .debug_macro   0x0000000000001a24       0xd0 Drivers/src/stm32f446xx_gpio_driver.o
 .debug_macro   0x0000000000001af4       0xc4 Drivers/src/stm32f446xx_gpio_driver.o
 .debug_macro   0x0000000000001bb8       0xad Drivers/src/stm32f446xx_i2c_driver.o
 .debug_macro   0x0000000000001c65      0x22f Src/Tests/012_I2C_MasterRx_IRQ.o
 .debug_macro   0x0000000000001e94       0x40 Src/Tests/012_I2C_MasterRx_IRQ.o
 .debug_macro   0x0000000000001ed4       0x18 Src/Tests/012_I2C_MasterRx_IRQ.o
 .debug_macro   0x0000000000001eec       0x94 Src/Tests/012_I2C_MasterRx_IRQ.o
 .debug_macro   0x0000000000001f80       0x3c Src/Tests/012_I2C_MasterRx_IRQ.o
 .debug_macro   0x0000000000001fbc       0x34 Src/Tests/012_I2C_MasterRx_IRQ.o
 .debug_macro   0x0000000000001ff0       0x16 Src/Tests/012_I2C_MasterRx_IRQ.o
 .debug_macro   0x0000000000002006       0x57 Src/Tests/012_I2C_MasterRx_IRQ.o
 .debug_macro   0x000000000000205d       0x97 Src/Tests/012_I2C_MasterRx_IRQ.o
 .debug_macro   0x00000000000020f4      0x330 Src/Tests/012_I2C_MasterRx_IRQ.o
 .debug_macro   0x0000000000002424       0xfd Src/Tests/012_I2C_MasterRx_IRQ.o
 .debug_macro   0x0000000000002521       0x10 Src/Tests/012_I2C_MasterRx_IRQ.o
 .debug_macro   0x0000000000002531       0x52 Src/Tests/012_I2C_MasterRx_IRQ.o
 .debug_macro   0x0000000000002583       0x1f Src/Tests/012_I2C_MasterRx_IRQ.o
 .debug_macro   0x00000000000025a2       0x43 Src/Tests/012_I2C_MasterRx_IRQ.o
 .debug_macro   0x00000000000025e5       0x20 Src/Tests/012_I2C_MasterRx_IRQ.o
 .debug_macro   0x0000000000002605      0x1a3 Src/Tests/012_I2C_MasterRx_IRQ.o
 .debug_macro   0x00000000000027a8       0x10 Src/Tests/012_I2C_MasterRx_IRQ.o
 .debug_macro   0x00000000000027b8       0x1c Src/Tests/012_I2C_MasterRx_IRQ.o
 .debug_macro   0x00000000000027d4       0x52 Src/Tests/012_I2C_MasterRx_IRQ.o
 .debug_macro   0x0000000000002826       0x40 Src/Tests/012_I2C_MasterRx_IRQ.o
 .debug_macro   0x0000000000002866       0x10 Src/Tests/012_I2C_MasterRx_IRQ.o
 .debug_macro   0x0000000000002876       0x40 Src/Tests/012_I2C_MasterRx_IRQ.o
 .debug_macro   0x00000000000028b6       0xd7 Src/Tests/012_I2C_MasterRx_IRQ.o
 .debug_macro   0x000000000000298d       0x1c Src/Tests/012_I2C_MasterRx_IRQ.o
 .debug_macro   0x00000000000029a9       0x3d Src/Tests/012_I2C_MasterRx_IRQ.o
 .debug_macro   0x00000000000029e6       0x16 Src/Tests/012_I2C_MasterRx_IRQ.o
 .debug_macro   0x00000000000029fc      0x145 Src/Tests/012_I2C_MasterRx_IRQ.o
 .debug_macro   0x0000000000002b41       0x16 Src/Tests/012_I2C_MasterRx_IRQ.o
 .debug_macro   0x0000000000002b57       0x35 Src/Tests/012_I2C_MasterRx_IRQ.o
 .debug_macro   0x0000000000002b8c       0x20 Src/Tests/012_I2C_MasterRx_IRQ.o
 .debug_macro   0x0000000000002bac       0xc4 Src/Tests/012_I2C_MasterRx_IRQ.o
 .debug_macro   0x0000000000002c70      0x255 Src/syscalls.o
 .debug_macro   0x0000000000002ec5       0x10 Src/syscalls.o
 .debug_macro   0x0000000000002ed5       0x10 Src/syscalls.o
 .debug_macro   0x0000000000002ee5       0x10 Src/syscalls.o
 .debug_macro   0x0000000000002ef5       0x35 Src/syscalls.o
 .debug_macro   0x0000000000002f2a      0x122 Src/syscalls.o
 .debug_macro   0x000000000000304c       0x16 Src/syscalls.o
 .debug_macro   0x0000000000003062       0x16 Src/syscalls.o
 .debug_macro   0x0000000000003078       0x29 Src/syscalls.o
 .debug_macro   0x00000000000030a1       0x10 Src/syscalls.o
 .debug_macro   0x00000000000030b1      0x241 Src/syscalls.o
 .debug_macro   0x00000000000032f2       0x1c Src/syscalls.o
 .debug_macro   0x000000000000330e       0x10 Src/syscalls.o
 .debug_macro   0x000000000000331e      0x189 Src/syscalls.o
 .debug_macro   0x00000000000034a7       0x16 Src/syscalls.o
 .debug_macro   0x00000000000034bd       0x88 Src/syscalls.o
 .debug_macro   0x0000000000003545      0x1ae Src/sysmem.o
 .debug_macro   0x00000000000036f3      0x23b Src/sysmem.o

.debug_line     0x0000000000000000     0x2302
 .debug_line    0x0000000000000000      0x668 Drivers/src/stm32f446xx_gpio_driver.o
 .debug_line    0x0000000000000668      0x816 Drivers/src/stm32f446xx_i2c_driver.o
 .debug_line    0x0000000000000e7e      0x74e Src/Tests/012_I2C_MasterRx_IRQ.o
 .debug_line    0x00000000000015cc      0x759 Src/syscalls.o
 .debug_line    0x0000000000001d25      0x559 Src/sysmem.o
 .debug_line    0x000000000000227e       0x84 Startup/startup_stm32f446retx.o

.debug_str      0x0000000000000000     0xc809
 .debug_str     0x0000000000000000     0x6f8d Drivers/src/stm32f446xx_gpio_driver.o
                                       0x71b0 (size before relaxing)
 .debug_str     0x0000000000006f8d      0x3ce Drivers/src/stm32f446xx_i2c_driver.o
                                       0x732d (size before relaxing)
 .debug_str     0x000000000000735b     0x41d1 Src/Tests/012_I2C_MasterRx_IRQ.o
                                       0xb1fd (size before relaxing)
 .debug_str     0x000000000000b52c     0x127b Src/syscalls.o
                                       0x8946 (size before relaxing)
 .debug_str     0x000000000000c7a7       0x31 Src/sysmem.o
                                       0x7ae4 (size before relaxing)
 .debug_str     0x000000000000c7d8       0x31 Startup/startup_stm32f446retx.o
                                         0x71 (size before relaxing)

.comment        0x0000000000000000       0x7b
 .comment       0x0000000000000000       0x7b Drivers/src/stm32f446xx_gpio_driver.o
                                         0x7c (size before relaxing)
 .comment       0x000000000000007b       0x7c Drivers/src/stm32f446xx_i2c_driver.o
 .comment       0x000000000000007b       0x7c Src/Tests/012_I2C_MasterRx_IRQ.o
 .comment       0x000000000000007b       0x7c Src/syscalls.o
 .comment       0x000000000000007b       0x7c Src/sysmem.o

.debug_frame    0x0000000000000000     0x1144
 .debug_frame   0x0000000000000000      0x1c8 Drivers/src/stm32f446xx_gpio_driver.o
 .debug_frame   0x00000000000001c8      0x3ec Drivers/src/stm32f446xx_i2c_driver.o
 .debug_frame   0x00000000000005b4      0x118 Src/Tests/012_I2C_MasterRx_IRQ.o
 .debug_frame   0x00000000000006cc      0x2d4 Src/syscalls.o
 .debug_frame   0x00000000000009a0       0x34 Src/sysmem.o
 .debug_frame   0x00000000000009d4       0x20 d:/st/stm32cubeide_1.1.0/stm32cubeide/plugins/com.st.stm32cube.ide.mcu.externaltools.gnu-tools-for-stm32.7-2018-q2-update.win32_1.0.0.201904181610/tools/bin/../lib/gcc/arm-none-eabi/7.3.1/../../../../arm-none-eabi/lib/thumb/v7e-m\libc_nano.a(lib_a-errno.o)
 .debug_frame   0x00000000000009f4       0x2c d:/st/stm32cubeide_1.1.0/stm32cubeide/plugins/com.st.stm32cube.ide.mcu.externaltools.gnu-tools-for-stm32.7-2018-q2-update.win32_1.0.0.201904181610/tools/bin/../lib/gcc/arm-none-eabi/7.3.1/../../../../arm-none-eabi/lib/thumb/v7e-m\libc_nano.a(lib_a-init.o)
 .debug_frame   0x0000000000000a20       0x20 d:/st/stm32cubeide_1.1.0/stm32cubeide/plugins/com.st.stm32cube.ide.mcu.externaltools.gnu-tools-for-stm32.7-2018-q2-update.win32_1.0.0.201904181610/tools/bin/../lib/gcc/arm-none-eabi/7.3.1/../../../../arm-none-eabi/lib/thumb/v7e-m\libc_nano.a(lib_a-memset.o)
 .debug_frame   0x0000000000000a40       0x74 d:/st/stm32cubeide_1.1.0/stm32cubeide/plugins/com.st.stm32cube.ide.mcu.externaltools.gnu-tools-for-stm32.7-2018-q2-update.win32_1.0.0.201904181610/tools/bin/../lib/gcc/arm-none-eabi/7.3.1/../../../../arm-none-eabi/lib/thumb/v7e-m\libc_nano.a(lib_a-printf.o)
 .debug_frame   0x0000000000000ab4       0x3c d:/st/stm32cubeide_1.1.0/stm32cubeide/plugins/com.st.stm32cube.ide.mcu.externaltools.gnu-tools-for-stm32.7-2018-q2-update.win32_1.0.0.201904181610/tools/bin/../lib/gcc/arm-none-eabi/7.3.1/../../../../arm-none-eabi/lib/thumb/v7e-m\libc_nano.a(lib_a-puts.o)
 .debug_frame   0x0000000000000af0       0x40 d:/st/stm32cubeide_1.1.0/stm32cubeide/plugins/com.st.stm32cube.ide.mcu.externaltools.gnu-tools-for-stm32.7-2018-q2-update.win32_1.0.0.201904181610/tools/bin/../lib/gcc/arm-none-eabi/7.3.1/../../../../arm-none-eabi/lib/thumb/v7e-m\libc_nano.a(lib_a-wbuf.o)
 .debug_frame   0x0000000000000b30       0x2c d:/st/stm32cubeide_1.1.0/stm32cubeide/plugins/com.st.stm32cube.ide.mcu.externaltools.gnu-tools-for-stm32.7-2018-q2-update.win32_1.0.0.201904181610/tools/bin/../lib/gcc/arm-none-eabi/7.3.1/../../../../arm-none-eabi/lib/thumb/v7e-m\libc_nano.a(lib_a-wsetup.o)
 .debug_frame   0x0000000000000b5c       0x68 d:/st/stm32cubeide_1.1.0/stm32cubeide/plugins/com.st.stm32cube.ide.mcu.externaltools.gnu-tools-for-stm32.7-2018-q2-update.win32_1.0.0.201904181610/tools/bin/../lib/gcc/arm-none-eabi/7.3.1/../../../../arm-none-eabi/lib/thumb/v7e-m\libc_nano.a(lib_a-fflush.o)
 .debug_frame   0x0000000000000bc4      0x11c d:/st/stm32cubeide_1.1.0/stm32cubeide/plugins/com.st.stm32cube.ide.mcu.externaltools.gnu-tools-for-stm32.7-2018-q2-update.win32_1.0.0.201904181610/tools/bin/../lib/gcc/arm-none-eabi/7.3.1/../../../../arm-none-eabi/lib/thumb/v7e-m\libc_nano.a(lib_a-findfp.o)
 .debug_frame   0x0000000000000ce0       0x54 d:/st/stm32cubeide_1.1.0/stm32cubeide/plugins/com.st.stm32cube.ide.mcu.externaltools.gnu-tools-for-stm32.7-2018-q2-update.win32_1.0.0.201904181610/tools/bin/../lib/gcc/arm-none-eabi/7.3.1/../../../../arm-none-eabi/lib/thumb/v7e-m\libc_nano.a(lib_a-fwalk.o)
 .debug_frame   0x0000000000000d34       0x58 d:/st/stm32cubeide_1.1.0/stm32cubeide/plugins/com.st.stm32cube.ide.mcu.externaltools.gnu-tools-for-stm32.7-2018-q2-update.win32_1.0.0.201904181610/tools/bin/../lib/gcc/arm-none-eabi/7.3.1/../../../../arm-none-eabi/lib/thumb/v7e-m\libc_nano.a(lib_a-makebuf.o)
 .debug_frame   0x0000000000000d8c       0x38 d:/st/stm32cubeide_1.1.0/stm32cubeide/plugins/com.st.stm32cube.ide.mcu.externaltools.gnu-tools-for-stm32.7-2018-q2-update.win32_1.0.0.201904181610/tools/bin/../lib/gcc/arm-none-eabi/7.3.1/../../../../arm-none-eabi/lib/thumb/v7e-m\libc_nano.a(lib_a-nano-freer.o)
 .debug_frame   0x0000000000000dc4       0x2c d:/st/stm32cubeide_1.1.0/stm32cubeide/plugins/com.st.stm32cube.ide.mcu.externaltools.gnu-tools-for-stm32.7-2018-q2-update.win32_1.0.0.201904181610/tools/bin/../lib/gcc/arm-none-eabi/7.3.1/../../../../arm-none-eabi/lib/thumb/v7e-m\libc_nano.a(lib_a-nano-mallocr.o)
 .debug_frame   0x0000000000000df0       0xac d:/st/stm32cubeide_1.1.0/stm32cubeide/plugins/com.st.stm32cube.ide.mcu.externaltools.gnu-tools-for-stm32.7-2018-q2-update.win32_1.0.0.201904181610/tools/bin/../lib/gcc/arm-none-eabi/7.3.1/../../../../arm-none-eabi/lib/thumb/v7e-m\libc_nano.a(lib_a-nano-vfprintf.o)
 .debug_frame   0x0000000000000e9c       0x60 d:/st/stm32cubeide_1.1.0/stm32cubeide/plugins/com.st.stm32cube.ide.mcu.externaltools.gnu-tools-for-stm32.7-2018-q2-update.win32_1.0.0.201904181610/tools/bin/../lib/gcc/arm-none-eabi/7.3.1/../../../../arm-none-eabi/lib/thumb/v7e-m\libc_nano.a(lib_a-nano-vfprintf_i.o)
 .debug_frame   0x0000000000000efc       0x2c d:/st/stm32cubeide_1.1.0/stm32cubeide/plugins/com.st.stm32cube.ide.mcu.externaltools.gnu-tools-for-stm32.7-2018-q2-update.win32_1.0.0.201904181610/tools/bin/../lib/gcc/arm-none-eabi/7.3.1/../../../../arm-none-eabi/lib/thumb/v7e-m\libc_nano.a(lib_a-sbrkr.o)
 .debug_frame   0x0000000000000f28       0x88 d:/st/stm32cubeide_1.1.0/stm32cubeide/plugins/com.st.stm32cube.ide.mcu.externaltools.gnu-tools-for-stm32.7-2018-q2-update.win32_1.0.0.201904181610/tools/bin/../lib/gcc/arm-none-eabi/7.3.1/../../../../arm-none-eabi/lib/thumb/v7e-m\libc_nano.a(lib_a-stdio.o)
 .debug_frame   0x0000000000000fb0       0x2c d:/st/stm32cubeide_1.1.0/stm32cubeide/plugins/com.st.stm32cube.ide.mcu.externaltools.gnu-tools-for-stm32.7-2018-q2-update.win32_1.0.0.201904181610/tools/bin/../lib/gcc/arm-none-eabi/7.3.1/../../../../arm-none-eabi/lib/thumb/v7e-m\libc_nano.a(lib_a-writer.o)
 .debug_frame   0x0000000000000fdc       0x2c d:/st/stm32cubeide_1.1.0/stm32cubeide/plugins/com.st.stm32cube.ide.mcu.externaltools.gnu-tools-for-stm32.7-2018-q2-update.win32_1.0.0.201904181610/tools/bin/../lib/gcc/arm-none-eabi/7.3.1/../../../../arm-none-eabi/lib/thumb/v7e-m\libc_nano.a(lib_a-closer.o)
 .debug_frame   0x0000000000001008       0x2c d:/st/stm32cubeide_1.1.0/stm32cubeide/plugins/com.st.stm32cube.ide.mcu.externaltools.gnu-tools-for-stm32.7-2018-q2-update.win32_1.0.0.201904181610/tools/bin/../lib/gcc/arm-none-eabi/7.3.1/../../../../arm-none-eabi/lib/thumb/v7e-m\libc_nano.a(lib_a-fstatr.o)
 .debug_frame   0x0000000000001034       0x2c d:/st/stm32cubeide_1.1.0/stm32cubeide/plugins/com.st.stm32cube.ide.mcu.externaltools.gnu-tools-for-stm32.7-2018-q2-update.win32_1.0.0.201904181610/tools/bin/../lib/gcc/arm-none-eabi/7.3.1/../../../../arm-none-eabi/lib/thumb/v7e-m\libc_nano.a(lib_a-isattyr.o)
 .debug_frame   0x0000000000001060       0x2c d:/st/stm32cubeide_1.1.0/stm32cubeide/plugins/com.st.stm32cube.ide.mcu.externaltools.gnu-tools-for-stm32.7-2018-q2-update.win32_1.0.0.201904181610/tools/bin/../lib/gcc/arm-none-eabi/7.3.1/../../../../arm-none-eabi/lib/thumb/v7e-m\libc_nano.a(lib_a-lseekr.o)
 .debug_frame   0x000000000000108c       0x30 d:/st/stm32cubeide_1.1.0/stm32cubeide/plugins/com.st.stm32cube.ide.mcu.externaltools.gnu-tools-for-stm32.7-2018-q2-update.win32_1.0.0.201904181610/tools/bin/../lib/gcc/arm-none-eabi/7.3.1/../../../../arm-none-eabi/lib/thumb/v7e-m\libc_nano.a(lib_a-mlock.o)
 .debug_frame   0x00000000000010bc       0x2c d:/st/stm32cubeide_1.1.0/stm32cubeide/plugins/com.st.stm32cube.ide.mcu.externaltools.gnu-tools-for-stm32.7-2018-q2-update.win32_1.0.0.201904181610/tools/bin/../lib/gcc/arm-none-eabi/7.3.1/../../../../arm-none-eabi/lib/thumb/v7e-m\libc_nano.a(lib_a-readr.o)
 .debug_frame   0x00000000000010e8       0x5c d:/st/stm32cubeide_1.1.0/stm32cubeide/plugins/com.st.stm32cube.ide.mcu.externaltools.gnu-tools-for-stm32.7-2018-q2-update.win32_1.0.0.201904181610/tools/bin/../lib/gcc/arm-none-eabi/7.3.1/../../../../arm-none-eabi/lib/thumb/v7e-m\libc_nano.a(lib_a-reent.o)
