Archive member included to satisfy reference by file (symbol)

d:/st/stm32cubeide_1.1.0/stm32cubeide/plugins/com.st.stm32cube.ide.mcu.externaltools.gnu-tools-for-stm32.7-2018-q2-update.win32_1.0.0.201904181610/tools/bin/../lib/gcc/arm-none-eabi/7.3.1/../../../../arm-none-eabi/lib/thumb/v7e-m\libc_nano.a(lib_a-errno.o)
                              Src/syscalls.o (__errno)
d:/st/stm32cubeide_1.1.0/stm32cubeide/plugins/com.st.stm32cube.ide.mcu.externaltools.gnu-tools-for-stm32.7-2018-q2-update.win32_1.0.0.201904181610/tools/bin/../lib/gcc/arm-none-eabi/7.3.1/../../../../arm-none-eabi/lib/thumb/v7e-m\libc_nano.a(lib_a-exit.o)
                              d:/st/stm32cubeide_1.1.0/stm32cubeide/plugins/com.st.stm32cube.ide.mcu.externaltools.gnu-tools-for-stm32.7-2018-q2-update.win32_1.0.0.201904181610/tools/bin/../lib/gcc/arm-none-eabi/7.3.1/../../../../arm-none-eabi/lib/thumb/v7e-m/crt0.o (exit)
d:/st/stm32cubeide_1.1.0/stm32cubeide/plugins/com.st.stm32cube.ide.mcu.externaltools.gnu-tools-for-stm32.7-2018-q2-update.win32_1.0.0.201904181610/tools/bin/../lib/gcc/arm-none-eabi/7.3.1/../../../../arm-none-eabi/lib/thumb/v7e-m\libc_nano.a(lib_a-impure.o)
                              d:/st/stm32cubeide_1.1.0/stm32cubeide/plugins/com.st.stm32cube.ide.mcu.externaltools.gnu-tools-for-stm32.7-2018-q2-update.win32_1.0.0.201904181610/tools/bin/../lib/gcc/arm-none-eabi/7.3.1/../../../../arm-none-eabi/lib/thumb/v7e-m\libc_nano.a(lib_a-exit.o) (_global_impure_ptr)
d:/st/stm32cubeide_1.1.0/stm32cubeide/plugins/com.st.stm32cube.ide.mcu.externaltools.gnu-tools-for-stm32.7-2018-q2-update.win32_1.0.0.201904181610/tools/bin/../lib/gcc/arm-none-eabi/7.3.1/../../../../arm-none-eabi/lib/thumb/v7e-m\libc_nano.a(lib_a-init.o)
                              d:/st/stm32cubeide_1.1.0/stm32cubeide/plugins/com.st.stm32cube.ide.mcu.externaltools.gnu-tools-for-stm32.7-2018-q2-update.win32_1.0.0.201904181610/tools/bin/../lib/gcc/arm-none-eabi/7.3.1/../../../../arm-none-eabi/lib/thumb/v7e-m/crt0.o (__libc_init_array)
d:/st/stm32cubeide_1.1.0/stm32cubeide/plugins/com.st.stm32cube.ide.mcu.externaltools.gnu-tools-for-stm32.7-2018-q2-update.win32_1.0.0.201904181610/tools/bin/../lib/gcc/arm-none-eabi/7.3.1/../../../../arm-none-eabi/lib/thumb/v7e-m\libc_nano.a(lib_a-memset.o)
                              d:/st/stm32cubeide_1.1.0/stm32cubeide/plugins/com.st.stm32cube.ide.mcu.externaltools.gnu-tools-for-stm32.7-2018-q2-update.win32_1.0.0.201904181610/tools/bin/../lib/gcc/arm-none-eabi/7.3.1/../../../../arm-none-eabi/lib/thumb/v7e-m/crt0.o (memset)

Allocating common symbols
Common symbol       size              file

ReadByte            0x1               Src/Tests/009_SPI_TxRx_Arduino_IRQ.o
SPI2handle          0x24              Src/Tests/009_SPI_TxRx_Arduino_IRQ.o
RcvBuff             0x64              Src/Tests/009_SPI_TxRx_Arduino_IRQ.o

Discarded input sections

 .text          0x0000000000000000        0x0 d:/st/stm32cubeide_1.1.0/stm32cubeide/plugins/com.st.stm32cube.ide.mcu.externaltools.gnu-tools-for-stm32.7-2018-q2-update.win32_1.0.0.201904181610/tools/bin/../lib/gcc/arm-none-eabi/7.3.1/thumb/v7e-m/crti.o
 .data          0x0000000000000000        0x0 d:/st/stm32cubeide_1.1.0/stm32cubeide/plugins/com.st.stm32cube.ide.mcu.externaltools.gnu-tools-for-stm32.7-2018-q2-update.win32_1.0.0.201904181610/tools/bin/../lib/gcc/arm-none-eabi/7.3.1/thumb/v7e-m/crti.o
 .bss           0x0000000000000000        0x0 d:/st/stm32cubeide_1.1.0/stm32cubeide/plugins/com.st.stm32cube.ide.mcu.externaltools.gnu-tools-for-stm32.7-2018-q2-update.win32_1.0.0.201904181610/tools/bin/../lib/gcc/arm-none-eabi/7.3.1/thumb/v7e-m/crti.o
 .data          0x0000000000000000        0x4 d:/st/stm32cubeide_1.1.0/stm32cubeide/plugins/com.st.stm32cube.ide.mcu.externaltools.gnu-tools-for-stm32.7-2018-q2-update.win32_1.0.0.201904181610/tools/bin/../lib/gcc/arm-none-eabi/7.3.1/thumb/v7e-m/crtbegin.o
 .text          0x0000000000000000       0x74 d:/st/stm32cubeide_1.1.0/stm32cubeide/plugins/com.st.stm32cube.ide.mcu.externaltools.gnu-tools-for-stm32.7-2018-q2-update.win32_1.0.0.201904181610/tools/bin/../lib/gcc/arm-none-eabi/7.3.1/../../../../arm-none-eabi/lib/thumb/v7e-m/crt0.o
 .data          0x0000000000000000        0x0 d:/st/stm32cubeide_1.1.0/stm32cubeide/plugins/com.st.stm32cube.ide.mcu.externaltools.gnu-tools-for-stm32.7-2018-q2-update.win32_1.0.0.201904181610/tools/bin/../lib/gcc/arm-none-eabi/7.3.1/../../../../arm-none-eabi/lib/thumb/v7e-m/crt0.o
 .bss           0x0000000000000000        0x0 d:/st/stm32cubeide_1.1.0/stm32cubeide/plugins/com.st.stm32cube.ide.mcu.externaltools.gnu-tools-for-stm32.7-2018-q2-update.win32_1.0.0.201904181610/tools/bin/../lib/gcc/arm-none-eabi/7.3.1/../../../../arm-none-eabi/lib/thumb/v7e-m/crt0.o
 .ARM.extab     0x0000000000000000        0x0 d:/st/stm32cubeide_1.1.0/stm32cubeide/plugins/com.st.stm32cube.ide.mcu.externaltools.gnu-tools-for-stm32.7-2018-q2-update.win32_1.0.0.201904181610/tools/bin/../lib/gcc/arm-none-eabi/7.3.1/../../../../arm-none-eabi/lib/thumb/v7e-m/crt0.o
 .ARM.exidx     0x0000000000000000        0x8 d:/st/stm32cubeide_1.1.0/stm32cubeide/plugins/com.st.stm32cube.ide.mcu.externaltools.gnu-tools-for-stm32.7-2018-q2-update.win32_1.0.0.201904181610/tools/bin/../lib/gcc/arm-none-eabi/7.3.1/../../../../arm-none-eabi/lib/thumb/v7e-m/crt0.o
 .ARM.attributes
                0x0000000000000000       0x1c d:/st/stm32cubeide_1.1.0/stm32cubeide/plugins/com.st.stm32cube.ide.mcu.externaltools.gnu-tools-for-stm32.7-2018-q2-update.win32_1.0.0.201904181610/tools/bin/../lib/gcc/arm-none-eabi/7.3.1/../../../../arm-none-eabi/lib/thumb/v7e-m/crt0.o
 .group         0x0000000000000000        0xc Drivers/src/stm32f446xx_gpio_driver.o
 .group         0x0000000000000000        0xc Drivers/src/stm32f446xx_gpio_driver.o
 .group         0x0000000000000000        0xc Drivers/src/stm32f446xx_gpio_driver.o
 .group         0x0000000000000000        0xc Drivers/src/stm32f446xx_gpio_driver.o
 .group         0x0000000000000000        0xc Drivers/src/stm32f446xx_gpio_driver.o
 .group         0x0000000000000000        0xc Drivers/src/stm32f446xx_gpio_driver.o
 .group         0x0000000000000000        0xc Drivers/src/stm32f446xx_gpio_driver.o
 .group         0x0000000000000000        0xc Drivers/src/stm32f446xx_gpio_driver.o
 .group         0x0000000000000000        0xc Drivers/src/stm32f446xx_gpio_driver.o
 .group         0x0000000000000000        0xc Drivers/src/stm32f446xx_gpio_driver.o
 .group         0x0000000000000000        0xc Drivers/src/stm32f446xx_gpio_driver.o
 .group         0x0000000000000000        0xc Drivers/src/stm32f446xx_gpio_driver.o
 .text          0x0000000000000000        0x0 Drivers/src/stm32f446xx_gpio_driver.o
 .data          0x0000000000000000        0x0 Drivers/src/stm32f446xx_gpio_driver.o
 .bss           0x0000000000000000        0x0 Drivers/src/stm32f446xx_gpio_driver.o
 .text.GPIO_DeInit
                0x0000000000000000      0x144 Drivers/src/stm32f446xx_gpio_driver.o
 .text.GPIO_ReadFromInputPort
                0x0000000000000000       0x1a Drivers/src/stm32f446xx_gpio_driver.o
 .text.GPIO_WriteToOutputPin
                0x0000000000000000       0x48 Drivers/src/stm32f446xx_gpio_driver.o
 .text.GPIO_WriteToOutputPort
                0x0000000000000000       0x1c Drivers/src/stm32f446xx_gpio_driver.o
 .text.GPIO_ToggleOutputPin
                0x0000000000000000       0x28 Drivers/src/stm32f446xx_gpio_driver.o
 .text.GPIO_IRQInterruptConfig
                0x0000000000000000       0xfc Drivers/src/stm32f446xx_gpio_driver.o
 .text.GPIO_IRQPriorityConfig
                0x0000000000000000       0x5a Drivers/src/stm32f446xx_gpio_driver.o
 .text.GPIO_IRQHandling
                0x0000000000000000       0x40 Drivers/src/stm32f446xx_gpio_driver.o
 .group         0x0000000000000000        0xc Drivers/src/stm32f446xx_i2c_driver.o
 .group         0x0000000000000000        0xc Drivers/src/stm32f446xx_i2c_driver.o
 .group         0x0000000000000000        0xc Drivers/src/stm32f446xx_i2c_driver.o
 .group         0x0000000000000000        0xc Drivers/src/stm32f446xx_i2c_driver.o
 .group         0x0000000000000000        0xc Drivers/src/stm32f446xx_i2c_driver.o
 .group         0x0000000000000000        0xc Drivers/src/stm32f446xx_i2c_driver.o
 .group         0x0000000000000000        0xc Drivers/src/stm32f446xx_i2c_driver.o
 .group         0x0000000000000000        0xc Drivers/src/stm32f446xx_i2c_driver.o
 .group         0x0000000000000000        0xc Drivers/src/stm32f446xx_i2c_driver.o
 .group         0x0000000000000000        0xc Drivers/src/stm32f446xx_i2c_driver.o
 .group         0x0000000000000000        0xc Drivers/src/stm32f446xx_i2c_driver.o
 .group         0x0000000000000000        0xc Drivers/src/stm32f446xx_i2c_driver.o
 .text          0x0000000000000000        0x0 Drivers/src/stm32f446xx_i2c_driver.o
 .data          0x0000000000000000        0x0 Drivers/src/stm32f446xx_i2c_driver.o
 .bss           0x0000000000000000        0x0 Drivers/src/stm32f446xx_i2c_driver.o
 .data.AHB_Prescaler
                0x0000000000000000       0x10 Drivers/src/stm32f446xx_i2c_driver.o
 .data.APB1_Prescaler
                0x0000000000000000        0x4 Drivers/src/stm32f446xx_i2c_driver.o
 .text.I2C_PeriClockControl
                0x0000000000000000       0xb4 Drivers/src/stm32f446xx_i2c_driver.o
 .text.RCC_GetPLLOutputClock
                0x0000000000000000        0xe Drivers/src/stm32f446xx_i2c_driver.o
 .text.RCC_GetPCLK1Value
                0x0000000000000000       0xb0 Drivers/src/stm32f446xx_i2c_driver.o
 .text.I2C_Init
                0x0000000000000000      0x14c Drivers/src/stm32f446xx_i2c_driver.o
 .text.I2C_DeInit
                0x0000000000000000       0x88 Drivers/src/stm32f446xx_i2c_driver.o
 .text.I2C_GetFlagStatus
                0x0000000000000000       0x26 Drivers/src/stm32f446xx_i2c_driver.o
 .text.I2C_PeripheralControl
                0x0000000000000000       0x36 Drivers/src/stm32f446xx_i2c_driver.o
 .text.I2C_MasterSendData
                0x0000000000000000       0xc4 Drivers/src/stm32f446xx_i2c_driver.o
 .text.I2C_GenerateStartCondition
                0x0000000000000000       0x1e Drivers/src/stm32f446xx_i2c_driver.o
 .text.I2C_GenerateStopCondition
                0x0000000000000000       0x1e Drivers/src/stm32f446xx_i2c_driver.o
 .text.I2C_ExecuteAddressesPhase
                0x0000000000000000       0x2a Drivers/src/stm32f446xx_i2c_driver.o
 .text.I2C_ClearAddrFlag
                0x0000000000000000       0x1e Drivers/src/stm32f446xx_i2c_driver.o
 .text.I2C_ApplicationEventCallback
                0x0000000000000000       0x16 Drivers/src/stm32f446xx_i2c_driver.o
 .debug_info    0x0000000000000000      0x707 Drivers/src/stm32f446xx_i2c_driver.o
 .debug_abbrev  0x0000000000000000      0x1be Drivers/src/stm32f446xx_i2c_driver.o
 .debug_aranges
                0x0000000000000000       0x80 Drivers/src/stm32f446xx_i2c_driver.o
 .debug_ranges  0x0000000000000000       0x70 Drivers/src/stm32f446xx_i2c_driver.o
 .debug_macro   0x0000000000000000       0xad Drivers/src/stm32f446xx_i2c_driver.o
 .debug_macro   0x0000000000000000      0xa66 Drivers/src/stm32f446xx_i2c_driver.o
 .debug_macro   0x0000000000000000      0x174 Drivers/src/stm32f446xx_i2c_driver.o
 .debug_macro   0x0000000000000000       0x22 Drivers/src/stm32f446xx_i2c_driver.o
 .debug_macro   0x0000000000000000       0x8e Drivers/src/stm32f446xx_i2c_driver.o
 .debug_macro   0x0000000000000000       0x51 Drivers/src/stm32f446xx_i2c_driver.o
 .debug_macro   0x0000000000000000       0xef Drivers/src/stm32f446xx_i2c_driver.o
 .debug_macro   0x0000000000000000       0x6a Drivers/src/stm32f446xx_i2c_driver.o
 .debug_macro   0x0000000000000000      0x1df Drivers/src/stm32f446xx_i2c_driver.o
 .debug_macro   0x0000000000000000      0x8a6 Drivers/src/stm32f446xx_i2c_driver.o
 .debug_macro   0x0000000000000000       0xbe Drivers/src/stm32f446xx_i2c_driver.o
 .debug_macro   0x0000000000000000       0x76 Drivers/src/stm32f446xx_i2c_driver.o
 .debug_macro   0x0000000000000000       0xc4 Drivers/src/stm32f446xx_i2c_driver.o
 .debug_line    0x0000000000000000      0x5b6 Drivers/src/stm32f446xx_i2c_driver.o
 .debug_str     0x0000000000000000     0x709d Drivers/src/stm32f446xx_i2c_driver.o
 .comment       0x0000000000000000       0x7c Drivers/src/stm32f446xx_i2c_driver.o
 .debug_frame   0x0000000000000000      0x204 Drivers/src/stm32f446xx_i2c_driver.o
 .ARM.attributes
                0x0000000000000000       0x33 Drivers/src/stm32f446xx_i2c_driver.o
 .group         0x0000000000000000        0xc Drivers/src/stm32f446xx_spi_driver.o
 .group         0x0000000000000000        0xc Drivers/src/stm32f446xx_spi_driver.o
 .group         0x0000000000000000        0xc Drivers/src/stm32f446xx_spi_driver.o
 .group         0x0000000000000000        0xc Drivers/src/stm32f446xx_spi_driver.o
 .group         0x0000000000000000        0xc Drivers/src/stm32f446xx_spi_driver.o
 .group         0x0000000000000000        0xc Drivers/src/stm32f446xx_spi_driver.o
 .group         0x0000000000000000        0xc Drivers/src/stm32f446xx_spi_driver.o
 .group         0x0000000000000000        0xc Drivers/src/stm32f446xx_spi_driver.o
 .group         0x0000000000000000        0xc Drivers/src/stm32f446xx_spi_driver.o
 .group         0x0000000000000000        0xc Drivers/src/stm32f446xx_spi_driver.o
 .group         0x0000000000000000        0xc Drivers/src/stm32f446xx_spi_driver.o
 .group         0x0000000000000000        0xc Drivers/src/stm32f446xx_spi_driver.o
 .text          0x0000000000000000        0x0 Drivers/src/stm32f446xx_spi_driver.o
 .data          0x0000000000000000        0x0 Drivers/src/stm32f446xx_spi_driver.o
 .bss           0x0000000000000000        0x0 Drivers/src/stm32f446xx_spi_driver.o
 .text.SPI_DeInit
                0x0000000000000000       0xac Drivers/src/stm32f446xx_spi_driver.o
 .text.SPI_SendData
                0x0000000000000000       0x70 Drivers/src/stm32f446xx_spi_driver.o
 .text.SPI_ReceiveData
                0x0000000000000000       0x70 Drivers/src/stm32f446xx_spi_driver.o
 .text.SPI_SendDataInterruptMode
                0x0000000000000000       0x46 Drivers/src/stm32f446xx_spi_driver.o
 .text.SPI_IRQPriorityConfig
                0x0000000000000000       0x5a Drivers/src/stm32f446xx_spi_driver.o
 .text.SPI_SSIConfig
                0x0000000000000000       0x36 Drivers/src/stm32f446xx_spi_driver.o
 .text.SPI_ClearOVRFlag
                0x0000000000000000       0x1e Drivers/src/stm32f446xx_spi_driver.o
 .text.SPI_ApplicationEventCallback
                0x0000000000000000       0x16 Drivers/src/stm32f446xx_spi_driver.o
 .debug_macro   0x0000000000000000      0xa66 Drivers/src/stm32f446xx_spi_driver.o
 .debug_macro   0x0000000000000000      0x174 Drivers/src/stm32f446xx_spi_driver.o
 .debug_macro   0x0000000000000000       0x22 Drivers/src/stm32f446xx_spi_driver.o
 .debug_macro   0x0000000000000000       0x8e Drivers/src/stm32f446xx_spi_driver.o
 .debug_macro   0x0000000000000000       0x51 Drivers/src/stm32f446xx_spi_driver.o
 .debug_macro   0x0000000000000000       0xef Drivers/src/stm32f446xx_spi_driver.o
 .debug_macro   0x0000000000000000       0x6a Drivers/src/stm32f446xx_spi_driver.o
 .debug_macro   0x0000000000000000      0x1df Drivers/src/stm32f446xx_spi_driver.o
 .debug_macro   0x0000000000000000      0x8a6 Drivers/src/stm32f446xx_spi_driver.o
 .debug_macro   0x0000000000000000       0xc4 Drivers/src/stm32f446xx_spi_driver.o
 .debug_macro   0x0000000000000000       0x76 Drivers/src/stm32f446xx_spi_driver.o
 .debug_macro   0x0000000000000000       0xbe Drivers/src/stm32f446xx_spi_driver.o
 .group         0x0000000000000000        0xc Src/Tests/009_SPI_TxRx_Arduino_IRQ.o
 .group         0x0000000000000000        0xc Src/Tests/009_SPI_TxRx_Arduino_IRQ.o
 .group         0x0000000000000000        0xc Src/Tests/009_SPI_TxRx_Arduino_IRQ.o
 .group         0x0000000000000000        0xc Src/Tests/009_SPI_TxRx_Arduino_IRQ.o
 .group         0x0000000000000000        0xc Src/Tests/009_SPI_TxRx_Arduino_IRQ.o
 .group         0x0000000000000000        0xc Src/Tests/009_SPI_TxRx_Arduino_IRQ.o
 .group         0x0000000000000000        0xc Src/Tests/009_SPI_TxRx_Arduino_IRQ.o
 .group         0x0000000000000000        0xc Src/Tests/009_SPI_TxRx_Arduino_IRQ.o
 .group         0x0000000000000000        0xc Src/Tests/009_SPI_TxRx_Arduino_IRQ.o
 .group         0x0000000000000000        0xc Src/Tests/009_SPI_TxRx_Arduino_IRQ.o
 .group         0x0000000000000000        0xc Src/Tests/009_SPI_TxRx_Arduino_IRQ.o
 .group         0x0000000000000000        0xc Src/Tests/009_SPI_TxRx_Arduino_IRQ.o
 .group         0x0000000000000000        0xc Src/Tests/009_SPI_TxRx_Arduino_IRQ.o
 .group         0x0000000000000000        0xc Src/Tests/009_SPI_TxRx_Arduino_IRQ.o
 .group         0x0000000000000000        0xc Src/Tests/009_SPI_TxRx_Arduino_IRQ.o
 .group         0x0000000000000000        0xc Src/Tests/009_SPI_TxRx_Arduino_IRQ.o
 .group         0x0000000000000000        0xc Src/Tests/009_SPI_TxRx_Arduino_IRQ.o
 .group         0x0000000000000000        0xc Src/Tests/009_SPI_TxRx_Arduino_IRQ.o
 .group         0x0000000000000000        0xc Src/Tests/009_SPI_TxRx_Arduino_IRQ.o
 .group         0x0000000000000000        0xc Src/Tests/009_SPI_TxRx_Arduino_IRQ.o
 .group         0x0000000000000000        0xc Src/Tests/009_SPI_TxRx_Arduino_IRQ.o
 .group         0x0000000000000000        0xc Src/Tests/009_SPI_TxRx_Arduino_IRQ.o
 .group         0x0000000000000000        0xc Src/Tests/009_SPI_TxRx_Arduino_IRQ.o
 .group         0x0000000000000000        0xc Src/Tests/009_SPI_TxRx_Arduino_IRQ.o
 .group         0x0000000000000000        0xc Src/Tests/009_SPI_TxRx_Arduino_IRQ.o
 .text          0x0000000000000000        0x0 Src/Tests/009_SPI_TxRx_Arduino_IRQ.o
 .data          0x0000000000000000        0x0 Src/Tests/009_SPI_TxRx_Arduino_IRQ.o
 .bss           0x0000000000000000        0x0 Src/Tests/009_SPI_TxRx_Arduino_IRQ.o
 .text.SPI_VerifyResponse
                0x0000000000000000       0x20 Src/Tests/009_SPI_TxRx_Arduino_IRQ.o
 .debug_macro   0x0000000000000000      0xa66 Src/Tests/009_SPI_TxRx_Arduino_IRQ.o
 .debug_macro   0x0000000000000000      0x174 Src/Tests/009_SPI_TxRx_Arduino_IRQ.o
 .debug_macro   0x0000000000000000       0x22 Src/Tests/009_SPI_TxRx_Arduino_IRQ.o
 .debug_macro   0x0000000000000000       0x8e Src/Tests/009_SPI_TxRx_Arduino_IRQ.o
 .debug_macro   0x0000000000000000       0x51 Src/Tests/009_SPI_TxRx_Arduino_IRQ.o
 .debug_macro   0x0000000000000000       0xef Src/Tests/009_SPI_TxRx_Arduino_IRQ.o
 .debug_macro   0x0000000000000000       0x6a Src/Tests/009_SPI_TxRx_Arduino_IRQ.o
 .debug_macro   0x0000000000000000      0x1df Src/Tests/009_SPI_TxRx_Arduino_IRQ.o
 .debug_macro   0x0000000000000000      0x8a6 Src/Tests/009_SPI_TxRx_Arduino_IRQ.o
 .debug_macro   0x0000000000000000       0xc4 Src/Tests/009_SPI_TxRx_Arduino_IRQ.o
 .debug_macro   0x0000000000000000       0x76 Src/Tests/009_SPI_TxRx_Arduino_IRQ.o
 .group         0x0000000000000000        0xc Src/syscalls.o
 .group         0x0000000000000000        0xc Src/syscalls.o
 .group         0x0000000000000000        0xc Src/syscalls.o
 .group         0x0000000000000000        0xc Src/syscalls.o
 .group         0x0000000000000000        0xc Src/syscalls.o
 .group         0x0000000000000000        0xc Src/syscalls.o
 .group         0x0000000000000000        0xc Src/syscalls.o
 .group         0x0000000000000000        0xc Src/syscalls.o
 .group         0x0000000000000000        0xc Src/syscalls.o
 .group         0x0000000000000000        0xc Src/syscalls.o
 .group         0x0000000000000000        0xc Src/syscalls.o
 .group         0x0000000000000000        0xc Src/syscalls.o
 .group         0x0000000000000000        0xc Src/syscalls.o
 .group         0x0000000000000000        0xc Src/syscalls.o
 .group         0x0000000000000000        0xc Src/syscalls.o
 .group         0x0000000000000000        0xc Src/syscalls.o
 .group         0x0000000000000000        0xc Src/syscalls.o
 .group         0x0000000000000000        0xc Src/syscalls.o
 .group         0x0000000000000000        0xc Src/syscalls.o
 .group         0x0000000000000000        0xc Src/syscalls.o
 .group         0x0000000000000000        0xc Src/syscalls.o
 .group         0x0000000000000000        0xc Src/syscalls.o
 .group         0x0000000000000000        0xc Src/syscalls.o
 .group         0x0000000000000000        0xc Src/syscalls.o
 .group         0x0000000000000000        0xc Src/syscalls.o
 .group         0x0000000000000000        0xc Src/syscalls.o
 .group         0x0000000000000000        0xc Src/syscalls.o
 .group         0x0000000000000000        0xc Src/syscalls.o
 .group         0x0000000000000000        0xc Src/syscalls.o
 .group         0x0000000000000000        0xc Src/syscalls.o
 .group         0x0000000000000000        0xc Src/syscalls.o
 .group         0x0000000000000000        0xc Src/syscalls.o
 .group         0x0000000000000000        0xc Src/syscalls.o
 .group         0x0000000000000000        0xc Src/syscalls.o
 .group         0x0000000000000000        0xc Src/syscalls.o
 .group         0x0000000000000000        0xc Src/syscalls.o
 .group         0x0000000000000000        0xc Src/syscalls.o
 .group         0x0000000000000000        0xc Src/syscalls.o
 .group         0x0000000000000000        0xc Src/syscalls.o
 .group         0x0000000000000000        0xc Src/syscalls.o
 .group         0x0000000000000000        0xc Src/syscalls.o
 .group         0x0000000000000000        0xc Src/syscalls.o
 .group         0x0000000000000000        0xc Src/syscalls.o
 .group         0x0000000000000000        0xc Src/syscalls.o
 .text          0x0000000000000000        0x0 Src/syscalls.o
 .data          0x0000000000000000        0x0 Src/syscalls.o
 .bss           0x0000000000000000        0x0 Src/syscalls.o
 .text.ITM_SendChar
                0x0000000000000000       0x4c Src/syscalls.o
 .bss.__env     0x0000000000000000        0x4 Src/syscalls.o
 .data.environ  0x0000000000000000        0x4 Src/syscalls.o
 .text.initialise_monitor_handles
                0x0000000000000000        0xc Src/syscalls.o
 .text._getpid  0x0000000000000000        0xe Src/syscalls.o
 .text._kill    0x0000000000000000       0x20 Src/syscalls.o
 .text._exit    0x0000000000000000       0x14 Src/syscalls.o
 .text._read    0x0000000000000000       0x3a Src/syscalls.o
 .text._write   0x0000000000000000       0x38 Src/syscalls.o
 .text._close   0x0000000000000000       0x16 Src/syscalls.o
 .text._fstat   0x0000000000000000       0x1e Src/syscalls.o
 .text._isatty  0x0000000000000000       0x14 Src/syscalls.o
 .text._lseek   0x0000000000000000       0x18 Src/syscalls.o
 .text._open    0x0000000000000000       0x1a Src/syscalls.o
 .text._wait    0x0000000000000000       0x1e Src/syscalls.o
 .text._unlink  0x0000000000000000       0x1e Src/syscalls.o
 .text._times   0x0000000000000000       0x16 Src/syscalls.o
 .text._stat    0x0000000000000000       0x1e Src/syscalls.o
 .text._link    0x0000000000000000       0x20 Src/syscalls.o
 .text._fork    0x0000000000000000       0x16 Src/syscalls.o
 .text._execve  0x0000000000000000       0x22 Src/syscalls.o
 .debug_info    0x0000000000000000      0xefd Src/syscalls.o
 .debug_abbrev  0x0000000000000000      0x279 Src/syscalls.o
 .debug_aranges
                0x0000000000000000       0xb0 Src/syscalls.o
 .debug_ranges  0x0000000000000000       0xa0 Src/syscalls.o
 .debug_macro   0x0000000000000000      0x255 Src/syscalls.o
 .debug_macro   0x0000000000000000      0xa66 Src/syscalls.o
 .debug_macro   0x0000000000000000       0x22 Src/syscalls.o
 .debug_macro   0x0000000000000000       0x40 Src/syscalls.o
 .debug_macro   0x0000000000000000       0x18 Src/syscalls.o
 .debug_macro   0x0000000000000000       0x94 Src/syscalls.o
 .debug_macro   0x0000000000000000       0x3c Src/syscalls.o
 .debug_macro   0x0000000000000000       0x34 Src/syscalls.o
 .debug_macro   0x0000000000000000       0x57 Src/syscalls.o
 .debug_macro   0x0000000000000000      0x174 Src/syscalls.o
 .debug_macro   0x0000000000000000      0x330 Src/syscalls.o
 .debug_macro   0x0000000000000000       0x52 Src/syscalls.o
 .debug_macro   0x0000000000000000       0x1f Src/syscalls.o
 .debug_macro   0x0000000000000000       0x43 Src/syscalls.o
 .debug_macro   0x0000000000000000       0x20 Src/syscalls.o
 .debug_macro   0x0000000000000000      0x1a3 Src/syscalls.o
 .debug_macro   0x0000000000000000       0x10 Src/syscalls.o
 .debug_macro   0x0000000000000000       0x35 Src/syscalls.o
 .debug_macro   0x0000000000000000       0x10 Src/syscalls.o
 .debug_macro   0x0000000000000000       0x10 Src/syscalls.o
 .debug_macro   0x0000000000000000       0x10 Src/syscalls.o
 .debug_macro   0x0000000000000000       0x6a Src/syscalls.o
 .debug_macro   0x0000000000000000       0x1c Src/syscalls.o
 .debug_macro   0x0000000000000000       0x52 Src/syscalls.o
 .debug_macro   0x0000000000000000       0x40 Src/syscalls.o
 .debug_macro   0x0000000000000000       0x10 Src/syscalls.o
 .debug_macro   0x0000000000000000       0x40 Src/syscalls.o
 .debug_macro   0x0000000000000000       0xd7 Src/syscalls.o
 .debug_macro   0x0000000000000000       0x1c Src/syscalls.o
 .debug_macro   0x0000000000000000       0x3d Src/syscalls.o
 .debug_macro   0x0000000000000000       0x35 Src/syscalls.o
 .debug_macro   0x0000000000000000      0x122 Src/syscalls.o
 .debug_macro   0x0000000000000000       0x16 Src/syscalls.o
 .debug_macro   0x0000000000000000       0x16 Src/syscalls.o
 .debug_macro   0x0000000000000000       0x29 Src/syscalls.o
 .debug_macro   0x0000000000000000       0x10 Src/syscalls.o
 .debug_macro   0x0000000000000000      0x241 Src/syscalls.o
 .debug_macro   0x0000000000000000       0x1c Src/syscalls.o
 .debug_macro   0x0000000000000000       0x10 Src/syscalls.o
 .debug_macro   0x0000000000000000       0x10 Src/syscalls.o
 .debug_macro   0x0000000000000000       0x16 Src/syscalls.o
 .debug_macro   0x0000000000000000      0x145 Src/syscalls.o
 .debug_macro   0x0000000000000000      0x189 Src/syscalls.o
 .debug_macro   0x0000000000000000       0x16 Src/syscalls.o
 .debug_macro   0x0000000000000000       0x88 Src/syscalls.o
 .debug_line    0x0000000000000000      0x759 Src/syscalls.o
 .debug_str     0x0000000000000000     0x8946 Src/syscalls.o
 .comment       0x0000000000000000       0x7c Src/syscalls.o
 .debug_frame   0x0000000000000000      0x2d4 Src/syscalls.o
 .ARM.attributes
                0x0000000000000000       0x33 Src/syscalls.o
 .group         0x0000000000000000        0xc Src/sysmem.o
 .group         0x0000000000000000        0xc Src/sysmem.o
 .group         0x0000000000000000        0xc Src/sysmem.o
 .group         0x0000000000000000        0xc Src/sysmem.o
 .group         0x0000000000000000        0xc Src/sysmem.o
 .group         0x0000000000000000        0xc Src/sysmem.o
 .group         0x0000000000000000        0xc Src/sysmem.o
 .group         0x0000000000000000        0xc Src/sysmem.o
 .group         0x0000000000000000        0xc Src/sysmem.o
 .group         0x0000000000000000        0xc Src/sysmem.o
 .group         0x0000000000000000        0xc Src/sysmem.o
 .group         0x0000000000000000        0xc Src/sysmem.o
 .group         0x0000000000000000        0xc Src/sysmem.o
 .group         0x0000000000000000        0xc Src/sysmem.o
 .group         0x0000000000000000        0xc Src/sysmem.o
 .group         0x0000000000000000        0xc Src/sysmem.o
 .group         0x0000000000000000        0xc Src/sysmem.o
 .group         0x0000000000000000        0xc Src/sysmem.o
 .group         0x0000000000000000        0xc Src/sysmem.o
 .group         0x0000000000000000        0xc Src/sysmem.o
 .group         0x0000000000000000        0xc Src/sysmem.o
 .group         0x0000000000000000        0xc Src/sysmem.o
 .group         0x0000000000000000        0xc Src/sysmem.o
 .group         0x0000000000000000        0xc Src/sysmem.o
 .group         0x0000000000000000        0xc Src/sysmem.o
 .group         0x0000000000000000        0xc Src/sysmem.o
 .group         0x0000000000000000        0xc Src/sysmem.o
 .group         0x0000000000000000        0xc Src/sysmem.o
 .group         0x0000000000000000        0xc Src/sysmem.o
 .group         0x0000000000000000        0xc Src/sysmem.o
 .group         0x0000000000000000        0xc Src/sysmem.o
 .group         0x0000000000000000        0xc Src/sysmem.o
 .text          0x0000000000000000        0x0 Src/sysmem.o
 .data          0x0000000000000000        0x0 Src/sysmem.o
 .bss           0x0000000000000000        0x0 Src/sysmem.o
 .bss.heap_end.5149
                0x0000000000000000        0x4 Src/sysmem.o
 .text._sbrk    0x0000000000000000       0x58 Src/sysmem.o
 .debug_info    0x0000000000000000      0x91c Src/sysmem.o
 .debug_abbrev  0x0000000000000000      0x1bb Src/sysmem.o
 .debug_aranges
                0x0000000000000000       0x20 Src/sysmem.o
 .debug_ranges  0x0000000000000000       0x10 Src/sysmem.o
 .debug_macro   0x0000000000000000      0x1ae Src/sysmem.o
 .debug_macro   0x0000000000000000      0xa66 Src/sysmem.o
 .debug_macro   0x0000000000000000       0x10 Src/sysmem.o
 .debug_macro   0x0000000000000000       0x22 Src/sysmem.o
 .debug_macro   0x0000000000000000       0x40 Src/sysmem.o
 .debug_macro   0x0000000000000000       0x18 Src/sysmem.o
 .debug_macro   0x0000000000000000       0x94 Src/sysmem.o
 .debug_macro   0x0000000000000000       0x3c Src/sysmem.o
 .debug_macro   0x0000000000000000       0x34 Src/sysmem.o
 .debug_macro   0x0000000000000000      0x174 Src/sysmem.o
 .debug_macro   0x0000000000000000       0x57 Src/sysmem.o
 .debug_macro   0x0000000000000000       0x52 Src/sysmem.o
 .debug_macro   0x0000000000000000       0x1f Src/sysmem.o
 .debug_macro   0x0000000000000000       0x43 Src/sysmem.o
 .debug_macro   0x0000000000000000       0x20 Src/sysmem.o
 .debug_macro   0x0000000000000000      0x1a3 Src/sysmem.o
 .debug_macro   0x0000000000000000      0x23b Src/sysmem.o
 .debug_macro   0x0000000000000000       0x16 Src/sysmem.o
 .debug_macro   0x0000000000000000       0x35 Src/sysmem.o
 .debug_macro   0x0000000000000000      0x330 Src/sysmem.o
 .debug_macro   0x0000000000000000       0x10 Src/sysmem.o
 .debug_macro   0x0000000000000000       0x10 Src/sysmem.o
 .debug_macro   0x0000000000000000       0x6a Src/sysmem.o
 .debug_macro   0x0000000000000000       0x1c Src/sysmem.o
 .debug_macro   0x0000000000000000       0x52 Src/sysmem.o
 .debug_macro   0x0000000000000000       0x40 Src/sysmem.o
 .debug_macro   0x0000000000000000       0x10 Src/sysmem.o
 .debug_macro   0x0000000000000000       0x40 Src/sysmem.o
 .debug_macro   0x0000000000000000       0xd7 Src/sysmem.o
 .debug_macro   0x0000000000000000       0x1c Src/sysmem.o
 .debug_macro   0x0000000000000000       0x3d Src/sysmem.o
 .debug_macro   0x0000000000000000       0x16 Src/sysmem.o
 .debug_macro   0x0000000000000000      0x145 Src/sysmem.o
 .debug_line    0x0000000000000000      0x559 Src/sysmem.o
 .debug_str     0x0000000000000000     0x7ae4 Src/sysmem.o
 .comment       0x0000000000000000       0x7c Src/sysmem.o
 .debug_frame   0x0000000000000000       0x34 Src/sysmem.o
 .ARM.attributes
                0x0000000000000000       0x33 Src/sysmem.o
 .text          0x0000000000000000       0x14 Startup/startup_stm32f446retx.o
 .data          0x0000000000000000        0x0 Startup/startup_stm32f446retx.o
 .bss           0x0000000000000000        0x0 Startup/startup_stm32f446retx.o
 .text          0x0000000000000000        0x0 d:/st/stm32cubeide_1.1.0/stm32cubeide/plugins/com.st.stm32cube.ide.mcu.externaltools.gnu-tools-for-stm32.7-2018-q2-update.win32_1.0.0.201904181610/tools/bin/../lib/gcc/arm-none-eabi/7.3.1/../../../../arm-none-eabi/lib/thumb/v7e-m\libc_nano.a(lib_a-errno.o)
 .data          0x0000000000000000        0x0 d:/st/stm32cubeide_1.1.0/stm32cubeide/plugins/com.st.stm32cube.ide.mcu.externaltools.gnu-tools-for-stm32.7-2018-q2-update.win32_1.0.0.201904181610/tools/bin/../lib/gcc/arm-none-eabi/7.3.1/../../../../arm-none-eabi/lib/thumb/v7e-m\libc_nano.a(lib_a-errno.o)
 .bss           0x0000000000000000        0x0 d:/st/stm32cubeide_1.1.0/stm32cubeide/plugins/com.st.stm32cube.ide.mcu.externaltools.gnu-tools-for-stm32.7-2018-q2-update.win32_1.0.0.201904181610/tools/bin/../lib/gcc/arm-none-eabi/7.3.1/../../../../arm-none-eabi/lib/thumb/v7e-m\libc_nano.a(lib_a-errno.o)
 .text.__errno  0x0000000000000000        0xc d:/st/stm32cubeide_1.1.0/stm32cubeide/plugins/com.st.stm32cube.ide.mcu.externaltools.gnu-tools-for-stm32.7-2018-q2-update.win32_1.0.0.201904181610/tools/bin/../lib/gcc/arm-none-eabi/7.3.1/../../../../arm-none-eabi/lib/thumb/v7e-m\libc_nano.a(lib_a-errno.o)
 .debug_frame   0x0000000000000000       0x20 d:/st/stm32cubeide_1.1.0/stm32cubeide/plugins/com.st.stm32cube.ide.mcu.externaltools.gnu-tools-for-stm32.7-2018-q2-update.win32_1.0.0.201904181610/tools/bin/../lib/gcc/arm-none-eabi/7.3.1/../../../../arm-none-eabi/lib/thumb/v7e-m\libc_nano.a(lib_a-errno.o)
 .ARM.attributes
                0x0000000000000000       0x2e d:/st/stm32cubeide_1.1.0/stm32cubeide/plugins/com.st.stm32cube.ide.mcu.externaltools.gnu-tools-for-stm32.7-2018-q2-update.win32_1.0.0.201904181610/tools/bin/../lib/gcc/arm-none-eabi/7.3.1/../../../../arm-none-eabi/lib/thumb/v7e-m\libc_nano.a(lib_a-errno.o)
 .text          0x0000000000000000        0x0 d:/st/stm32cubeide_1.1.0/stm32cubeide/plugins/com.st.stm32cube.ide.mcu.externaltools.gnu-tools-for-stm32.7-2018-q2-update.win32_1.0.0.201904181610/tools/bin/../lib/gcc/arm-none-eabi/7.3.1/../../../../arm-none-eabi/lib/thumb/v7e-m\libc_nano.a(lib_a-exit.o)
 .data          0x0000000000000000        0x0 d:/st/stm32cubeide_1.1.0/stm32cubeide/plugins/com.st.stm32cube.ide.mcu.externaltools.gnu-tools-for-stm32.7-2018-q2-update.win32_1.0.0.201904181610/tools/bin/../lib/gcc/arm-none-eabi/7.3.1/../../../../arm-none-eabi/lib/thumb/v7e-m\libc_nano.a(lib_a-exit.o)
 .bss           0x0000000000000000        0x0 d:/st/stm32cubeide_1.1.0/stm32cubeide/plugins/com.st.stm32cube.ide.mcu.externaltools.gnu-tools-for-stm32.7-2018-q2-update.win32_1.0.0.201904181610/tools/bin/../lib/gcc/arm-none-eabi/7.3.1/../../../../arm-none-eabi/lib/thumb/v7e-m\libc_nano.a(lib_a-exit.o)
 .text.exit     0x0000000000000000       0x28 d:/st/stm32cubeide_1.1.0/stm32cubeide/plugins/com.st.stm32cube.ide.mcu.externaltools.gnu-tools-for-stm32.7-2018-q2-update.win32_1.0.0.201904181610/tools/bin/../lib/gcc/arm-none-eabi/7.3.1/../../../../arm-none-eabi/lib/thumb/v7e-m\libc_nano.a(lib_a-exit.o)
 .debug_frame   0x0000000000000000       0x28 d:/st/stm32cubeide_1.1.0/stm32cubeide/plugins/com.st.stm32cube.ide.mcu.externaltools.gnu-tools-for-stm32.7-2018-q2-update.win32_1.0.0.201904181610/tools/bin/../lib/gcc/arm-none-eabi/7.3.1/../../../../arm-none-eabi/lib/thumb/v7e-m\libc_nano.a(lib_a-exit.o)
 .ARM.attributes
                0x0000000000000000       0x2e d:/st/stm32cubeide_1.1.0/stm32cubeide/plugins/com.st.stm32cube.ide.mcu.externaltools.gnu-tools-for-stm32.7-2018-q2-update.win32_1.0.0.201904181610/tools/bin/../lib/gcc/arm-none-eabi/7.3.1/../../../../arm-none-eabi/lib/thumb/v7e-m\libc_nano.a(lib_a-exit.o)
 .text          0x0000000000000000        0x0 d:/st/stm32cubeide_1.1.0/stm32cubeide/plugins/com.st.stm32cube.ide.mcu.externaltools.gnu-tools-for-stm32.7-2018-q2-update.win32_1.0.0.201904181610/tools/bin/../lib/gcc/arm-none-eabi/7.3.1/../../../../arm-none-eabi/lib/thumb/v7e-m\libc_nano.a(lib_a-impure.o)
 .data          0x0000000000000000        0x0 d:/st/stm32cubeide_1.1.0/stm32cubeide/plugins/com.st.stm32cube.ide.mcu.externaltools.gnu-tools-for-stm32.7-2018-q2-update.win32_1.0.0.201904181610/tools/bin/../lib/gcc/arm-none-eabi/7.3.1/../../../../arm-none-eabi/lib/thumb/v7e-m\libc_nano.a(lib_a-impure.o)
 .bss           0x0000000000000000        0x0 d:/st/stm32cubeide_1.1.0/stm32cubeide/plugins/com.st.stm32cube.ide.mcu.externaltools.gnu-tools-for-stm32.7-2018-q2-update.win32_1.0.0.201904181610/tools/bin/../lib/gcc/arm-none-eabi/7.3.1/../../../../arm-none-eabi/lib/thumb/v7e-m\libc_nano.a(lib_a-impure.o)
 .data._impure_ptr
                0x0000000000000000        0x4 d:/st/stm32cubeide_1.1.0/stm32cubeide/plugins/com.st.stm32cube.ide.mcu.externaltools.gnu-tools-for-stm32.7-2018-q2-update.win32_1.0.0.201904181610/tools/bin/../lib/gcc/arm-none-eabi/7.3.1/../../../../arm-none-eabi/lib/thumb/v7e-m\libc_nano.a(lib_a-impure.o)
 .data.impure_data
                0x0000000000000000       0x60 d:/st/stm32cubeide_1.1.0/stm32cubeide/plugins/com.st.stm32cube.ide.mcu.externaltools.gnu-tools-for-stm32.7-2018-q2-update.win32_1.0.0.201904181610/tools/bin/../lib/gcc/arm-none-eabi/7.3.1/../../../../arm-none-eabi/lib/thumb/v7e-m\libc_nano.a(lib_a-impure.o)
 .rodata._global_impure_ptr
                0x0000000000000000        0x4 d:/st/stm32cubeide_1.1.0/stm32cubeide/plugins/com.st.stm32cube.ide.mcu.externaltools.gnu-tools-for-stm32.7-2018-q2-update.win32_1.0.0.201904181610/tools/bin/../lib/gcc/arm-none-eabi/7.3.1/../../../../arm-none-eabi/lib/thumb/v7e-m\libc_nano.a(lib_a-impure.o)
 .ARM.attributes
                0x0000000000000000       0x2e d:/st/stm32cubeide_1.1.0/stm32cubeide/plugins/com.st.stm32cube.ide.mcu.externaltools.gnu-tools-for-stm32.7-2018-q2-update.win32_1.0.0.201904181610/tools/bin/../lib/gcc/arm-none-eabi/7.3.1/../../../../arm-none-eabi/lib/thumb/v7e-m\libc_nano.a(lib_a-impure.o)
 .text          0x0000000000000000        0x0 d:/st/stm32cubeide_1.1.0/stm32cubeide/plugins/com.st.stm32cube.ide.mcu.externaltools.gnu-tools-for-stm32.7-2018-q2-update.win32_1.0.0.201904181610/tools/bin/../lib/gcc/arm-none-eabi/7.3.1/../../../../arm-none-eabi/lib/thumb/v7e-m\libc_nano.a(lib_a-init.o)
 .data          0x0000000000000000        0x0 d:/st/stm32cubeide_1.1.0/stm32cubeide/plugins/com.st.stm32cube.ide.mcu.externaltools.gnu-tools-for-stm32.7-2018-q2-update.win32_1.0.0.201904181610/tools/bin/../lib/gcc/arm-none-eabi/7.3.1/../../../../arm-none-eabi/lib/thumb/v7e-m\libc_nano.a(lib_a-init.o)
 .bss           0x0000000000000000        0x0 d:/st/stm32cubeide_1.1.0/stm32cubeide/plugins/com.st.stm32cube.ide.mcu.externaltools.gnu-tools-for-stm32.7-2018-q2-update.win32_1.0.0.201904181610/tools/bin/../lib/gcc/arm-none-eabi/7.3.1/../../../../arm-none-eabi/lib/thumb/v7e-m\libc_nano.a(lib_a-init.o)
 .text          0x0000000000000000        0x0 d:/st/stm32cubeide_1.1.0/stm32cubeide/plugins/com.st.stm32cube.ide.mcu.externaltools.gnu-tools-for-stm32.7-2018-q2-update.win32_1.0.0.201904181610/tools/bin/../lib/gcc/arm-none-eabi/7.3.1/../../../../arm-none-eabi/lib/thumb/v7e-m\libc_nano.a(lib_a-memset.o)
 .data          0x0000000000000000        0x0 d:/st/stm32cubeide_1.1.0/stm32cubeide/plugins/com.st.stm32cube.ide.mcu.externaltools.gnu-tools-for-stm32.7-2018-q2-update.win32_1.0.0.201904181610/tools/bin/../lib/gcc/arm-none-eabi/7.3.1/../../../../arm-none-eabi/lib/thumb/v7e-m\libc_nano.a(lib_a-memset.o)
 .bss           0x0000000000000000        0x0 d:/st/stm32cubeide_1.1.0/stm32cubeide/plugins/com.st.stm32cube.ide.mcu.externaltools.gnu-tools-for-stm32.7-2018-q2-update.win32_1.0.0.201904181610/tools/bin/../lib/gcc/arm-none-eabi/7.3.1/../../../../arm-none-eabi/lib/thumb/v7e-m\libc_nano.a(lib_a-memset.o)
 .text.memset   0x0000000000000000       0x10 d:/st/stm32cubeide_1.1.0/stm32cubeide/plugins/com.st.stm32cube.ide.mcu.externaltools.gnu-tools-for-stm32.7-2018-q2-update.win32_1.0.0.201904181610/tools/bin/../lib/gcc/arm-none-eabi/7.3.1/../../../../arm-none-eabi/lib/thumb/v7e-m\libc_nano.a(lib_a-memset.o)
 .debug_frame   0x0000000000000000       0x20 d:/st/stm32cubeide_1.1.0/stm32cubeide/plugins/com.st.stm32cube.ide.mcu.externaltools.gnu-tools-for-stm32.7-2018-q2-update.win32_1.0.0.201904181610/tools/bin/../lib/gcc/arm-none-eabi/7.3.1/../../../../arm-none-eabi/lib/thumb/v7e-m\libc_nano.a(lib_a-memset.o)
 .ARM.attributes
                0x0000000000000000       0x2e d:/st/stm32cubeide_1.1.0/stm32cubeide/plugins/com.st.stm32cube.ide.mcu.externaltools.gnu-tools-for-stm32.7-2018-q2-update.win32_1.0.0.201904181610/tools/bin/../lib/gcc/arm-none-eabi/7.3.1/../../../../arm-none-eabi/lib/thumb/v7e-m\libc_nano.a(lib_a-memset.o)
 .text          0x0000000000000000        0x0 d:/st/stm32cubeide_1.1.0/stm32cubeide/plugins/com.st.stm32cube.ide.mcu.externaltools.gnu-tools-for-stm32.7-2018-q2-update.win32_1.0.0.201904181610/tools/bin/../lib/gcc/arm-none-eabi/7.3.1/thumb/v7e-m/crtend.o
 .data          0x0000000000000000        0x0 d:/st/stm32cubeide_1.1.0/stm32cubeide/plugins/com.st.stm32cube.ide.mcu.externaltools.gnu-tools-for-stm32.7-2018-q2-update.win32_1.0.0.201904181610/tools/bin/../lib/gcc/arm-none-eabi/7.3.1/thumb/v7e-m/crtend.o
 .bss           0x0000000000000000        0x0 d:/st/stm32cubeide_1.1.0/stm32cubeide/plugins/com.st.stm32cube.ide.mcu.externaltools.gnu-tools-for-stm32.7-2018-q2-update.win32_1.0.0.201904181610/tools/bin/../lib/gcc/arm-none-eabi/7.3.1/thumb/v7e-m/crtend.o
 .eh_frame      0x0000000000000000        0x4 d:/st/stm32cubeide_1.1.0/stm32cubeide/plugins/com.st.stm32cube.ide.mcu.externaltools.gnu-tools-for-stm32.7-2018-q2-update.win32_1.0.0.201904181610/tools/bin/../lib/gcc/arm-none-eabi/7.3.1/thumb/v7e-m/crtend.o
 .ARM.attributes
                0x0000000000000000       0x2e d:/st/stm32cubeide_1.1.0/stm32cubeide/plugins/com.st.stm32cube.ide.mcu.externaltools.gnu-tools-for-stm32.7-2018-q2-update.win32_1.0.0.201904181610/tools/bin/../lib/gcc/arm-none-eabi/7.3.1/thumb/v7e-m/crtend.o
 .text          0x0000000000000000        0x0 d:/st/stm32cubeide_1.1.0/stm32cubeide/plugins/com.st.stm32cube.ide.mcu.externaltools.gnu-tools-for-stm32.7-2018-q2-update.win32_1.0.0.201904181610/tools/bin/../lib/gcc/arm-none-eabi/7.3.1/thumb/v7e-m/crtn.o
 .data          0x0000000000000000        0x0 d:/st/stm32cubeide_1.1.0/stm32cubeide/plugins/com.st.stm32cube.ide.mcu.externaltools.gnu-tools-for-stm32.7-2018-q2-update.win32_1.0.0.201904181610/tools/bin/../lib/gcc/arm-none-eabi/7.3.1/thumb/v7e-m/crtn.o
 .bss           0x0000000000000000        0x0 d:/st/stm32cubeide_1.1.0/stm32cubeide/plugins/com.st.stm32cube.ide.mcu.externaltools.gnu-tools-for-stm32.7-2018-q2-update.win32_1.0.0.201904181610/tools/bin/../lib/gcc/arm-none-eabi/7.3.1/thumb/v7e-m/crtn.o

Memory Configuration

Name             Origin             Length             Attributes
RAM              0x0000000020000000 0x0000000000020000 xrw
ROM              0x0000000008000000 0x0000000000080000 xr
*default*        0x0000000000000000 0xffffffffffffffff

Linker script and memory map

LOAD d:/st/stm32cubeide_1.1.0/stm32cubeide/plugins/com.st.stm32cube.ide.mcu.externaltools.gnu-tools-for-stm32.7-2018-q2-update.win32_1.0.0.201904181610/tools/bin/../lib/gcc/arm-none-eabi/7.3.1/thumb/v7e-m/crti.o
LOAD d:/st/stm32cubeide_1.1.0/stm32cubeide/plugins/com.st.stm32cube.ide.mcu.externaltools.gnu-tools-for-stm32.7-2018-q2-update.win32_1.0.0.201904181610/tools/bin/../lib/gcc/arm-none-eabi/7.3.1/thumb/v7e-m/crtbegin.o
LOAD d:/st/stm32cubeide_1.1.0/stm32cubeide/plugins/com.st.stm32cube.ide.mcu.externaltools.gnu-tools-for-stm32.7-2018-q2-update.win32_1.0.0.201904181610/tools/bin/../lib/gcc/arm-none-eabi/7.3.1/../../../../arm-none-eabi/lib/thumb/v7e-m/crt0.o
LOAD Drivers/src/stm32f446xx_gpio_driver.o
LOAD Drivers/src/stm32f446xx_i2c_driver.o
LOAD Drivers/src/stm32f446xx_spi_driver.o
LOAD Src/Tests/009_SPI_TxRx_Arduino_IRQ.o
LOAD Src/syscalls.o
LOAD Src/sysmem.o
LOAD Startup/startup_stm32f446retx.o
START GROUP
LOAD d:/st/stm32cubeide_1.1.0/stm32cubeide/plugins/com.st.stm32cube.ide.mcu.externaltools.gnu-tools-for-stm32.7-2018-q2-update.win32_1.0.0.201904181610/tools/bin/../lib/gcc/arm-none-eabi/7.3.1/../../../../arm-none-eabi/lib/thumb/v7e-m\libc_nano.a
LOAD d:/st/stm32cubeide_1.1.0/stm32cubeide/plugins/com.st.stm32cube.ide.mcu.externaltools.gnu-tools-for-stm32.7-2018-q2-update.win32_1.0.0.201904181610/tools/bin/../lib/gcc/arm-none-eabi/7.3.1/../../../../arm-none-eabi/lib/thumb/v7e-m\libm.a
END GROUP
START GROUP
LOAD d:/st/stm32cubeide_1.1.0/stm32cubeide/plugins/com.st.stm32cube.ide.mcu.externaltools.gnu-tools-for-stm32.7-2018-q2-update.win32_1.0.0.201904181610/tools/bin/../lib/gcc/arm-none-eabi/7.3.1/thumb/v7e-m\libgcc.a
LOAD d:/st/stm32cubeide_1.1.0/stm32cubeide/plugins/com.st.stm32cube.ide.mcu.externaltools.gnu-tools-for-stm32.7-2018-q2-update.win32_1.0.0.201904181610/tools/bin/../lib/gcc/arm-none-eabi/7.3.1/../../../../arm-none-eabi/lib/thumb/v7e-m\libc_nano.a
END GROUP
START GROUP
LOAD d:/st/stm32cubeide_1.1.0/stm32cubeide/plugins/com.st.stm32cube.ide.mcu.externaltools.gnu-tools-for-stm32.7-2018-q2-update.win32_1.0.0.201904181610/tools/bin/../lib/gcc/arm-none-eabi/7.3.1/thumb/v7e-m\libgcc.a
LOAD d:/st/stm32cubeide_1.1.0/stm32cubeide/plugins/com.st.stm32cube.ide.mcu.externaltools.gnu-tools-for-stm32.7-2018-q2-update.win32_1.0.0.201904181610/tools/bin/../lib/gcc/arm-none-eabi/7.3.1/../../../../arm-none-eabi/lib/thumb/v7e-m\libc_nano.a
LOAD d:/st/stm32cubeide_1.1.0/stm32cubeide/plugins/com.st.stm32cube.ide.mcu.externaltools.gnu-tools-for-stm32.7-2018-q2-update.win32_1.0.0.201904181610/tools/bin/../lib/gcc/arm-none-eabi/7.3.1/../../../../arm-none-eabi/lib/thumb/v7e-m\libnosys.a
END GROUP
START GROUP
LOAD d:/st/stm32cubeide_1.1.0/stm32cubeide/plugins/com.st.stm32cube.ide.mcu.externaltools.gnu-tools-for-stm32.7-2018-q2-update.win32_1.0.0.201904181610/tools/bin/../lib/gcc/arm-none-eabi/7.3.1/thumb/v7e-m\libgcc.a
LOAD d:/st/stm32cubeide_1.1.0/stm32cubeide/plugins/com.st.stm32cube.ide.mcu.externaltools.gnu-tools-for-stm32.7-2018-q2-update.win32_1.0.0.201904181610/tools/bin/../lib/gcc/arm-none-eabi/7.3.1/../../../../arm-none-eabi/lib/thumb/v7e-m\libc_nano.a
LOAD d:/st/stm32cubeide_1.1.0/stm32cubeide/plugins/com.st.stm32cube.ide.mcu.externaltools.gnu-tools-for-stm32.7-2018-q2-update.win32_1.0.0.201904181610/tools/bin/../lib/gcc/arm-none-eabi/7.3.1/../../../../arm-none-eabi/lib/thumb/v7e-m\libnosys.a
END GROUP
LOAD d:/st/stm32cubeide_1.1.0/stm32cubeide/plugins/com.st.stm32cube.ide.mcu.externaltools.gnu-tools-for-stm32.7-2018-q2-update.win32_1.0.0.201904181610/tools/bin/../lib/gcc/arm-none-eabi/7.3.1/thumb/v7e-m/crtend.o
LOAD d:/st/stm32cubeide_1.1.0/stm32cubeide/plugins/com.st.stm32cube.ide.mcu.externaltools.gnu-tools-for-stm32.7-2018-q2-update.win32_1.0.0.201904181610/tools/bin/../lib/gcc/arm-none-eabi/7.3.1/thumb/v7e-m/crtn.o
                0x0000000020020000                _estack = (ORIGIN (RAM) + LENGTH (RAM))
                0x0000000000000200                _Min_Heap_Size = 0x200
                0x0000000000000400                _Min_Stack_Size = 0x400

.isr_vector     0x0000000008000000      0x1c4
                0x0000000008000000                . = ALIGN (0x4)
 *(.isr_vector)
 .isr_vector    0x0000000008000000      0x1c4 Startup/startup_stm32f446retx.o
                0x0000000008000000                g_pfnVectors
                0x00000000080001c4                . = ALIGN (0x4)

.text           0x00000000080001c4      0xda0
                0x00000000080001c4                . = ALIGN (0x4)
 *(.text)
 .text          0x00000000080001c4       0x40 d:/st/stm32cubeide_1.1.0/stm32cubeide/plugins/com.st.stm32cube.ide.mcu.externaltools.gnu-tools-for-stm32.7-2018-q2-update.win32_1.0.0.201904181610/tools/bin/../lib/gcc/arm-none-eabi/7.3.1/thumb/v7e-m/crtbegin.o
 *(.text*)
 .text.GPIO_PeriClockControl
                0x0000000008000204      0x1a0 Drivers/src/stm32f446xx_gpio_driver.o
                0x0000000008000204                GPIO_PeriClockControl
 .text.GPIO_Init
                0x00000000080003a4      0x334 Drivers/src/stm32f446xx_gpio_driver.o
                0x00000000080003a4                GPIO_Init
 .text.GPIO_ReadFromInputPin
                0x00000000080006d8       0x2a Drivers/src/stm32f446xx_gpio_driver.o
                0x00000000080006d8                GPIO_ReadFromInputPin
 *fill*         0x0000000008000702        0x2 
 .text.SPI_PeriClockControl
                0x0000000008000704       0xe0 Drivers/src/stm32f446xx_spi_driver.o
                0x0000000008000704                SPI_PeriClockControl
 .text.SPI_Init
                0x00000000080007e4       0xa8 Drivers/src/stm32f446xx_spi_driver.o
                0x00000000080007e4                SPI_Init
 .text.SPI_GetFlagStatus
                0x000000000800088c       0x26 Drivers/src/stm32f446xx_spi_driver.o
                0x000000000800088c                SPI_GetFlagStatus
 .text.SPI_ReceiveDataInterruptMode
                0x00000000080008b2       0x46 Drivers/src/stm32f446xx_spi_driver.o
                0x00000000080008b2                SPI_ReceiveDataInterruptMode
 .text.SPI_IRQInterruptConfig
                0x00000000080008f8       0xfc Drivers/src/stm32f446xx_spi_driver.o
                0x00000000080008f8                SPI_IRQInterruptConfig
 .text.SPI_IRQHandling
                0x00000000080009f4       0x9a Drivers/src/stm32f446xx_spi_driver.o
                0x00000000080009f4                SPI_IRQHandling
 .text.SPI_PeripheralControl
                0x0000000008000a8e       0x36 Drivers/src/stm32f446xx_spi_driver.o
                0x0000000008000a8e                SPI_PeripheralControl
 .text.SPI_SSOEConfig
                0x0000000008000ac4       0x36 Drivers/src/stm32f446xx_spi_driver.o
                0x0000000008000ac4                SPI_SSOEConfig
 .text.SPI_CloseTransmission
                0x0000000008000afa       0x34 Drivers/src/stm32f446xx_spi_driver.o
                0x0000000008000afa                SPI_CloseTransmission
 .text.SPI_CloseReception
                0x0000000008000b2e       0x34 Drivers/src/stm32f446xx_spi_driver.o
                0x0000000008000b2e                SPI_CloseReception
 .text.spi_txe_interrupt_handle
                0x0000000008000b62       0x80 Drivers/src/stm32f446xx_spi_driver.o
 .text.spi_rxne_interrupt_handle
                0x0000000008000be2       0x80 Drivers/src/stm32f446xx_spi_driver.o
 .text.spi_ovr_err_interrupt_handle
                0x0000000008000c62       0x30 Drivers/src/stm32f446xx_spi_driver.o
 *fill*         0x0000000008000c92        0x2 
 .text.delay    0x0000000008000c94       0x28 Src/Tests/009_SPI_TxRx_Arduino_IRQ.o
                0x0000000008000c94                delay
 .text.SPI2_GPIOInits
                0x0000000008000cbc       0x5c Src/Tests/009_SPI_TxRx_Arduino_IRQ.o
                0x0000000008000cbc                SPI2_GPIOInits
 .text.SPI2_Inits
                0x0000000008000d18       0x3c Src/Tests/009_SPI_TxRx_Arduino_IRQ.o
                0x0000000008000d18                SPI2_Inits
 .text.GPIO_ButtonInit
                0x0000000008000d54       0x30 Src/Tests/009_SPI_TxRx_Arduino_IRQ.o
                0x0000000008000d54                GPIO_ButtonInit
 .text.main     0x0000000008000d84       0x90 Src/Tests/009_SPI_TxRx_Arduino_IRQ.o
                0x0000000008000d84                main
 .text.SPI2_IRQHandler
                0x0000000008000e14       0x14 Src/Tests/009_SPI_TxRx_Arduino_IRQ.o
                0x0000000008000e14                SPI2_IRQHandler
 .text.SPI_ApplicationEventCallback
                0x0000000008000e28       0x88 Src/Tests/009_SPI_TxRx_Arduino_IRQ.o
                0x0000000008000e28                SPI_ApplicationEventCallback
 .text.Reset_Handler
                0x0000000008000eb0       0x50 Startup/startup_stm32f446retx.o
                0x0000000008000eb0                Reset_Handler
 .text.Default_Handler
                0x0000000008000f00        0x2 Startup/startup_stm32f446retx.o
                0x0000000008000f00                RTC_Alarm_IRQHandler
                0x0000000008000f00                EXTI2_IRQHandler
                0x0000000008000f00                TIM8_CC_IRQHandler
                0x0000000008000f00                SPDIF_Rx_IRQHandler
                0x0000000008000f00                DebugMon_Handler
                0x0000000008000f00                SPI4_IRQHandler
                0x0000000008000f00                TIM1_CC_IRQHandler
                0x0000000008000f00                QuadSPI_IRQHandler
                0x0000000008000f00                DMA2_Stream5_IRQHandler
                0x0000000008000f00                HardFault_Handler
                0x0000000008000f00                DMA1_Stream5_IRQHandler
                0x0000000008000f00                SysTick_Handler
                0x0000000008000f00                PVD_IRQHandler
                0x0000000008000f00                SDIO_IRQHandler
                0x0000000008000f00                TAMP_STAMP_IRQHandler
                0x0000000008000f00                PendSV_Handler
                0x0000000008000f00                NMI_Handler
                0x0000000008000f00                CAN2_RX1_IRQHandler
                0x0000000008000f00                EXTI3_IRQHandler
                0x0000000008000f00                TIM8_TRG_COM_TIM14_IRQHandler
                0x0000000008000f00                TIM1_UP_TIM10_IRQHandler
                0x0000000008000f00                FMPI2C1_error_IRQHandler
                0x0000000008000f00                TIM8_UP_TIM13_IRQHandler
                0x0000000008000f00                I2C3_ER_IRQHandler
                0x0000000008000f00                EXTI0_IRQHandler
                0x0000000008000f00                I2C2_EV_IRQHandler
                0x0000000008000f00                DMA1_Stream2_IRQHandler
                0x0000000008000f00                CAN1_RX0_IRQHandler
                0x0000000008000f00                FPU_IRQHandler
                0x0000000008000f00                OTG_HS_WKUP_IRQHandler
                0x0000000008000f00                UsageFault_Handler
                0x0000000008000f00                CAN2_SCE_IRQHandler
                0x0000000008000f00                DMA2_Stream2_IRQHandler
                0x0000000008000f00                SPI1_IRQHandler
                0x0000000008000f00                TIM6_DAC_IRQHandler
                0x0000000008000f00                TIM1_BRK_TIM9_IRQHandler
                0x0000000008000f00                DCMI_IRQHandler
                0x0000000008000f00                CAN2_RX0_IRQHandler
                0x0000000008000f00                DMA2_Stream3_IRQHandler
                0x0000000008000f00                FMPI2C1_IRQHandler
                0x0000000008000f00                SAI2_IRQHandler
                0x0000000008000f00                USART6_IRQHandler
                0x0000000008000f00                USART3_IRQHandler
                0x0000000008000f00                CAN1_RX1_IRQHandler
                0x0000000008000f00                UART5_IRQHandler
                0x0000000008000f00                DMA2_Stream0_IRQHandler
                0x0000000008000f00                TIM4_IRQHandler
                0x0000000008000f00                I2C1_EV_IRQHandler
                0x0000000008000f00                HDMI_CEC_IRQHandler
                0x0000000008000f00                DMA1_Stream6_IRQHandler
                0x0000000008000f00                DMA1_Stream1_IRQHandler
                0x0000000008000f00                UART4_IRQHandler
                0x0000000008000f00                TIM3_IRQHandler
                0x0000000008000f00                RCC_IRQHandler
                0x0000000008000f00                TIM8_BRK_TIM12_IRQHandler
                0x0000000008000f00                Default_Handler
                0x0000000008000f00                EXTI15_10_IRQHandler
                0x0000000008000f00                ADC_IRQHandler
                0x0000000008000f00                DMA1_Stream7_IRQHandler
                0x0000000008000f00                TIM7_IRQHandler
                0x0000000008000f00                CAN2_TX_IRQHandler
                0x0000000008000f00                TIM5_IRQHandler
                0x0000000008000f00                DMA2_Stream7_IRQHandler
                0x0000000008000f00                I2C3_EV_IRQHandler
                0x0000000008000f00                EXTI9_5_IRQHandler
                0x0000000008000f00                RTC_WKUP_IRQHandler
                0x0000000008000f00                OTG_HS_EP1_IN_IRQHandler
                0x0000000008000f00                MemManage_Handler
                0x0000000008000f00                DMA1_Stream0_IRQHandler
                0x0000000008000f00                CAN1_TX_IRQHandler
                0x0000000008000f00                SVC_Handler
                0x0000000008000f00                EXTI4_IRQHandler
                0x0000000008000f00                OTG_HS_EP1_OUT_IRQHandler
                0x0000000008000f00                WWDG_IRQHandler
                0x0000000008000f00                TIM2_IRQHandler
                0x0000000008000f00                OTG_FS_WKUP_IRQHandler
                0x0000000008000f00                TIM1_TRG_COM_TIM11_IRQHandler
                0x0000000008000f00                OTG_HS_IRQHandler
                0x0000000008000f00                EXTI1_IRQHandler
                0x0000000008000f00                USART2_IRQHandler
                0x0000000008000f00                I2C2_ER_IRQHandler
                0x0000000008000f00                DMA2_Stream1_IRQHandler
                0x0000000008000f00                CAN1_SCE_IRQHandler
                0x0000000008000f00                FLASH_IRQHandler
                0x0000000008000f00                DMA2_Stream4_IRQHandler
                0x0000000008000f00                BusFault_Handler
                0x0000000008000f00                USART1_IRQHandler
                0x0000000008000f00                OTG_FS_IRQHandler
                0x0000000008000f00                SPI3_IRQHandler
                0x0000000008000f00                DMA1_Stream4_IRQHandler
                0x0000000008000f00                I2C1_ER_IRQHandler
                0x0000000008000f00                FMC_IRQHandler
                0x0000000008000f00                DMA2_Stream6_IRQHandler
                0x0000000008000f00                SAI1_IRQHandler
                0x0000000008000f00                DMA1_Stream3_IRQHandler
 *fill*         0x0000000008000f02        0x2 
 .text.__libc_init_array
                0x0000000008000f04       0x48 d:/st/stm32cubeide_1.1.0/stm32cubeide/plugins/com.st.stm32cube.ide.mcu.externaltools.gnu-tools-for-stm32.7-2018-q2-update.win32_1.0.0.201904181610/tools/bin/../lib/gcc/arm-none-eabi/7.3.1/../../../../arm-none-eabi/lib/thumb/v7e-m\libc_nano.a(lib_a-init.o)
                0x0000000008000f04                __libc_init_array
 *(.glue_7)
 .glue_7        0x0000000008000f4c        0x0 linker stubs
 *(.glue_7t)
 .glue_7t       0x0000000008000f4c        0x0 linker stubs
 *(.eh_frame)
 .eh_frame      0x0000000008000f4c        0x0 d:/st/stm32cubeide_1.1.0/stm32cubeide/plugins/com.st.stm32cube.ide.mcu.externaltools.gnu-tools-for-stm32.7-2018-q2-update.win32_1.0.0.201904181610/tools/bin/../lib/gcc/arm-none-eabi/7.3.1/thumb/v7e-m/crtbegin.o
 *(.init)
 .init          0x0000000008000f4c        0x4 d:/st/stm32cubeide_1.1.0/stm32cubeide/plugins/com.st.stm32cube.ide.mcu.externaltools.gnu-tools-for-stm32.7-2018-q2-update.win32_1.0.0.201904181610/tools/bin/../lib/gcc/arm-none-eabi/7.3.1/thumb/v7e-m/crti.o
                0x0000000008000f4c                _init
 .init          0x0000000008000f50        0x8 d:/st/stm32cubeide_1.1.0/stm32cubeide/plugins/com.st.stm32cube.ide.mcu.externaltools.gnu-tools-for-stm32.7-2018-q2-update.win32_1.0.0.201904181610/tools/bin/../lib/gcc/arm-none-eabi/7.3.1/thumb/v7e-m/crtn.o
 *(.fini)
 .fini          0x0000000008000f58        0x4 d:/st/stm32cubeide_1.1.0/stm32cubeide/plugins/com.st.stm32cube.ide.mcu.externaltools.gnu-tools-for-stm32.7-2018-q2-update.win32_1.0.0.201904181610/tools/bin/../lib/gcc/arm-none-eabi/7.3.1/thumb/v7e-m/crti.o
                0x0000000008000f58                _fini
 .fini          0x0000000008000f5c        0x8 d:/st/stm32cubeide_1.1.0/stm32cubeide/plugins/com.st.stm32cube.ide.mcu.externaltools.gnu-tools-for-stm32.7-2018-q2-update.win32_1.0.0.201904181610/tools/bin/../lib/gcc/arm-none-eabi/7.3.1/thumb/v7e-m/crtn.o
                0x0000000008000f64                . = ALIGN (0x4)
                0x0000000008000f64                _etext = .

.vfp11_veneer   0x0000000008000f64        0x0
 .vfp11_veneer  0x0000000008000f64        0x0 linker stubs

.v4_bx          0x0000000008000f64        0x0
 .v4_bx         0x0000000008000f64        0x0 linker stubs

.iplt           0x0000000008000f64        0x0
 .iplt          0x0000000008000f64        0x0 d:/st/stm32cubeide_1.1.0/stm32cubeide/plugins/com.st.stm32cube.ide.mcu.externaltools.gnu-tools-for-stm32.7-2018-q2-update.win32_1.0.0.201904181610/tools/bin/../lib/gcc/arm-none-eabi/7.3.1/thumb/v7e-m/crtbegin.o

.rel.dyn        0x0000000008000f64        0x0
 .rel.iplt      0x0000000008000f64        0x0 d:/st/stm32cubeide_1.1.0/stm32cubeide/plugins/com.st.stm32cube.ide.mcu.externaltools.gnu-tools-for-stm32.7-2018-q2-update.win32_1.0.0.201904181610/tools/bin/../lib/gcc/arm-none-eabi/7.3.1/thumb/v7e-m/crtbegin.o

.rodata         0x0000000008000f64        0x0
                0x0000000008000f64                . = ALIGN (0x4)
 *(.rodata)
 *(.rodata*)
                0x0000000008000f64                . = ALIGN (0x4)

.ARM.extab      0x0000000008000f64        0x0
                0x0000000008000f64                . = ALIGN (0x4)
 *(.ARM.extab* .gnu.linkonce.armextab.*)
                0x0000000008000f64                . = ALIGN (0x4)

.ARM            0x0000000008000f64        0x0
                0x0000000008000f64                . = ALIGN (0x4)
                0x0000000008000f64                __exidx_start = .
 *(.ARM.exidx*)
                0x0000000008000f64                __exidx_end = .
                0x0000000008000f64                . = ALIGN (0x4)

.preinit_array  0x0000000008000f64        0x0
                0x0000000008000f64                . = ALIGN (0x4)
                0x0000000008000f64                PROVIDE (__preinit_array_start = .)
 *(.preinit_array*)
                0x0000000008000f64                PROVIDE (__preinit_array_end = .)
                0x0000000008000f64                . = ALIGN (0x4)

.init_array     0x0000000008000f64        0x4
                0x0000000008000f64                . = ALIGN (0x4)
                0x0000000008000f64                PROVIDE (__init_array_start = .)
 *(SORT_BY_NAME(.init_array.*))
 *(.init_array*)
 .init_array    0x0000000008000f64        0x4 d:/st/stm32cubeide_1.1.0/stm32cubeide/plugins/com.st.stm32cube.ide.mcu.externaltools.gnu-tools-for-stm32.7-2018-q2-update.win32_1.0.0.201904181610/tools/bin/../lib/gcc/arm-none-eabi/7.3.1/thumb/v7e-m/crtbegin.o
                0x0000000008000f68                PROVIDE (__init_array_end = .)
                0x0000000008000f68                . = ALIGN (0x4)

.fini_array     0x0000000008000f68        0x4
                0x0000000008000f68                . = ALIGN (0x4)
                [!provide]                        PROVIDE (__fini_array_start = .)
 *(SORT_BY_NAME(.fini_array.*))
 *(.fini_array*)
 .fini_array    0x0000000008000f68        0x4 d:/st/stm32cubeide_1.1.0/stm32cubeide/plugins/com.st.stm32cube.ide.mcu.externaltools.gnu-tools-for-stm32.7-2018-q2-update.win32_1.0.0.201904181610/tools/bin/../lib/gcc/arm-none-eabi/7.3.1/thumb/v7e-m/crtbegin.o
                [!provide]                        PROVIDE (__fini_array_end = .)
                0x0000000008000f6c                . = ALIGN (0x4)
                0x0000000008000f6c                _sidata = LOADADDR (.data)

.data           0x0000000020000000        0x0 load address 0x0000000008000f6c
                0x0000000020000000                . = ALIGN (0x4)
                0x0000000020000000                _sdata = .
 *(.data)
 *(.data*)
                0x0000000020000000                . = ALIGN (0x4)
                0x0000000020000000                _edata = .

.igot.plt       0x0000000020000000        0x0 load address 0x0000000008000f6c
 .igot.plt      0x0000000020000000        0x0 d:/st/stm32cubeide_1.1.0/stm32cubeide/plugins/com.st.stm32cube.ide.mcu.externaltools.gnu-tools-for-stm32.7-2018-q2-update.win32_1.0.0.201904181610/tools/bin/../lib/gcc/arm-none-eabi/7.3.1/thumb/v7e-m/crtbegin.o
                0x0000000020000000                . = ALIGN (0x4)

.bss            0x0000000020000000       0xb0 load address 0x0000000008000f6c
                0x0000000020000000                _sbss = .
                0x0000000020000000                __bss_start__ = _sbss
 *(.bss)
 .bss           0x0000000020000000       0x1c d:/st/stm32cubeide_1.1.0/stm32cubeide/plugins/com.st.stm32cube.ide.mcu.externaltools.gnu-tools-for-stm32.7-2018-q2-update.win32_1.0.0.201904181610/tools/bin/../lib/gcc/arm-none-eabi/7.3.1/thumb/v7e-m/crtbegin.o
 *(.bss*)
 .bss.RxContFlag
                0x000000002000001c        0x1 Src/Tests/009_SPI_TxRx_Arduino_IRQ.o
                0x000000002000001c                RxContFlag
 .bss.rcv_start.4827
                0x000000002000001d        0x1 Src/Tests/009_SPI_TxRx_Arduino_IRQ.o
 *fill*         0x000000002000001e        0x2 
 .bss.i.4826    0x0000000020000020        0x4 Src/Tests/009_SPI_TxRx_Arduino_IRQ.o
 *(COMMON)
 COMMON         0x0000000020000024       0x8c Src/Tests/009_SPI_TxRx_Arduino_IRQ.o
                0x0000000020000024                ReadByte
                0x0000000020000028                SPI2handle
                0x000000002000004c                RcvBuff
                0x00000000200000b0                . = ALIGN (0x4)
                0x00000000200000b0                _ebss = .
                0x00000000200000b0                __bss_end__ = _ebss

._user_heap_stack
                0x00000000200000b0      0x600 load address 0x0000000008000f6c
                0x00000000200000b0                . = ALIGN (0x8)
                0x00000000200000b0                PROVIDE (end = .)
                [!provide]                        PROVIDE (_end = .)
                0x00000000200002b0                . = (. + _Min_Heap_Size)
 *fill*         0x00000000200000b0      0x200 
                0x00000000200006b0                . = (. + _Min_Stack_Size)
 *fill*         0x00000000200002b0      0x400 
                0x00000000200006b0                . = ALIGN (0x8)

/DISCARD/
 libc.a(*)
 libm.a(*)
 libgcc.a(*)

.ARM.attributes
                0x0000000000000000       0x2a
 *(.ARM.attributes)
 .ARM.attributes
                0x0000000000000000       0x1e d:/st/stm32cubeide_1.1.0/stm32cubeide/plugins/com.st.stm32cube.ide.mcu.externaltools.gnu-tools-for-stm32.7-2018-q2-update.win32_1.0.0.201904181610/tools/bin/../lib/gcc/arm-none-eabi/7.3.1/thumb/v7e-m/crti.o
 .ARM.attributes
                0x000000000000001e       0x2e d:/st/stm32cubeide_1.1.0/stm32cubeide/plugins/com.st.stm32cube.ide.mcu.externaltools.gnu-tools-for-stm32.7-2018-q2-update.win32_1.0.0.201904181610/tools/bin/../lib/gcc/arm-none-eabi/7.3.1/thumb/v7e-m/crtbegin.o
 .ARM.attributes
                0x000000000000004c       0x33 Drivers/src/stm32f446xx_gpio_driver.o
 .ARM.attributes
                0x000000000000007f       0x33 Drivers/src/stm32f446xx_spi_driver.o
 .ARM.attributes
                0x00000000000000b2       0x33 Src/Tests/009_SPI_TxRx_Arduino_IRQ.o
 .ARM.attributes
                0x00000000000000e5       0x21 Startup/startup_stm32f446retx.o
 .ARM.attributes
                0x0000000000000106       0x2e d:/st/stm32cubeide_1.1.0/stm32cubeide/plugins/com.st.stm32cube.ide.mcu.externaltools.gnu-tools-for-stm32.7-2018-q2-update.win32_1.0.0.201904181610/tools/bin/../lib/gcc/arm-none-eabi/7.3.1/../../../../arm-none-eabi/lib/thumb/v7e-m\libc_nano.a(lib_a-init.o)
 .ARM.attributes
                0x0000000000000134       0x1e d:/st/stm32cubeide_1.1.0/stm32cubeide/plugins/com.st.stm32cube.ide.mcu.externaltools.gnu-tools-for-stm32.7-2018-q2-update.win32_1.0.0.201904181610/tools/bin/../lib/gcc/arm-none-eabi/7.3.1/thumb/v7e-m/crtn.o
OUTPUT(stm32f4xx_drivers.elf elf32-littlearm)

.debug_info     0x0000000000000000     0x1cbd
 .debug_info    0x0000000000000000      0x748 Drivers/src/stm32f446xx_gpio_driver.o
 .debug_info    0x0000000000000748      0x882 Drivers/src/stm32f446xx_spi_driver.o
 .debug_info    0x0000000000000fca      0xcd1 Src/Tests/009_SPI_TxRx_Arduino_IRQ.o
 .debug_info    0x0000000000001c9b       0x22 Startup/startup_stm32f446retx.o

.debug_abbrev   0x0000000000000000      0x531
 .debug_abbrev  0x0000000000000000      0x159 Drivers/src/stm32f446xx_gpio_driver.o
 .debug_abbrev  0x0000000000000159      0x193 Drivers/src/stm32f446xx_spi_driver.o
 .debug_abbrev  0x00000000000002ec      0x233 Src/Tests/009_SPI_TxRx_Arduino_IRQ.o
 .debug_abbrev  0x000000000000051f       0x12 Startup/startup_stm32f446retx.o

.debug_aranges  0x0000000000000000      0x1b0
 .debug_aranges
                0x0000000000000000       0x70 Drivers/src/stm32f446xx_gpio_driver.o
 .debug_aranges
                0x0000000000000070       0xc0 Drivers/src/stm32f446xx_spi_driver.o
 .debug_aranges
                0x0000000000000130       0x58 Src/Tests/009_SPI_TxRx_Arduino_IRQ.o
 .debug_aranges
                0x0000000000000188       0x28 Startup/startup_stm32f446retx.o

.debug_ranges   0x0000000000000000      0x178
 .debug_ranges  0x0000000000000000       0x60 Drivers/src/stm32f446xx_gpio_driver.o
 .debug_ranges  0x0000000000000060       0xb0 Drivers/src/stm32f446xx_spi_driver.o
 .debug_ranges  0x0000000000000110       0x48 Src/Tests/009_SPI_TxRx_Arduino_IRQ.o
 .debug_ranges  0x0000000000000158       0x20 Startup/startup_stm32f446retx.o

.debug_macro    0x0000000000000000     0x255b
 .debug_macro   0x0000000000000000       0xad Drivers/src/stm32f446xx_gpio_driver.o
 .debug_macro   0x00000000000000ad      0xa66 Drivers/src/stm32f446xx_gpio_driver.o
 .debug_macro   0x0000000000000b13      0x174 Drivers/src/stm32f446xx_gpio_driver.o
 .debug_macro   0x0000000000000c87       0x22 Drivers/src/stm32f446xx_gpio_driver.o
 .debug_macro   0x0000000000000ca9       0x8e Drivers/src/stm32f446xx_gpio_driver.o
 .debug_macro   0x0000000000000d37       0x51 Drivers/src/stm32f446xx_gpio_driver.o
 .debug_macro   0x0000000000000d88       0xef Drivers/src/stm32f446xx_gpio_driver.o
 .debug_macro   0x0000000000000e77       0x6a Drivers/src/stm32f446xx_gpio_driver.o
 .debug_macro   0x0000000000000ee1      0x1df Drivers/src/stm32f446xx_gpio_driver.o
 .debug_macro   0x00000000000010c0      0x8a6 Drivers/src/stm32f446xx_gpio_driver.o
 .debug_macro   0x0000000000001966       0xbe Drivers/src/stm32f446xx_gpio_driver.o
 .debug_macro   0x0000000000001a24       0x76 Drivers/src/stm32f446xx_gpio_driver.o
 .debug_macro   0x0000000000001a9a       0xc4 Drivers/src/stm32f446xx_gpio_driver.o
 .debug_macro   0x0000000000001b5e       0xad Drivers/src/stm32f446xx_spi_driver.o
 .debug_macro   0x0000000000001c0b      0x1b2 Src/Tests/009_SPI_TxRx_Arduino_IRQ.o
 .debug_macro   0x0000000000001dbd       0xc4 Src/Tests/009_SPI_TxRx_Arduino_IRQ.o
 .debug_macro   0x0000000000001e81       0x46 Src/Tests/009_SPI_TxRx_Arduino_IRQ.o
 .debug_macro   0x0000000000001ec7       0x18 Src/Tests/009_SPI_TxRx_Arduino_IRQ.o
 .debug_macro   0x0000000000001edf       0x3c Src/Tests/009_SPI_TxRx_Arduino_IRQ.o
 .debug_macro   0x0000000000001f1b       0x34 Src/Tests/009_SPI_TxRx_Arduino_IRQ.o
 .debug_macro   0x0000000000001f4f       0x52 Src/Tests/009_SPI_TxRx_Arduino_IRQ.o
 .debug_macro   0x0000000000001fa1       0x1f Src/Tests/009_SPI_TxRx_Arduino_IRQ.o
 .debug_macro   0x0000000000001fc0       0x43 Src/Tests/009_SPI_TxRx_Arduino_IRQ.o
 .debug_macro   0x0000000000002003       0x20 Src/Tests/009_SPI_TxRx_Arduino_IRQ.o
 .debug_macro   0x0000000000002023      0x1a3 Src/Tests/009_SPI_TxRx_Arduino_IRQ.o
 .debug_macro   0x00000000000021c6      0x330 Src/Tests/009_SPI_TxRx_Arduino_IRQ.o
 .debug_macro   0x00000000000024f6       0x10 Src/Tests/009_SPI_TxRx_Arduino_IRQ.o
 .debug_macro   0x0000000000002506       0x35 Src/Tests/009_SPI_TxRx_Arduino_IRQ.o
 .debug_macro   0x000000000000253b       0x20 Src/Tests/009_SPI_TxRx_Arduino_IRQ.o

.debug_line     0x0000000000000000     0x142b
 .debug_line    0x0000000000000000      0x668 Drivers/src/stm32f446xx_gpio_driver.o
 .debug_line    0x0000000000000668      0x6c0 Drivers/src/stm32f446xx_spi_driver.o
 .debug_line    0x0000000000000d28      0x67f Src/Tests/009_SPI_TxRx_Arduino_IRQ.o
 .debug_line    0x00000000000013a7       0x84 Startup/startup_stm32f446retx.o

.debug_str      0x0000000000000000     0xa286
 .debug_str     0x0000000000000000     0x6e93 Drivers/src/stm32f446xx_gpio_driver.o
                                       0x70b0 (size before relaxing)
 .debug_str     0x0000000000006e93      0x2d0 Drivers/src/stm32f446xx_spi_driver.o
                                       0x713d (size before relaxing)
 .debug_str     0x0000000000007163     0x30f2 Src/Tests/009_SPI_TxRx_Arduino_IRQ.o
                                       0x9fff (size before relaxing)
 .debug_str     0x000000000000a255       0x31 Startup/startup_stm32f446retx.o
                                         0x71 (size before relaxing)

.comment        0x0000000000000000       0x7b
 .comment       0x0000000000000000       0x7b Drivers/src/stm32f446xx_gpio_driver.o
                                         0x7c (size before relaxing)
 .comment       0x000000000000007b       0x7c Drivers/src/stm32f446xx_spi_driver.o
 .comment       0x000000000000007b       0x7c Src/Tests/009_SPI_TxRx_Arduino_IRQ.o

.debug_frame    0x0000000000000000      0x65c
 .debug_frame   0x0000000000000000      0x1c8 Drivers/src/stm32f446xx_gpio_driver.o
 .debug_frame   0x00000000000001c8      0x33c Drivers/src/stm32f446xx_spi_driver.o
 .debug_frame   0x0000000000000504      0x12c Src/Tests/009_SPI_TxRx_Arduino_IRQ.o
 .debug_frame   0x0000000000000630       0x2c d:/st/stm32cubeide_1.1.0/stm32cubeide/plugins/com.st.stm32cube.ide.mcu.externaltools.gnu-tools-for-stm32.7-2018-q2-update.win32_1.0.0.201904181610/tools/bin/../lib/gcc/arm-none-eabi/7.3.1/../../../../arm-none-eabi/lib/thumb/v7e-m\libc_nano.a(lib_a-init.o)
