Archive member included to satisfy reference by file (symbol)

d:/st/stm32cubeide_1.1.0/stm32cubeide/plugins/com.st.stm32cube.ide.mcu.externaltools.gnu-tools-for-stm32.7-2018-q2-update.win32_1.0.0.201904181610/tools/bin/../lib/gcc/arm-none-eabi/7.3.1/../../../../arm-none-eabi/lib/thumb/v7e-m\libc_nano.a(lib_a-errno.o)
                              Src/syscalls.o (__errno)
d:/st/stm32cubeide_1.1.0/stm32cubeide/plugins/com.st.stm32cube.ide.mcu.externaltools.gnu-tools-for-stm32.7-2018-q2-update.win32_1.0.0.201904181610/tools/bin/../lib/gcc/arm-none-eabi/7.3.1/../../../../arm-none-eabi/lib/thumb/v7e-m\libc_nano.a(lib_a-exit.o)
                              d:/st/stm32cubeide_1.1.0/stm32cubeide/plugins/com.st.stm32cube.ide.mcu.externaltools.gnu-tools-for-stm32.7-2018-q2-update.win32_1.0.0.201904181610/tools/bin/../lib/gcc/arm-none-eabi/7.3.1/../../../../arm-none-eabi/lib/thumb/v7e-m/crt0.o (exit)
d:/st/stm32cubeide_1.1.0/stm32cubeide/plugins/com.st.stm32cube.ide.mcu.externaltools.gnu-tools-for-stm32.7-2018-q2-update.win32_1.0.0.201904181610/tools/bin/../lib/gcc/arm-none-eabi/7.3.1/../../../../arm-none-eabi/lib/thumb/v7e-m\libc_nano.a(lib_a-impure.o)
                              d:/st/stm32cubeide_1.1.0/stm32cubeide/plugins/com.st.stm32cube.ide.mcu.externaltools.gnu-tools-for-stm32.7-2018-q2-update.win32_1.0.0.201904181610/tools/bin/../lib/gcc/arm-none-eabi/7.3.1/../../../../arm-none-eabi/lib/thumb/v7e-m\libc_nano.a(lib_a-exit.o) (_global_impure_ptr)
d:/st/stm32cubeide_1.1.0/stm32cubeide/plugins/com.st.stm32cube.ide.mcu.externaltools.gnu-tools-for-stm32.7-2018-q2-update.win32_1.0.0.201904181610/tools/bin/../lib/gcc/arm-none-eabi/7.3.1/../../../../arm-none-eabi/lib/thumb/v7e-m\libc_nano.a(lib_a-init.o)
                              d:/st/stm32cubeide_1.1.0/stm32cubeide/plugins/com.st.stm32cube.ide.mcu.externaltools.gnu-tools-for-stm32.7-2018-q2-update.win32_1.0.0.201904181610/tools/bin/../lib/gcc/arm-none-eabi/7.3.1/../../../../arm-none-eabi/lib/thumb/v7e-m/crt0.o (__libc_init_array)
d:/st/stm32cubeide_1.1.0/stm32cubeide/plugins/com.st.stm32cube.ide.mcu.externaltools.gnu-tools-for-stm32.7-2018-q2-update.win32_1.0.0.201904181610/tools/bin/../lib/gcc/arm-none-eabi/7.3.1/../../../../arm-none-eabi/lib/thumb/v7e-m\libc_nano.a(lib_a-memset.o)
                              d:/st/stm32cubeide_1.1.0/stm32cubeide/plugins/com.st.stm32cube.ide.mcu.externaltools.gnu-tools-for-stm32.7-2018-q2-update.win32_1.0.0.201904181610/tools/bin/../lib/gcc/arm-none-eabi/7.3.1/../../../../arm-none-eabi/lib/thumb/v7e-m/crt0.o (memset)
d:/st/stm32cubeide_1.1.0/stm32cubeide/plugins/com.st.stm32cube.ide.mcu.externaltools.gnu-tools-for-stm32.7-2018-q2-update.win32_1.0.0.201904181610/tools/bin/../lib/gcc/arm-none-eabi/7.3.1/../../../../arm-none-eabi/lib/thumb/v7e-m\libc_nano.a(lib_a-puts.o)
                              Src/Tests/013_I2C_SlaveTxRx.o (puts)
d:/st/stm32cubeide_1.1.0/stm32cubeide/plugins/com.st.stm32cube.ide.mcu.externaltools.gnu-tools-for-stm32.7-2018-q2-update.win32_1.0.0.201904181610/tools/bin/../lib/gcc/arm-none-eabi/7.3.1/../../../../arm-none-eabi/lib/thumb/v7e-m\libc_nano.a(lib_a-strlen.o)
                              Src/Tests/013_I2C_SlaveTxRx.o (strlen)
d:/st/stm32cubeide_1.1.0/stm32cubeide/plugins/com.st.stm32cube.ide.mcu.externaltools.gnu-tools-for-stm32.7-2018-q2-update.win32_1.0.0.201904181610/tools/bin/../lib/gcc/arm-none-eabi/7.3.1/../../../../arm-none-eabi/lib/thumb/v7e-m\libc_nano.a(lib_a-wbuf.o)
                              d:/st/stm32cubeide_1.1.0/stm32cubeide/plugins/com.st.stm32cube.ide.mcu.externaltools.gnu-tools-for-stm32.7-2018-q2-update.win32_1.0.0.201904181610/tools/bin/../lib/gcc/arm-none-eabi/7.3.1/../../../../arm-none-eabi/lib/thumb/v7e-m\libc_nano.a(lib_a-puts.o) (__swbuf_r)
d:/st/stm32cubeide_1.1.0/stm32cubeide/plugins/com.st.stm32cube.ide.mcu.externaltools.gnu-tools-for-stm32.7-2018-q2-update.win32_1.0.0.201904181610/tools/bin/../lib/gcc/arm-none-eabi/7.3.1/../../../../arm-none-eabi/lib/thumb/v7e-m\libc_nano.a(lib_a-wsetup.o)
                              d:/st/stm32cubeide_1.1.0/stm32cubeide/plugins/com.st.stm32cube.ide.mcu.externaltools.gnu-tools-for-stm32.7-2018-q2-update.win32_1.0.0.201904181610/tools/bin/../lib/gcc/arm-none-eabi/7.3.1/../../../../arm-none-eabi/lib/thumb/v7e-m\libc_nano.a(lib_a-puts.o) (__swsetup_r)
d:/st/stm32cubeide_1.1.0/stm32cubeide/plugins/com.st.stm32cube.ide.mcu.externaltools.gnu-tools-for-stm32.7-2018-q2-update.win32_1.0.0.201904181610/tools/bin/../lib/gcc/arm-none-eabi/7.3.1/../../../../arm-none-eabi/lib/thumb/v7e-m\libc_nano.a(lib_a-fflush.o)
                              d:/st/stm32cubeide_1.1.0/stm32cubeide/plugins/com.st.stm32cube.ide.mcu.externaltools.gnu-tools-for-stm32.7-2018-q2-update.win32_1.0.0.201904181610/tools/bin/../lib/gcc/arm-none-eabi/7.3.1/../../../../arm-none-eabi/lib/thumb/v7e-m\libc_nano.a(lib_a-wbuf.o) (_fflush_r)
[...]
Memory Configuration

Name             Origin             Length             Attributes
RAM              0x0000000020000000 0x0000000000020000 xrw
ROM              0x0000000008000000 0x0000000000080000 xr
*default*        0x0000000000000000 0xffffffffffffffff

Linker script and memory map

LOAD d:/st/stm32cubeide_1.1.0/stm32cubeide/plugins/com.st.stm32cube.ide.mcu.externaltools.gnu-tools-for-stm32.7-2018-q2-update.win32_1.0.0.201904181610/tools/bin/../lib/gcc/arm-none-eabi/7.3.1/thumb/v7e-m/crti.o
LOAD d:/st/stm32cubeide_1.1.0/stm32cubeide/plugins/com.st.stm32cube.ide.mcu.externaltools.gnu-tools-for-stm32.7-2018-q2-update.win32_1.0.0.201904181610/tools/bin/../lib/gcc/arm-none-eabi/7.3.1/thumb/v7e-m/crtbegin.o
LOAD d:/st/stm32cubeide_1.1.0/stm32cubeide/plugins/com.st.stm32cube.ide.mcu.externaltools.gnu-tools-for-stm32.7-2018-q2-update.win32_1.0.0.201904181610/tools/bin/../lib/gcc/arm-none-eabi/7.3.1/../../../../arm-none-eabi/lib/thumb/v7e-m/crt0.o
LOAD Drivers/src/stm32f446xx_gpio_driver.o
LOAD Drivers/src/stm32f446xx_i2c_driver.o
LOAD Drivers/src/stm32f446xx_spi_driver.o
LOAD Src/Tests/013_I2C_SlaveTxRx.o
LOAD Src/syscalls.o
LOAD Src/sysmem.o
LOAD Startup/startup_stm32f446retx.o
START GROUP
LOAD d:/st/stm32cubeide_1.1.0/stm32cubeide/plugins/com.st.stm32cube.ide.mcu.externaltools.gnu-tools-for-stm32.7-2018-q2-update.win32_1.0.0.201904181610/tools/bin/../lib/gcc/arm-none-eabi/7.3.1/../../../../arm-none-eabi/lib/thumb/v7e-m\libc_nano.a
LOAD d:/st/stm32cubeide_1.1.0/stm32cubeide/plugins/com.st.stm32cube.ide.mcu.externaltools.gnu-tools-for-stm32.7-2018-q2-update.win32_1.0.0.201904181610/tools/bin/../lib/gcc/arm-none-eabi/7.3.1/../../../../arm-none-eabi/lib/thumb/v7e-m\libm.a
END GROUP
START GROUP
LOAD d:/st/stm32cubeide_1.1.0/stm32cubeide/plugins/com.st.stm32cube.ide.mcu.externaltools.gnu-tools-for-stm32.7-2018-q2-update.win32_1.0.0.201904181610/tools/bin/../lib/gcc/arm-none-eabi/7.3.1/thumb/v7e-m\libgcc.a
LOAD d:/st/stm32cubeide_1.1.0/stm32cubeide/plugins/com.st.stm32cube.ide.mcu.externaltools.gnu-tools-for-stm32.7-2018-q2-update.win32_1.0.0.201904181610/tools/bin/../lib/gcc/arm-none-eabi/7.3.1/../../../../arm-none-eabi/lib/thumb/v7e-m\libc_nano.a
END GROUP
START GROUP
LOAD d:/st/stm32cubeide_1.1.0/stm32cubeide/plugins/com.st.stm32cube.ide.mcu.externaltools.gnu-tools-for-stm32.7-2018-q2-update.win32_1.0.0.201904181610/tools/bin/../lib/gcc/arm-none-eabi/7.3.1/thumb/v7e-m\libgcc.a
LOAD d:/st/stm32cubeide_1.1.0/stm32cubeide/plugins/com.st.stm32cube.ide.mcu.externaltools.gnu-tools-for-stm32.7-2018-q2-update.win32_1.0.0.201904181610/tools/bin/../lib/gcc/arm-none-eabi/7.3.1/../../../../arm-none-eabi/lib/thumb/v7e-m\libc_nano.a
LOAD d:/st/stm32cubeide_1.1.0/stm32cubeide/plugins/com.st.stm32cube.ide.mcu.externaltools.gnu-tools-for-stm32.7-2018-q2-update.win32_1.0.0.201904181610/tools/bin/../lib/gcc/arm-none-eabi/7.3.1/../../../../arm-none-eabi/lib/thumb/v7e-m\libnosys.a
END GROUP
START GROUP
LOAD d:/st/stm32cubeide_1.1.0/stm32cubeide/plugins/com.st.stm32cube.ide.mcu.externaltools.gnu-tools-for-stm32.7-2018-q2-update.win32_1.0.0.201904181610/tools/bin/../lib/gcc/arm-none-eabi/7.3.1/thumb/v7e-m\libgcc.a
LOAD d:/st/stm32cubeide_1.1.0/stm32cubeide/plugins/com.st.stm32cube.ide.mcu.externaltools.gnu-tools-for-stm32.7-2018-q2-update.win32_1.0.0.201904181610/tools/bin/../lib/gcc/arm-none-eabi/7.3.1/../../../../arm-none-eabi/lib/thumb/v7e-m\libc_nano.a
LOAD d:/st/stm32cubeide_1.1.0/stm32cubeide/plugins/com.st.stm32cube.ide.mcu.externaltools.gnu-tools-for-stm32.7-2018-q2-update.win32_1.0.0.201904181610/tools/bin/../lib/gcc/arm-none-eabi/7.3.1/../../../../arm-none-eabi/lib/thumb/v7e-m\libnosys.a
END GROUP
LOAD d:/st/stm32cubeide_1.1.0/stm32cubeide/plugins/com.st.stm32cube.ide.mcu.externaltools.gnu-tools-for-stm32.7-2018-q2-update.win32_1.0.0.201904181610/tools/bin/../lib/gcc/arm-none-eabi/7.3.1/thumb/v7e-m/crtend.o
LOAD d:/st/stm32cubeide_1.1.0/stm32cubeide/plugins/com.st.stm32cube.ide.mcu.externaltools.gnu-tools-for-stm32.7-2018-q2-update.win32_1.0.0.201904181610/tools/bin/../lib/gcc/arm-none-eabi/7.3.1/thumb/v7e-m/crtn.o
                0x0000000020020000                _estack = (ORIGIN (RAM) + LENGTH (RAM))
                0x0000000000000200                _Min_Heap_Size = 0x200
                0x0000000000000400                _Min_Stack_Size = 0x400

.isr_vector     0x0000000008000000      0x1c4
                0x0000000008000000                . = ALIGN (0x4)
 *(.isr_vector)
 .isr_vector    0x0000000008000000      0x1c4 Startup/startup_stm32f446retx.o
                0x0000000008000000                g_pfnVectors
                0x00000000080001c4                . = ALIGN (0x4)

.text           0x00000000080001c4     0x1c08
                0x00000000080001c4                . = ALIGN (0x4)
 *(.text)
 .text          0x00000000080001c4       0x40 d:/st/stm32cubeide_1.1.0/stm32cubeide/plugins/com.st.stm32cube.ide.mcu.externaltools.gnu-tools-for-stm32.7-2018-q2-update.win32_1.0.0.201904181610/tools/bin/../lib/gcc/arm-none-eabi/7.3.1/thumb/v7e-m/crtbegin.o
 .text          0x0000000008000204       0x10 d:/st/stm32cubeide_1.1.0/stm32cubeide/plugins/com.st.stm32cube.ide.mcu.externaltools.gnu-tools-for-stm32.7-2018-q2-update.win32_1.0.0.201904181610/tools/bin/../lib/gcc/arm-none-eabi/7.3.1/../../../../arm-none-eabi/lib/thumb/v7e-m\libc_nano.a(lib_a-strlen.o)
                0x0000000008000204                strlen
 *(.text*)
 .text.GPIO_PeriClockControl
                0x0000000008000214      0x1a0 Drivers/src/stm32f446xx_gpio_driver.o
                0x0000000008000214                GPIO_PeriClockControl
 .text.GPIO_Init
                0x00000000080003b4      0x334 Drivers/src/stm32f446xx_gpio_driver.o
                0x00000000080003b4                GPIO_Init
 .text.I2C_PeriClockControl
                0x00000000080006e8       0xb0 Drivers/src/stm32f446xx_i2c_driver.o
                0x00000000080006e8                I2C_PeriClockControl
 .text.RCC_GetPLLOutputClock
                0x0000000008000798        0xe Drivers/src/stm32f446xx_i2c_driver.o
                0x0000000008000798                RCC_GetPLLOutputClock
 *fill*         0x00000000080007a6        0x2 
 .text.RCC_GetPCLK1Value
                0x00000000080007a8       0xb0 Drivers/src/stm32f446xx_i2c_driver.o
                0x00000000080007a8                RCC_GetPCLK1Value
 .text.I2C_Init
                0x0000000008000858      0x160 Drivers/src/stm32f446xx_i2c_driver.o
                0x0000000008000858                I2C_Init
 .text.I2C_PeripheralControl
                0x00000000080009b8       0x36 Drivers/src/stm32f446xx_i2c_driver.o
                0x00000000080009b8                I2C_PeripheralControl
 .text.I2C_ManageAcking
                0x00000000080009ee       0x36 Drivers/src/stm32f446xx_i2c_driver.o
                0x00000000080009ee                I2C_ManageAcking
 .text.I2C_SlaveSendData
                0x0000000008000a24       0x1c Drivers/src/stm32f446xx_i2c_driver.o
                0x0000000008000a24                I2C_SlaveSendData
 .text.I2C_SlaveReceiveData
                0x0000000008000a40       0x18 Drivers/src/stm32f446xx_i2c_driver.o
                0x0000000008000a40                I2C_SlaveReceiveData
 .text.I2C_IRQInterruptConfig
                0x0000000008000a58       0xfc Drivers/src/stm32f446xx_i2c_driver.o
                0x0000000008000a58                I2C_IRQInterruptConfig
 .text.I2C_EV_IRQHandling
                0x0000000008000b54      0x1b4 Drivers/src/stm32f446xx_i2c_driver.o
                0x0000000008000b54                I2C_EV_IRQHandling
 .text.I2C_ER_IRQHandling
                0x0000000008000d08      0x10c Drivers/src/stm32f446xx_i2c_driver.o
                0x0000000008000d08                I2C_ER_IRQHandling
 .text.I2C_CloseReceiveData
                0x0000000008000e14       0x5c Drivers/src/stm32f446xx_i2c_driver.o
                0x0000000008000e14                I2C_CloseReceiveData
 .text.I2C_CloseSendData
                0x0000000008000e70       0x44 Drivers/src/stm32f446xx_i2c_driver.o
                0x0000000008000e70                I2C_CloseSendData
 .text.I2C_GenerateStopCondition
                0x0000000008000eb4       0x1e Drivers/src/stm32f446xx_i2c_driver.o
                0x0000000008000eb4                I2C_GenerateStopCondition
 .text.I2C_SlaveEnableDisableCallbackEvents
                0x0000000008000ed2       0x66 Drivers/src/stm32f446xx_i2c_driver.o
                0x0000000008000ed2                I2C_SlaveEnableDisableCallbackEvents
 .text.I2C_ExecuteAddressPhaseWrite
                0x0000000008000f38       0x2a Drivers/src/stm32f446xx_i2c_driver.o
 .text.I2C_ExecuteAddressPhaseRead
                0x0000000008000f62       0x2a Drivers/src/stm32f446xx_i2c_driver.o
 .text.I2C_ClearAddrFlag
                0x0000000008000f8c       0x6e Drivers/src/stm32f446xx_i2c_driver.o
 .text.I2C_MasterHandleTXEInterrupt
                0x0000000008000ffa       0x42 Drivers/src/stm32f446xx_i2c_driver.o
 .text.I2C_MasterHandleRXNEInterrupt
                0x000000000800103c       0x98 Drivers/src/stm32f446xx_i2c_driver.o
 .text.I2C1_GPIOInits
                0x00000000080010d4       0x44 Src/Tests/013_I2C_SlaveTxRx.o
                0x00000000080010d4                I2C1_GPIOInits
 .text.I2C1_Inits
                0x0000000008001118       0x38 Src/Tests/013_I2C_SlaveTxRx.o
                0x0000000008001118                I2C1_Inits
 .text.GPIO_ButtonInit
                0x0000000008001150       0x5c Src/Tests/013_I2C_SlaveTxRx.o
                0x0000000008001150                GPIO_ButtonInit
 .text.main     0x00000000080011ac       0x48 Src/Tests/013_I2C_SlaveTxRx.o
                0x00000000080011ac                main
 .text.I2C1_EV_IRQHandler
                0x00000000080011f4       0x14 Src/Tests/013_I2C_SlaveTxRx.o
                0x00000000080011f4                I2C1_EV_IRQHandler
 .text.I2C1_ER_IRQHandler
                0x0000000008001208       0x14 Src/Tests/013_I2C_SlaveTxRx.o
                0x0000000008001208                I2C1_ER_IRQHandler
 .text.I2C_ApplicationEventCallback
                0x000000000800121c       0x98 Src/Tests/013_I2C_SlaveTxRx.o
                0x000000000800121c                I2C_ApplicationEventCallback
 .text.ITM_SendChar
                0x00000000080012b4       0x4c Src/syscalls.o
                0x00000000080012b4                ITM_SendChar
 .text._read    0x0000000008001300       0x3a Src/syscalls.o
                0x0000000008001300                _read
 .text._write   0x000000000800133a       0x38 Src/syscalls.o
                0x000000000800133a                _write
 .text._close   0x0000000008001372       0x16 Src/syscalls.o
                0x0000000008001372                _close
 .text._fstat   0x0000000008001388       0x1e Src/syscalls.o
                0x0000000008001388                _fstat
 .text._isatty  0x00000000080013a6       0x14 Src/syscalls.o
                0x00000000080013a6                _isatty
 .text._lseek   0x00000000080013ba       0x18 Src/syscalls.o
                0x00000000080013ba                _lseek
 *fill*         0x00000000080013d2        0x2 
 .text._sbrk    0x00000000080013d4       0x58 Src/sysmem.o
                0x00000000080013d4                _sbrk
 .text.Reset_Handler
                0x000000000800142c       0x50 Startup/startup_stm32f446retx.o
                0x000000000800142c                Reset_Handler
 .text.Default_Handler
                0x000000000800147c        0x2 Startup/startup_stm32f446retx.o
                0x000000000800147c                RTC_Alarm_IRQHandler
                0x000000000800147c                EXTI2_IRQHandler
                0x000000000800147c                TIM8_CC_IRQHandler
                0x000000000800147c                SPDIF_Rx_IRQHandler
                0x000000000800147c                DebugMon_Handler
                0x000000000800147c                SPI4_IRQHandler
                0x000000000800147c                TIM1_CC_IRQHandler
                0x000000000800147c                QuadSPI_IRQHandler
                0x000000000800147c                DMA2_Stream5_IRQHandler
                0x000000000800147c                HardFault_Handler
                0x000000000800147c                DMA1_Stream5_IRQHandler
                0x000000000800147c                SysTick_Handler
                0x000000000800147c                PVD_IRQHandler
                0x000000000800147c                SDIO_IRQHandler
                0x000000000800147c                TAMP_STAMP_IRQHandler
                0x000000000800147c                PendSV_Handler
                0x000000000800147c                NMI_Handler
                0x000000000800147c                CAN2_RX1_IRQHandler
                0x000000000800147c                EXTI3_IRQHandler
                0x000000000800147c                TIM8_TRG_COM_TIM14_IRQHandler
                0x000000000800147c                TIM1_UP_TIM10_IRQHandler
                0x000000000800147c                FMPI2C1_error_IRQHandler
                0x000000000800147c                TIM8_UP_TIM13_IRQHandler
                0x000000000800147c                I2C3_ER_IRQHandler
                0x000000000800147c                EXTI0_IRQHandler
                0x000000000800147c                I2C2_EV_IRQHandler
                0x000000000800147c                DMA1_Stream2_IRQHandler
                0x000000000800147c                CAN1_RX0_IRQHandler
                0x000000000800147c                FPU_IRQHandler
                0x000000000800147c                OTG_HS_WKUP_IRQHandler
                0x000000000800147c                UsageFault_Handler
                0x000000000800147c                CAN2_SCE_IRQHandler
                0x000000000800147c                DMA2_Stream2_IRQHandler
                0x000000000800147c                SPI1_IRQHandler
                0x000000000800147c                TIM6_DAC_IRQHandler
                0x000000000800147c                TIM1_BRK_TIM9_IRQHandler
                0x000000000800147c                DCMI_IRQHandler
                0x000000000800147c                CAN2_RX0_IRQHandler
                0x000000000800147c                DMA2_Stream3_IRQHandler
                0x000000000800147c                FMPI2C1_IRQHandler
                0x000000000800147c                SAI2_IRQHandler
                0x000000000800147c                USART6_IRQHandler
                0x000000000800147c                USART3_IRQHandler
                0x000000000800147c                CAN1_RX1_IRQHandler
                0x000000000800147c                UART5_IRQHandler
                0x000000000800147c                DMA2_Stream0_IRQHandler
                0x000000000800147c                TIM4_IRQHandler
                0x000000000800147c                HDMI_CEC_IRQHandler
                0x000000000800147c                DMA1_Stream6_IRQHandler
                0x000000000800147c                DMA1_Stream1_IRQHandler
                0x000000000800147c                UART4_IRQHandler
                0x000000000800147c                TIM3_IRQHandler
                0x000000000800147c                RCC_IRQHandler
                0x000000000800147c                TIM8_BRK_TIM12_IRQHandler
                0x000000000800147c                Default_Handler
                0x000000000800147c                EXTI15_10_IRQHandler
                0x000000000800147c                ADC_IRQHandler
                0x000000000800147c                DMA1_Stream7_IRQHandler
                0x000000000800147c                TIM7_IRQHandler
                0x000000000800147c                CAN2_TX_IRQHandler
                0x000000000800147c                TIM5_IRQHandler
                0x000000000800147c                DMA2_Stream7_IRQHandler
                0x000000000800147c                I2C3_EV_IRQHandler
                0x000000000800147c                EXTI9_5_IRQHandler
                0x000000000800147c                RTC_WKUP_IRQHandler
                0x000000000800147c                SPI2_IRQHandler
                0x000000000800147c                OTG_HS_EP1_IN_IRQHandler
                0x000000000800147c                MemManage_Handler
                0x000000000800147c                DMA1_Stream0_IRQHandler
                0x000000000800147c                CAN1_TX_IRQHandler
                0x000000000800147c                SVC_Handler
                0x000000000800147c                EXTI4_IRQHandler
                0x000000000800147c                OTG_HS_EP1_OUT_IRQHandler
                0x000000000800147c                WWDG_IRQHandler
                0x000000000800147c                TIM2_IRQHandler
                0x000000000800147c                OTG_FS_WKUP_IRQHandler
                0x000000000800147c                TIM1_TRG_COM_TIM11_IRQHandler
                0x000000000800147c                OTG_HS_IRQHandler
                0x000000000800147c                EXTI1_IRQHandler
                0x000000000800147c                USART2_IRQHandler
                0x000000000800147c                I2C2_ER_IRQHandler
                0x000000000800147c                DMA2_Stream1_IRQHandler
                0x000000000800147c                CAN1_SCE_IRQHandler
                0x000000000800147c                FLASH_IRQHandler
                0x000000000800147c                DMA2_Stream4_IRQHandler
                0x000000000800147c                BusFault_Handler
                0x000000000800147c                USART1_IRQHandler
                0x000000000800147c                OTG_FS_IRQHandler
                0x000000000800147c                SPI3_IRQHandler
                0x000000000800147c                DMA1_Stream4_IRQHandler
                0x000000000800147c                FMC_IRQHandler
                0x000000000800147c                DMA2_Stream6_IRQHandler
                0x000000000800147c                SAI1_IRQHandler
                0x000000000800147c                DMA1_Stream3_IRQHandler
 *fill*         0x000000000800147e        0x2 
 .text.__errno  0x0000000008001480        0xc d:/st/stm32cubeide_1.1.0/stm32cubeide/plugins/com.st.stm32cube.ide.mcu.externaltools.gnu-tools-for-stm32.7-2018-q2-update.win32_1.0.0.201904181610/tools/bin/../lib/gcc/arm-none-eabi/7.3.1/../../../../arm-none-eabi/lib/thumb/v7e-m\libc_nano.a(lib_a-errno.o)
                0x0000000008001480                __errno
 .text.__libc_init_array
                0x000000000800148c       0x48 d:/st/stm32cubeide_1.1.0/stm32cubeide/plugins/com.st.stm32cube.ide.mcu.externaltools.gnu-tools-for-stm32.7-2018-q2-update.win32_1.0.0.201904181610/tools/bin/../lib/gcc/arm-none-eabi/7.3.1/../../../../arm-none-eabi/lib/thumb/v7e-m\libc_nano.a(lib_a-init.o)
                0x000000000800148c                __libc_init_array
 .text.memset   0x00000000080014d4       0x10 d:/st/stm32cubeide_1.1.0/stm32cubeide/plugins/com.st.stm32cube.ide.mcu.externaltools.gnu-tools-for-stm32.7-2018-q2-update.win32_1.0.0.201904181610/tools/bin/../lib/gcc/arm-none-eabi/7.3.1/../../../../arm-none-eabi/lib/thumb/v7e-m\libc_nano.a(lib_a-memset.o)
                0x00000000080014d4                memset
 .text._puts_r  0x00000000080014e4       0xb8 d:/st/stm32cubeide_1.1.0/stm32cubeide/plugins/com.st.stm32cube.ide.mcu.externaltools.gnu-tools-for-stm32.7-2018-q2-update.win32_1.0.0.201904181610/tools/bin/../lib/gcc/arm-none-eabi/7.3.1/../../../../arm-none-eabi/lib/thumb/v7e-m\libc_nano.a(lib_a-puts.o)
                0x00000000080014e4                _puts_r
 .text.puts     0x000000000800159c       0x10 d:/st/stm32cubeide_1.1.0/stm32cubeide/plugins/com.st.stm32cube.ide.mcu.externaltools.gnu-tools-for-stm32.7-2018-q2-update.win32_1.0.0.201904181610/tools/bin/../lib/gcc/arm-none-eabi/7.3.1/../../../../arm-none-eabi/lib/thumb/v7e-m\libc_nano.a(lib_a-puts.o)
                0x000000000800159c                puts
 .text.__swbuf_r
                0x00000000080015ac       0xa4 d:/st/stm32cubeide_1.1.0/stm32cubeide/plugins/com.st.stm32cube.ide.mcu.externaltools.gnu-tools-for-stm32.7-2018-q2-update.win32_1.0.0.201904181610/tools/bin/../lib/gcc/arm-none-eabi/7.3.1/../../../../arm-none-eabi/lib/thumb/v7e-m\libc_nano.a(lib_a-wbuf.o)
                0x00000000080015ac                __swbuf_r
 .text.__swsetup_r
                0x0000000008001650       0xdc d:/st/stm32cubeide_1.1.0/stm32cubeide/plugins/com.st.stm32cube.ide.mcu.externaltools.gnu-tools-for-stm32.7-2018-q2-update.win32_1.0.0.201904181610/tools/bin/../lib/gcc/arm-none-eabi/7.3.1/../../../../arm-none-eabi/lib/thumb/v7e-m\libc_nano.a(lib_a-wsetup.o)
                0x0000000008001650                __swsetup_r
 .text.__sflush_r
                0x000000000800172c      0x10c d:/st/stm32cubeide_1.1.0/stm32cubeide/plugins/com.st.stm32cube.ide.mcu.externaltools.gnu-tools-for-stm32.7-2018-q2-update.win32_1.0.0.201904181610/tools/bin/../lib/gcc/arm-none-eabi/7.3.1/../../../../arm-none-eabi/lib/thumb/v7e-m\libc_nano.a(lib_a-fflush.o)
                0x000000000800172c                __sflush_r
 .text._fflush_r
                0x0000000008001838       0x54 d:/st/stm32cubeide_1.1.0/stm32cubeide/plugins/com.st.stm32cube.ide.mcu.externaltools.gnu-tools-for-stm32.7-2018-q2-update.win32_1.0.0.201904181610/tools/bin/../lib/gcc/arm-none-eabi/7.3.1/../../../../arm-none-eabi/lib/thumb/v7e-m\libc_nano.a(lib_a-fflush.o)
                0x0000000008001838                _fflush_r
 .text.std      0x000000000800188c       0x48 d:/st/stm32cubeide_1.1.0/stm32cubeide/plugins/com.st.stm32cube.ide.mcu.externaltools.gnu-tools-for-stm32.7-2018-q2-update.win32_1.0.0.201904181610/tools/bin/../lib/gcc/arm-none-eabi/7.3.1/../../../../arm-none-eabi/lib/thumb/v7e-m\libc_nano.a(lib_a-findfp.o)
 .text._cleanup_r
                0x00000000080018d4        0xc d:/st/stm32cubeide_1.1.0/stm32cubeide/plugins/com.st.stm32cube.ide.mcu.externaltools.gnu-tools-for-stm32.7-2018-q2-update.win32_1.0.0.201904181610/tools/bin/../lib/gcc/arm-none-eabi/7.3.1/../../../../arm-none-eabi/lib/thumb/v7e-m\libc_nano.a(lib_a-findfp.o)
                0x00000000080018d4                _cleanup_r
 .text.__sfmoreglue
                0x00000000080018e0       0x2c d:/st/stm32cubeide_1.1.0/stm32cubeide/plugins/com.st.stm32cube.ide.mcu.externaltools.gnu-tools-for-stm32.7-2018-q2-update.win32_1.0.0.201904181610/tools/bin/../lib/gcc/arm-none-eabi/7.3.1/../../../../arm-none-eabi/lib/thumb/v7e-m\libc_nano.a(lib_a-findfp.o)
                0x00000000080018e0                __sfmoreglue
 .text.__sinit  0x000000000800190c       0x60 d:/st/stm32cubeide_1.1.0/stm32cubeide/plugins/com.st.stm32cube.ide.mcu.externaltools.gnu-tools-for-stm32.7-2018-q2-update.win32_1.0.0.201904181610/tools/bin/../lib/gcc/arm-none-eabi/7.3.1/../../../../arm-none-eabi/lib/thumb/v7e-m\libc_nano.a(lib_a-findfp.o)
                0x000000000800190c                __sinit
 .text.__sfp    0x000000000800196c       0x78 d:/st/stm32cubeide_1.1.0/stm32cubeide/plugins/com.st.stm32cube.ide.mcu.externaltools.gnu-tools-for-stm32.7-2018-q2-update.win32_1.0.0.201904181610/tools/bin/../lib/gcc/arm-none-eabi/7.3.1/../../../../arm-none-eabi/lib/thumb/v7e-m\libc_nano.a(lib_a-findfp.o)
                0x000000000800196c                __sfp
 .text._fwalk_reent
                0x00000000080019e4       0x3c d:/st/stm32cubeide_1.1.0/stm32cubeide/plugins/com.st.stm32cube.ide.mcu.externaltools.gnu-tools-for-stm32.7-2018-q2-update.win32_1.0.0.201904181610/tools/bin/../lib/gcc/arm-none-eabi/7.3.1/../../../../arm-none-eabi/lib/thumb/v7e-m\libc_nano.a(lib_a-fwalk.o)
                0x00000000080019e4                _fwalk_reent
 .text.__swhatbuf_r
                0x0000000008001a20       0x48 d:/st/stm32cubeide_1.1.0/stm32cubeide/plugins/com.st.stm32cube.ide.mcu.externaltools.gnu-tools-for-stm32.7-2018-q2-update.win32_1.0.0.201904181610/tools/bin/../lib/gcc/arm-none-eabi/7.3.1/../../../../arm-none-eabi/lib/thumb/v7e-m\libc_nano.a(lib_a-makebuf.o)
                0x0000000008001a20                __swhatbuf_r
 .text.__smakebuf_r
                0x0000000008001a68       0x80 d:/st/stm32cubeide_1.1.0/stm32cubeide/plugins/com.st.stm32cube.ide.mcu.externaltools.gnu-tools-for-stm32.7-2018-q2-update.win32_1.0.0.201904181610/tools/bin/../lib/gcc/arm-none-eabi/7.3.1/../../../../arm-none-eabi/lib/thumb/v7e-m\libc_nano.a(lib_a-makebuf.o)
                0x0000000008001a68                __smakebuf_r
 .text._free_r  0x0000000008001ae8       0x9c d:/st/stm32cubeide_1.1.0/stm32cubeide/plugins/com.st.stm32cube.ide.mcu.externaltools.gnu-tools-for-stm32.7-2018-q2-update.win32_1.0.0.201904181610/tools/bin/../lib/gcc/arm-none-eabi/7.3.1/../../../../arm-none-eabi/lib/thumb/v7e-m\libc_nano.a(lib_a-nano-freer.o)
                0x0000000008001ae8                _free_r
 .text._malloc_r
                0x0000000008001b84       0xb4 d:/st/stm32cubeide_1.1.0/stm32cubeide/plugins/com.st.stm32cube.ide.mcu.externaltools.gnu-tools-for-stm32.7-2018-q2-update.win32_1.0.0.201904181610/tools/bin/../lib/gcc/arm-none-eabi/7.3.1/../../../../arm-none-eabi/lib/thumb/v7e-m\libc_nano.a(lib_a-nano-mallocr.o)
                0x0000000008001b84                _malloc_r
 .text._sbrk_r  0x0000000008001c38       0x20 d:/st/stm32cubeide_1.1.0/stm32cubeide/plugins/com.st.stm32cube.ide.mcu.externaltools.gnu-tools-for-stm32.7-2018-q2-update.win32_1.0.0.201904181610/tools/bin/../lib/gcc/arm-none-eabi/7.3.1/../../../../arm-none-eabi/lib/thumb/v7e-m\libc_nano.a(lib_a-sbrkr.o)
                0x0000000008001c38                _sbrk_r
 .text.__sread  0x0000000008001c58       0x22 d:/st/stm32cubeide_1.1.0/stm32cubeide/plugins/com.st.stm32cube.ide.mcu.externaltools.gnu-tools-for-stm32.7-2018-q2-update.win32_1.0.0.201904181610/tools/bin/../lib/gcc/arm-none-eabi/7.3.1/../../../../arm-none-eabi/lib/thumb/v7e-m\libc_nano.a(lib_a-stdio.o)
                0x0000000008001c58                __sread
 .text.__swrite
                0x0000000008001c7a       0x38 d:/st/stm32cubeide_1.1.0/stm32cubeide/plugins/com.st.stm32cube.ide.mcu.externaltools.gnu-tools-for-stm32.7-2018-q2-update.win32_1.0.0.201904181610/tools/bin/../lib/gcc/arm-none-eabi/7.3.1/../../../../arm-none-eabi/lib/thumb/v7e-m\libc_nano.a(lib_a-stdio.o)
                0x0000000008001c7a                __swrite
 .text.__sseek  0x0000000008001cb2       0x24 d:/st/stm32cubeide_1.1.0/stm32cubeide/plugins/com.st.stm32cube.ide.mcu.externaltools.gnu-tools-for-stm32.7-2018-q2-update.win32_1.0.0.201904181610/tools/bin/../lib/gcc/arm-none-eabi/7.3.1/../../../../arm-none-eabi/lib/thumb/v7e-m\libc_nano.a(lib_a-stdio.o)
                0x0000000008001cb2                __sseek
 .text.__sclose
                0x0000000008001cd6        0x8 d:/st/stm32cubeide_1.1.0/stm32cubeide/plugins/com.st.stm32cube.ide.mcu.externaltools.gnu-tools-for-stm32.7-2018-q2-update.win32_1.0.0.201904181610/tools/bin/../lib/gcc/arm-none-eabi/7.3.1/../../../../arm-none-eabi/lib/thumb/v7e-m\libc_nano.a(lib_a-stdio.o)
                0x0000000008001cd6                __sclose
 *fill*         0x0000000008001cde        0x2 
 .text._write_r
                0x0000000008001ce0       0x24 d:/st/stm32cubeide_1.1.0/stm32cubeide/plugins/com.st.stm32cube.ide.mcu.externaltools.gnu-tools-for-stm32.7-2018-q2-update.win32_1.0.0.201904181610/tools/bin/../lib/gcc/arm-none-eabi/7.3.1/../../../../arm-none-eabi/lib/thumb/v7e-m\libc_nano.a(lib_a-writer.o)
                0x0000000008001ce0                _write_r
 .text._close_r
                0x0000000008001d04       0x20 d:/st/stm32cubeide_1.1.0/stm32cubeide/plugins/com.st.stm32cube.ide.mcu.externaltools.gnu-tools-for-stm32.7-2018-q2-update.win32_1.0.0.201904181610/tools/bin/../lib/gcc/arm-none-eabi/7.3.1/../../../../arm-none-eabi/lib/thumb/v7e-m\libc_nano.a(lib_a-closer.o)
                0x0000000008001d04                _close_r
 .text._fstat_r
                0x0000000008001d24       0x24 d:/st/stm32cubeide_1.1.0/stm32cubeide/plugins/com.st.stm32cube.ide.mcu.externaltools.gnu-tools-for-stm32.7-2018-q2-update.win32_1.0.0.201904181610/tools/bin/../lib/gcc/arm-none-eabi/7.3.1/../../../../arm-none-eabi/lib/thumb/v7e-m\libc_nano.a(lib_a-fstatr.o)
                0x0000000008001d24                _fstat_r
 .text._isatty_r
                0x0000000008001d48       0x20 d:/st/stm32cubeide_1.1.0/stm32cubeide/plugins/com.st.stm32cube.ide.mcu.externaltools.gnu-tools-for-stm32.7-2018-q2-update.win32_1.0.0.201904181610/tools/bin/../lib/gcc/arm-none-eabi/7.3.1/../../../../arm-none-eabi/lib/thumb/v7e-m\libc_nano.a(lib_a-isattyr.o)
                0x0000000008001d48                _isatty_r
 .text._lseek_r
                0x0000000008001d68       0x24 d:/st/stm32cubeide_1.1.0/stm32cubeide/plugins/com.st.stm32cube.ide.mcu.externaltools.gnu-tools-for-stm32.7-2018-q2-update.win32_1.0.0.201904181610/tools/bin/../lib/gcc/arm-none-eabi/7.3.1/../../../../arm-none-eabi/lib/thumb/v7e-m\libc_nano.a(lib_a-lseekr.o)
                0x0000000008001d68                _lseek_r
 .text.__malloc_lock
                0x0000000008001d8c        0x2 d:/st/stm32cubeide_1.1.0/stm32cubeide/plugins/com.st.stm32cube.ide.mcu.externaltools.gnu-tools-for-stm32.7-2018-q2-update.win32_1.0.0.201904181610/tools/bin/../lib/gcc/arm-none-eabi/7.3.1/../../../../arm-none-eabi/lib/thumb/v7e-m\libc_nano.a(lib_a-mlock.o)
                0x0000000008001d8c                __malloc_lock
 .text.__malloc_unlock
                0x0000000008001d8e        0x2 d:/st/stm32cubeide_1.1.0/stm32cubeide/plugins/com.st.stm32cube.ide.mcu.externaltools.gnu-tools-for-stm32.7-2018-q2-update.win32_1.0.0.201904181610/tools/bin/../lib/gcc/arm-none-eabi/7.3.1/../../../../arm-none-eabi/lib/thumb/v7e-m\libc_nano.a(lib_a-mlock.o)
                0x0000000008001d8e                __malloc_unlock
 .text._read_r  0x0000000008001d90       0x24 d:/st/stm32cubeide_1.1.0/stm32cubeide/plugins/com.st.stm32cube.ide.mcu.externaltools.gnu-tools-for-stm32.7-2018-q2-update.win32_1.0.0.201904181610/tools/bin/../lib/gcc/arm-none-eabi/7.3.1/../../../../arm-none-eabi/lib/thumb/v7e-m\libc_nano.a(lib_a-readr.o)
                0x0000000008001d90                _read_r
 *(.glue_7)
 .glue_7        0x0000000008001db4        0x0 linker stubs
 *(.glue_7t)
 .glue_7t       0x0000000008001db4        0x0 linker stubs
 *(.eh_frame)
 .eh_frame      0x0000000008001db4        0x0 d:/st/stm32cubeide_1.1.0/stm32cubeide/plugins/com.st.stm32cube.ide.mcu.externaltools.gnu-tools-for-stm32.7-2018-q2-update.win32_1.0.0.201904181610/tools/bin/../lib/gcc/arm-none-eabi/7.3.1/thumb/v7e-m/crtbegin.o
 *(.init)
 .init          0x0000000008001db4        0x4 d:/st/stm32cubeide_1.1.0/stm32cubeide/plugins/com.st.stm32cube.ide.mcu.externaltools.gnu-tools-for-stm32.7-2018-q2-update.win32_1.0.0.201904181610/tools/bin/../lib/gcc/arm-none-eabi/7.3.1/thumb/v7e-m/crti.o
                0x0000000008001db4                _init
 .init          0x0000000008001db8        0x8 d:/st/stm32cubeide_1.1.0/stm32cubeide/plugins/com.st.stm32cube.ide.mcu.externaltools.gnu-tools-for-stm32.7-2018-q2-update.win32_1.0.0.201904181610/tools/bin/../lib/gcc/arm-none-eabi/7.3.1/thumb/v7e-m/crtn.o
 *(.fini)
 .fini          0x0000000008001dc0        0x4 d:/st/stm32cubeide_1.1.0/stm32cubeide/plugins/com.st.stm32cube.ide.mcu.externaltools.gnu-tools-for-stm32.7-2018-q2-update.win32_1.0.0.201904181610/tools/bin/../lib/gcc/arm-none-eabi/7.3.1/thumb/v7e-m/crti.o
                0x0000000008001dc0                _fini
 .fini          0x0000000008001dc4        0x8 d:/st/stm32cubeide_1.1.0/stm32cubeide/plugins/com.st.stm32cube.ide.mcu.externaltools.gnu-tools-for-stm32.7-2018-q2-update.win32_1.0.0.201904181610/tools/bin/../lib/gcc/arm-none-eabi/7.3.1/thumb/v7e-m/crtn.o
                0x0000000008001dcc                . = ALIGN (0x4)
                0x0000000008001dcc                _etext = .

.vfp11_veneer   0x0000000008001dcc        0x0
 .vfp11_veneer  0x0000000008001dcc        0x0 linker stubs

.v4_bx          0x0000000008001dcc        0x0
 .v4_bx         0x0000000008001dcc        0x0 linker stubs

.iplt           0x0000000008001dcc        0x0
 .iplt          0x0000000008001dcc        0x0 d:/st/stm32cubeide_1.1.0/stm32cubeide/plugins/com.st.stm32cube.ide.mcu.externaltools.gnu-tools-for-stm32.7-2018-q2-update.win32_1.0.0.201904181610/tools/bin/../lib/gcc/arm-none-eabi/7.3.1/thumb/v7e-m/crtbegin.o

.rodata         0x0000000008001dcc       0x7c
                0x0000000008001dcc                . = ALIGN (0x4)
 *(.rodata)
 .rodata        0x0000000008001dcc       0x17 Src/Tests/013_I2C_SlaveTxRx.o
 *(.rodata*)
 *fill*         0x0000000008001de3        0x1 
 .rodata._global_impure_ptr
                0x0000000008001de4        0x4 d:/st/stm32cubeide_1.1.0/stm32cubeide/plugins/com.st.stm32cube.ide.mcu.externaltools.gnu-tools-for-stm32.7-2018-q2-update.win32_1.0.0.201904181610/tools/bin/../lib/gcc/arm-none-eabi/7.3.1/../../../../arm-none-eabi/lib/thumb/v7e-m\libc_nano.a(lib_a-impure.o)
                0x0000000008001de4                _global_impure_ptr
 .rodata.__sf_fake_stderr
                0x0000000008001de8       0x20 d:/st/stm32cubeide_1.1.0/stm32cubeide/plugins/com.st.stm32cube.ide.mcu.externaltools.gnu-tools-for-stm32.7-2018-q2-update.win32_1.0.0.201904181610/tools/bin/../lib/gcc/arm-none-eabi/7.3.1/../../../../arm-none-eabi/lib/thumb/v7e-m\libc_nano.a(lib_a-findfp.o)
                0x0000000008001de8                __sf_fake_stderr
 .rodata.__sf_fake_stdin
                0x0000000008001e08       0x20 d:/st/stm32cubeide_1.1.0/stm32cubeide/plugins/com.st.stm32cube.ide.mcu.externaltools.gnu-tools-for-stm32.7-2018-q2-update.win32_1.0.0.201904181610/tools/bin/../lib/gcc/arm-none-eabi/7.3.1/../../../../arm-none-eabi/lib/thumb/v7e-m\libc_nano.a(lib_a-findfp.o)
                0x0000000008001e08                __sf_fake_stdin
 .rodata.__sf_fake_stdout
                0x0000000008001e28       0x20 d:/st/stm32cubeide_1.1.0/stm32cubeide/plugins/com.st.stm32cube.ide.mcu.externaltools.gnu-tools-for-stm32.7-2018-q2-update.win32_1.0.0.201904181610/tools/bin/../lib/gcc/arm-none-eabi/7.3.1/../../../../arm-none-eabi/lib/thumb/v7e-m\libc_nano.a(lib_a-findfp.o)
                0x0000000008001e28                __sf_fake_stdout
                0x0000000008001e48                . = ALIGN (0x4)

.rel.dyn        0x0000000008001e48        0x0
 .rel.iplt      0x0000000008001e48        0x0 d:/st/stm32cubeide_1.1.0/stm32cubeide/plugins/com.st.stm32cube.ide.mcu.externaltools.gnu-tools-for-stm32.7-2018-q2-update.win32_1.0.0.201904181610/tools/bin/../lib/gcc/arm-none-eabi/7.3.1/thumb/v7e-m/crtbegin.o

.ARM.extab      0x0000000008001e48        0x0
                0x0000000008001e48                . = ALIGN (0x4)
 *(.ARM.extab* .gnu.linkonce.armextab.*)
                0x0000000008001e48                . = ALIGN (0x4)

.ARM            0x0000000008001e48        0x0
                0x0000000008001e48                . = ALIGN (0x4)
                0x0000000008001e48                __exidx_start = .
 *(.ARM.exidx*)
                0x0000000008001e48                __exidx_end = .
                0x0000000008001e48                . = ALIGN (0x4)

.preinit_array  0x0000000008001e48        0x0
                0x0000000008001e48                . = ALIGN (0x4)
                0x0000000008001e48                PROVIDE (__preinit_array_start = .)
 *(.preinit_array*)
                0x0000000008001e48                PROVIDE (__preinit_array_end = .)
                0x0000000008001e48                . = ALIGN (0x4)

.init_array     0x0000000008001e48        0x4
                0x0000000008001e48                . = ALIGN (0x4)
                0x0000000008001e48                PROVIDE (__init_array_start = .)
 *(SORT_BY_NAME(.init_array.*))
 *(.init_array*)
 .init_array    0x0000000008001e48        0x4 d:/st/stm32cubeide_1.1.0/stm32cubeide/plugins/com.st.stm32cube.ide.mcu.externaltools.gnu-tools-for-stm32.7-2018-q2-update.win32_1.0.0.201904181610/tools/bin/../lib/gcc/arm-none-eabi/7.3.1/thumb/v7e-m/crtbegin.o
                0x0000000008001e4c                PROVIDE (__init_array_end = .)
                0x0000000008001e4c                . = ALIGN (0x4)

.fini_array     0x0000000008001e4c        0x4
                0x0000000008001e4c                . = ALIGN (0x4)
                [!provide]                        PROVIDE (__fini_array_start = .)
 *(SORT_BY_NAME(.fini_array.*))
 *(.fini_array*)
 .fini_array    0x0000000008001e4c        0x4 d:/st/stm32cubeide_1.1.0/stm32cubeide/plugins/com.st.stm32cube.ide.mcu.externaltools.gnu-tools-for-stm32.7-2018-q2-update.win32_1.0.0.201904181610/tools/bin/../lib/gcc/arm-none-eabi/7.3.1/thumb/v7e-m/crtbegin.o
                [!provide]                        PROVIDE (__fini_array_end = .)
                0x0000000008001e50                . = ALIGN (0x4)
                0x0000000008001e50                _sidata = LOADADDR (.data)

.data           0x0000000020000000       0x98 load address 0x0000000008001e50
                0x0000000020000000                . = ALIGN (0x4)
                0x0000000020000000                _sdata = .
 *(.data)
 *(.data*)
 .data.AHB_Prescaler
                0x0000000020000000       0x10 Drivers/src/stm32f446xx_i2c_driver.o
                0x0000000020000000                AHB_Prescaler
 .data.APB1_Prescaler
                0x0000000020000010        0x4 Drivers/src/stm32f446xx_i2c_driver.o
                0x0000000020000010                APB1_Prescaler
 .data.tx_buff  0x0000000020000014       0x20 Src/Tests/013_I2C_SlaveTxRx.o
                0x0000000020000014                tx_buff
 .data._impure_ptr
                0x0000000020000034        0x4 d:/st/stm32cubeide_1.1.0/stm32cubeide/plugins/com.st.stm32cube.ide.mcu.externaltools.gnu-tools-for-stm32.7-2018-q2-update.win32_1.0.0.201904181610/tools/bin/../lib/gcc/arm-none-eabi/7.3.1/../../../../arm-none-eabi/lib/thumb/v7e-m\libc_nano.a(lib_a-impure.o)
                0x0000000020000034                _impure_ptr
 .data.impure_data
                0x0000000020000038       0x60 d:/st/stm32cubeide_1.1.0/stm32cubeide/plugins/com.st.stm32cube.ide.mcu.externaltools.gnu-tools-for-stm32.7-2018-q2-update.win32_1.0.0.201904181610/tools/bin/../lib/gcc/arm-none-eabi/7.3.1/../../../../arm-none-eabi/lib/thumb/v7e-m\libc_nano.a(lib_a-impure.o)
                0x0000000020000098                . = ALIGN (0x4)
                0x0000000020000098                _edata = .

.igot.plt       0x0000000020000098        0x0 load address 0x0000000008001ee8
 .igot.plt      0x0000000020000098        0x0 d:/st/stm32cubeide_1.1.0/stm32cubeide/plugins/com.st.stm32cube.ide.mcu.externaltools.gnu-tools-for-stm32.7-2018-q2-update.win32_1.0.0.201904181610/tools/bin/../lib/gcc/arm-none-eabi/7.3.1/thumb/v7e-m/crtbegin.o
                0x0000000020000098                . = ALIGN (0x4)

.bss            0x0000000020000098       0x58 load address 0x0000000008001ee8
                0x0000000020000098                _sbss = .
                0x0000000020000098                __bss_start__ = _sbss
 *(.bss)
 .bss           0x0000000020000098       0x1c d:/st/stm32cubeide_1.1.0/stm32cubeide/plugins/com.st.stm32cube.ide.mcu.externaltools.gnu-tools-for-stm32.7-2018-q2-update.win32_1.0.0.201904181610/tools/bin/../lib/gcc/arm-none-eabi/7.3.1/thumb/v7e-m/crtbegin.o
 *(.bss*)
 .bss.commandCode.5677
                0x00000000200000b4        0x1 Src/Tests/013_I2C_SlaveTxRx.o
 .bss.count.5678
                0x00000000200000b5        0x1 Src/Tests/013_I2C_SlaveTxRx.o
 *fill*         0x00000000200000b6        0x2 
 .bss.heap_end.5149
                0x00000000200000b8        0x4 Src/sysmem.o
 .bss.__malloc_free_list
                0x00000000200000bc        0x4 d:/st/stm32cubeide_1.1.0/stm32cubeide/plugins/com.st.stm32cube.ide.mcu.externaltools.gnu-tools-for-stm32.7-2018-q2-update.win32_1.0.0.201904181610/tools/bin/../lib/gcc/arm-none-eabi/7.3.1/../../../../arm-none-eabi/lib/thumb/v7e-m\libc_nano.a(lib_a-nano-mallocr.o)
                0x00000000200000bc                __malloc_free_list
 .bss.__malloc_sbrk_start
                0x00000000200000c0        0x4 d:/st/stm32cubeide_1.1.0/stm32cubeide/plugins/com.st.stm32cube.ide.mcu.externaltools.gnu-tools-for-stm32.7-2018-q2-update.win32_1.0.0.201904181610/tools/bin/../lib/gcc/arm-none-eabi/7.3.1/../../../../arm-none-eabi/lib/thumb/v7e-m\libc_nano.a(lib_a-nano-mallocr.o)
                0x00000000200000c0                __malloc_sbrk_start
 *(COMMON)
 COMMON         0x00000000200000c4       0x28 Src/Tests/013_I2C_SlaveTxRx.o
                0x00000000200000c4                I2C1Handle
 COMMON         0x00000000200000ec        0x4 d:/st/stm32cubeide_1.1.0/stm32cubeide/plugins/com.st.stm32cube.ide.mcu.externaltools.gnu-tools-for-stm32.7-2018-q2-update.win32_1.0.0.201904181610/tools/bin/../lib/gcc/arm-none-eabi/7.3.1/../../../../arm-none-eabi/lib/thumb/v7e-m\libc_nano.a(lib_a-reent.o)
                0x00000000200000ec                errno
                0x00000000200000f0                . = ALIGN (0x4)
                0x00000000200000f0                _ebss = .
                0x00000000200000f0                __bss_end__ = _ebss

._user_heap_stack
                0x00000000200000f0      0x600 load address 0x0000000008001ee8
                0x00000000200000f0                . = ALIGN (0x8)
                0x00000000200000f0                PROVIDE (end = .)
                [!provide]                        PROVIDE (_end = .)
                0x00000000200002f0                . = (. + _Min_Heap_Size)
 *fill*         0x00000000200000f0      0x200 
                0x00000000200006f0                . = (. + _Min_Stack_Size)
 *fill*         0x00000000200002f0      0x400 
                0x00000000200006f0                . = ALIGN (0x8)

/DISCARD/
 libc.a(*)
 libm.a(*)
 libgcc.a(*)

.ARM.attributes
                0x0000000000000000       0x2a
 *(.ARM.attributes)
 .ARM.attributes
                0x0000000000000000       0x1e d:/st/stm32cubeide_1.1.0/stm32cubeide/plugins/com.st.stm32cube.ide.mcu.externaltools.gnu-tools-for-stm32.7-2018-q2-update.win32_1.0.0.201904181610/tools/bin/../lib/gcc/arm-none-eabi/7.3.1/thumb/v7e-m/crti.o
 .ARM.attributes
                0x000000000000001e       0x2e d:/st/stm32cubeide_1.1.0/stm32cubeide/plugins/com.st.stm32cube.ide.mcu.externaltools.gnu-tools-for-stm32.7-2018-q2-update.win32_1.0.0.201904181610/tools/bin/../lib/gcc/arm-none-eabi/7.3.1/thumb/v7e-m/crtbegin.o
 .ARM.attributes
                0x000000000000004c       0x33 Drivers/src/stm32f446xx_gpio_driver.o
 .ARM.attributes
                0x000000000000007f       0x33 Drivers/src/stm32f446xx_i2c_driver.o
 .ARM.attributes
                0x00000000000000b2       0x33 Src/Tests/013_I2C_SlaveTxRx.o
 .ARM.attributes
                0x00000000000000e5       0x33 Src/syscalls.o
 .ARM.attributes
                0x0000000000000118       0x33 Src/sysmem.o
 .ARM.attributes
                0x000000000000014b       0x21 Startup/startup_stm32f446retx.o
 .ARM.attributes
                0x000000000000016c       0x2e d:/st/stm32cubeide_1.1.0/stm32cubeide/plugins/com.st.stm32cube.ide.mcu.externaltools.gnu-tools-for-stm32.7-2018-q2-update.win32_1.0.0.201904181610/tools/bin/../lib/gcc/arm-none-eabi/7.3.1/../../../../arm-none-eabi/lib/thumb/v7e-m\libc_nano.a(lib_a-errno.o)
 .ARM.attributes
                0x000000000000019a       0x2e d:/st/stm32cubeide_1.1.0/stm32cubeide/plugins/com.st.stm32cube.ide.mcu.externaltools.gnu-tools-for-stm32.7-2018-q2-update.win32_1.0.0.201904181610/tools/bin/../lib/gcc/arm-none-eabi/7.3.1/../../../../arm-none-eabi/lib/thumb/v7e-m\libc_nano.a(lib_a-impure.o)
 .ARM.attributes
                0x00000000000001c8       0x2e d:/st/stm32cubeide_1.1.0/stm32cubeide/plugins/com.st.stm32cube.ide.mcu.externaltools.gnu-tools-for-stm32.7-2018-q2-update.win32_1.0.0.201904181610/tools/bin/../lib/gcc/arm-none-eabi/7.3.1/../../../../arm-none-eabi/lib/thumb/v7e-m\libc_nano.a(lib_a-init.o)
 .ARM.attributes
                0x00000000000001f6       0x2e d:/st/stm32cubeide_1.1.0/stm32cubeide/plugins/com.st.stm32cube.ide.mcu.externaltools.gnu-tools-for-stm32.7-2018-q2-update.win32_1.0.0.201904181610/tools/bin/../lib/gcc/arm-none-eabi/7.3.1/../../../../arm-none-eabi/lib/thumb/v7e-m\libc_nano.a(lib_a-memset.o)
 .ARM.attributes
                0x0000000000000224       0x2e d:/st/stm32cubeide_1.1.0/stm32cubeide/plugins/com.st.stm32cube.ide.mcu.externaltools.gnu-tools-for-stm32.7-2018-q2-update.win32_1.0.0.201904181610/tools/bin/../lib/gcc/arm-none-eabi/7.3.1/../../../../arm-none-eabi/lib/thumb/v7e-m\libc_nano.a(lib_a-puts.o)
 .ARM.attributes
                0x0000000000000252       0x17 d:/st/stm32cubeide_1.1.0/stm32cubeide/plugins/com.st.stm32cube.ide.mcu.externaltools.gnu-tools-for-stm32.7-2018-q2-update.win32_1.0.0.201904181610/tools/bin/../lib/gcc/arm-none-eabi/7.3.1/../../../../arm-none-eabi/lib/thumb/v7e-m\libc_nano.a(lib_a-strlen.o)
 .ARM.attributes
                0x0000000000000269       0x2e d:/st/stm32cubeide_1.1.0/stm32cubeide/plugins/com.st.stm32cube.ide.mcu.externaltools.gnu-tools-for-stm32.7-2018-q2-update.win32_1.0.0.201904181610/tools/bin/../lib/gcc/arm-none-eabi/7.3.1/../../../../arm-none-eabi/lib/thumb/v7e-m\libc_nano.a(lib_a-wbuf.o)
 .ARM.attributes
                0x0000000000000297       0x2e d:/st/stm32cubeide_1.1.0/stm32cubeide/plugins/com.st.stm32cube.ide.mcu.externaltools.gnu-tools-for-stm32.7-2018-q2-update.win32_1.0.0.201904181610/tools/bin/../lib/gcc/arm-none-eabi/7.3.1/../../../../arm-none-eabi/lib/thumb/v7e-m\libc_nano.a(lib_a-wsetup.o)
 .ARM.attributes
                0x00000000000002c5       0x2e d:/st/stm32cubeide_1.1.0/stm32cubeide/plugins/com.st.stm32cube.ide.mcu.externaltools.gnu-tools-for-stm32.7-2018-q2-update.win32_1.0.0.201904181610/tools/bin/../lib/gcc/arm-none-eabi/7.3.1/../../../../arm-none-eabi/lib/thumb/v7e-m\libc_nano.a(lib_a-fflush.o)
 .ARM.attributes
                0x00000000000002f3       0x2e d:/st/stm32cubeide_1.1.0/stm32cubeide/plugins/com.st.stm32cube.ide.mcu.externaltools.gnu-tools-for-stm32.7-2018-q2-update.win32_1.0.0.201904181610/tools/bin/../lib/gcc/arm-none-eabi/7.3.1/../../../../arm-none-eabi/lib/thumb/v7e-m\libc_nano.a(lib_a-findfp.o)
 .ARM.attributes
                0x0000000000000321       0x2e d:/st/stm32cubeide_1.1.0/stm32cubeide/plugins/com.st.stm32cube.ide.mcu.externaltools.gnu-tools-for-stm32.7-2018-q2-update.win32_1.0.0.201904181610/tools/bin/../lib/gcc/arm-none-eabi/7.3.1/../../../../arm-none-eabi/lib/thumb/v7e-m\libc_nano.a(lib_a-fwalk.o)
 .ARM.attributes
                0x000000000000034f       0x2e d:/st/stm32cubeide_1.1.0/stm32cubeide/plugins/com.st.stm32cube.ide.mcu.externaltools.gnu-tools-for-stm32.7-2018-q2-update.win32_1.0.0.201904181610/tools/bin/../lib/gcc/arm-none-eabi/7.3.1/../../../../arm-none-eabi/lib/thumb/v7e-m\libc_nano.a(lib_a-makebuf.o)
 .ARM.attributes
                0x000000000000037d       0x2e d:/st/stm32cubeide_1.1.0/stm32cubeide/plugins/com.st.stm32cube.ide.mcu.externaltools.gnu-tools-for-stm32.7-2018-q2-update.win32_1.0.0.201904181610/tools/bin/../lib/gcc/arm-none-eabi/7.3.1/../../../../arm-none-eabi/lib/thumb/v7e-m\libc_nano.a(lib_a-nano-freer.o)
 .ARM.attributes
                0x00000000000003ab       0x2e d:/st/stm32cubeide_1.1.0/stm32cubeide/plugins/com.st.stm32cube.ide.mcu.externaltools.gnu-tools-for-stm32.7-2018-q2-update.win32_1.0.0.201904181610/tools/bin/../lib/gcc/arm-none-eabi/7.3.1/../../../../arm-none-eabi/lib/thumb/v7e-m\libc_nano.a(lib_a-nano-mallocr.o)
 .ARM.attributes
                0x00000000000003d9       0x2e d:/st/stm32cubeide_1.1.0/stm32cubeide/plugins/com.st.stm32cube.ide.mcu.externaltools.gnu-tools-for-stm32.7-2018-q2-update.win32_1.0.0.201904181610/tools/bin/../lib/gcc/arm-none-eabi/7.3.1/../../../../arm-none-eabi/lib/thumb/v7e-m\libc_nano.a(lib_a-sbrkr.o)
 .ARM.attributes
                0x0000000000000407       0x2e d:/st/stm32cubeide_1.1.0/stm32cubeide/plugins/com.st.stm32cube.ide.mcu.externaltools.gnu-tools-for-stm32.7-2018-q2-update.win32_1.0.0.201904181610/tools/bin/../lib/gcc/arm-none-eabi/7.3.1/../../../../arm-none-eabi/lib/thumb/v7e-m\libc_nano.a(lib_a-stdio.o)
 .ARM.attributes
                0x0000000000000435       0x2e d:/st/stm32cubeide_1.1.0/stm32cubeide/plugins/com.st.stm32cube.ide.mcu.externaltools.gnu-tools-for-stm32.7-2018-q2-update.win32_1.0.0.201904181610/tools/bin/../lib/gcc/arm-none-eabi/7.3.1/../../../../arm-none-eabi/lib/thumb/v7e-m\libc_nano.a(lib_a-writer.o)
 .ARM.attributes
                0x0000000000000463       0x2e d:/st/stm32cubeide_1.1.0/stm32cubeide/plugins/com.st.stm32cube.ide.mcu.externaltools.gnu-tools-for-stm32.7-2018-q2-update.win32_1.0.0.201904181610/tools/bin/../lib/gcc/arm-none-eabi/7.3.1/../../../../arm-none-eabi/lib/thumb/v7e-m\libc_nano.a(lib_a-closer.o)
 .ARM.attributes
                0x0000000000000491       0x2e d:/st/stm32cubeide_1.1.0/stm32cubeide/plugins/com.st.stm32cube.ide.mcu.externaltools.gnu-tools-for-stm32.7-2018-q2-update.win32_1.0.0.201904181610/tools/bin/../lib/gcc/arm-none-eabi/7.3.1/../../../../arm-none-eabi/lib/thumb/v7e-m\libc_nano.a(lib_a-fstatr.o)
 .ARM.attributes
                0x00000000000004bf       0x2e d:/st/stm32cubeide_1.1.0/stm32cubeide/plugins/com.st.stm32cube.ide.mcu.externaltools.gnu-tools-for-stm32.7-2018-q2-update.win32_1.0.0.201904181610/tools/bin/../lib/gcc/arm-none-eabi/7.3.1/../../../../arm-none-eabi/lib/thumb/v7e-m\libc_nano.a(lib_a-isattyr.o)
 .ARM.attributes
                0x00000000000004ed       0x2e d:/st/stm32cubeide_1.1.0/stm32cubeide/plugins/com.st.stm32cube.ide.mcu.externaltools.gnu-tools-for-stm32.7-2018-q2-update.win32_1.0.0.201904181610/tools/bin/../lib/gcc/arm-none-eabi/7.3.1/../../../../arm-none-eabi/lib/thumb/v7e-m\libc_nano.a(lib_a-lseekr.o)
 .ARM.attributes
                0x000000000000051b       0x2e d:/st/stm32cubeide_1.1.0/stm32cubeide/plugins/com.st.stm32cube.ide.mcu.externaltools.gnu-tools-for-stm32.7-2018-q2-update.win32_1.0.0.201904181610/tools/bin/../lib/gcc/arm-none-eabi/7.3.1/../../../../arm-none-eabi/lib/thumb/v7e-m\libc_nano.a(lib_a-mlock.o)
 .ARM.attributes
                0x0000000000000549       0x2e d:/st/stm32cubeide_1.1.0/stm32cubeide/plugins/com.st.stm32cube.ide.mcu.externaltools.gnu-tools-for-stm32.7-2018-q2-update.win32_1.0.0.201904181610/tools/bin/../lib/gcc/arm-none-eabi/7.3.1/../../../../arm-none-eabi/lib/thumb/v7e-m\libc_nano.a(lib_a-readr.o)
 .ARM.attributes
                0x0000000000000577       0x2e d:/st/stm32cubeide_1.1.0/stm32cubeide/plugins/com.st.stm32cube.ide.mcu.externaltools.gnu-tools-for-stm32.7-2018-q2-update.win32_1.0.0.201904181610/tools/bin/../lib/gcc/arm-none-eabi/7.3.1/../../../../arm-none-eabi/lib/thumb/v7e-m\libc_nano.a(lib_a-reent.o)
 .ARM.attributes
                0x00000000000005a5       0x1e d:/st/stm32cubeide_1.1.0/stm32cubeide/plugins/com.st.stm32cube.ide.mcu.externaltools.gnu-tools-for-stm32.7-2018-q2-update.win32_1.0.0.201904181610/tools/bin/../lib/gcc/arm-none-eabi/7.3.1/thumb/v7e-m/crtn.o
OUTPUT(stm32f4xx_drivers.elf elf32-littlearm)

.debug_info     0x0000000000000000     0x3748
 .debug_info    0x0000000000000000      0x748 Drivers/src/stm32f446xx_gpio_driver.o
 .debug_info    0x0000000000000748      0xb1a Drivers/src/stm32f446xx_i2c_driver.o
 .debug_info    0x0000000000001262      0xcab Src/Tests/013_I2C_SlaveTxRx.o
 .debug_info    0x0000000000001f0d      0xefd Src/syscalls.o
 .debug_info    0x0000000000002e0a      0x91c Src/sysmem.o
 .debug_info    0x0000000000003726       0x22 Startup/startup_stm32f446retx.o

.debug_abbrev   0x0000000000000000      0x9b5
 .debug_abbrev  0x0000000000000000      0x159 Drivers/src/stm32f446xx_gpio_driver.o
 .debug_abbrev  0x0000000000000159      0x219 Drivers/src/stm32f446xx_i2c_driver.o
 .debug_abbrev  0x0000000000000372      0x1fd Src/Tests/013_I2C_SlaveTxRx.o
 .debug_abbrev  0x000000000000056f      0x279 Src/syscalls.o
 .debug_abbrev  0x00000000000007e8      0x1bb Src/sysmem.o
 .debug_abbrev  0x00000000000009a3       0x12 Startup/startup_stm32f446retx.o

.debug_aranges  0x0000000000000000      0x2c0
 .debug_aranges
                0x0000000000000000       0x70 Drivers/src/stm32f446xx_gpio_driver.o
 .debug_aranges
                0x0000000000000070      0x100 Drivers/src/stm32f446xx_i2c_driver.o
 .debug_aranges
                0x0000000000000170       0x58 Src/Tests/013_I2C_SlaveTxRx.o
 .debug_aranges
                0x00000000000001c8       0xb0 Src/syscalls.o
 .debug_aranges
                0x0000000000000278       0x20 Src/sysmem.o
 .debug_aranges
                0x0000000000000298       0x28 Startup/startup_stm32f446retx.o

.debug_ranges   0x0000000000000000      0x268
 .debug_ranges  0x0000000000000000       0x60 Drivers/src/stm32f446xx_gpio_driver.o
 .debug_ranges  0x0000000000000060       0xf0 Drivers/src/stm32f446xx_i2c_driver.o
 .debug_ranges  0x0000000000000150       0x48 Src/Tests/013_I2C_SlaveTxRx.o
 .debug_ranges  0x0000000000000198       0xa0 Src/syscalls.o
 .debug_ranges  0x0000000000000238       0x10 Src/sysmem.o
 .debug_ranges  0x0000000000000248       0x20 Startup/startup_stm32f446retx.o

.debug_macro    0x0000000000000000     0x392e
 .debug_macro   0x0000000000000000       0xad Drivers/src/stm32f446xx_gpio_driver.o
 .debug_macro   0x00000000000000ad      0xa66 Drivers/src/stm32f446xx_gpio_driver.o
 .debug_macro   0x0000000000000b13      0x174 Drivers/src/stm32f446xx_gpio_driver.o
 .debug_macro   0x0000000000000c87       0x22 Drivers/src/stm32f446xx_gpio_driver.o
 .debug_macro   0x0000000000000ca9       0x8e Drivers/src/stm32f446xx_gpio_driver.o
 .debug_macro   0x0000000000000d37       0x51 Drivers/src/stm32f446xx_gpio_driver.o
 .debug_macro   0x0000000000000d88       0xef Drivers/src/stm32f446xx_gpio_driver.o
 .debug_macro   0x0000000000000e77       0x6a Drivers/src/stm32f446xx_gpio_driver.o
 .debug_macro   0x0000000000000ee1      0x1df Drivers/src/stm32f446xx_gpio_driver.o
 .debug_macro   0x00000000000010c0      0x8a6 Drivers/src/stm32f446xx_gpio_driver.o
 .debug_macro   0x0000000000001966       0xbe Drivers/src/stm32f446xx_gpio_driver.o
 .debug_macro   0x0000000000001a24       0xd0 Drivers/src/stm32f446xx_gpio_driver.o
 .debug_macro   0x0000000000001af4       0xc4 Drivers/src/stm32f446xx_gpio_driver.o
 .debug_macro   0x0000000000001bb8       0xad Drivers/src/stm32f446xx_i2c_driver.o
 .debug_macro   0x0000000000001c65      0x22f Src/Tests/013_I2C_SlaveTxRx.o
 .debug_macro   0x0000000000001e94       0x40 Src/Tests/013_I2C_SlaveTxRx.o
 .debug_macro   0x0000000000001ed4       0x18 Src/Tests/013_I2C_SlaveTxRx.o
 .debug_macro   0x0000000000001eec       0x94 Src/Tests/013_I2C_SlaveTxRx.o
 .debug_macro   0x0000000000001f80       0x3c Src/Tests/013_I2C_SlaveTxRx.o
 .debug_macro   0x0000000000001fbc       0x34 Src/Tests/013_I2C_SlaveTxRx.o
 .debug_macro   0x0000000000001ff0       0x16 Src/Tests/013_I2C_SlaveTxRx.o
 .debug_macro   0x0000000000002006       0x57 Src/Tests/013_I2C_SlaveTxRx.o
 .debug_macro   0x000000000000205d       0x97 Src/Tests/013_I2C_SlaveTxRx.o
 .debug_macro   0x00000000000020f4      0x330 Src/Tests/013_I2C_SlaveTxRx.o
 .debug_macro   0x0000000000002424       0xfd Src/Tests/013_I2C_SlaveTxRx.o
 .debug_macro   0x0000000000002521       0x10 Src/Tests/013_I2C_SlaveTxRx.o
 .debug_macro   0x0000000000002531       0x52 Src/Tests/013_I2C_SlaveTxRx.o
 .debug_macro   0x0000000000002583       0x1f Src/Tests/013_I2C_SlaveTxRx.o
 .debug_macro   0x00000000000025a2       0x43 Src/Tests/013_I2C_SlaveTxRx.o
 .debug_macro   0x00000000000025e5       0x20 Src/Tests/013_I2C_SlaveTxRx.o
 .debug_macro   0x0000000000002605      0x1a3 Src/Tests/013_I2C_SlaveTxRx.o
 .debug_macro   0x00000000000027a8       0x10 Src/Tests/013_I2C_SlaveTxRx.o
 .debug_macro   0x00000000000027b8       0x1c Src/Tests/013_I2C_SlaveTxRx.o
 .debug_macro   0x00000000000027d4       0x52 Src/Tests/013_I2C_SlaveTxRx.o
 .debug_macro   0x0000000000002826       0x40 Src/Tests/013_I2C_SlaveTxRx.o
 .debug_macro   0x0000000000002866       0x10 Src/Tests/013_I2C_SlaveTxRx.o
 .debug_macro   0x0000000000002876       0x40 Src/Tests/013_I2C_SlaveTxRx.o
 .debug_macro   0x00000000000028b6       0xd7 Src/Tests/013_I2C_SlaveTxRx.o
 .debug_macro   0x000000000000298d       0x1c Src/Tests/013_I2C_SlaveTxRx.o
 .debug_macro   0x00000000000029a9       0x3d Src/Tests/013_I2C_SlaveTxRx.o
 .debug_macro   0x00000000000029e6       0x16 Src/Tests/013_I2C_SlaveTxRx.o
 .debug_macro   0x00000000000029fc      0x145 Src/Tests/013_I2C_SlaveTxRx.o
 .debug_macro   0x0000000000002b41       0x16 Src/Tests/013_I2C_SlaveTxRx.o
 .debug_macro   0x0000000000002b57       0x35 Src/Tests/013_I2C_SlaveTxRx.o
 .debug_macro   0x0000000000002b8c       0x20 Src/Tests/013_I2C_SlaveTxRx.o
 .debug_macro   0x0000000000002bac       0xc4 Src/Tests/013_I2C_SlaveTxRx.o
 .debug_macro   0x0000000000002c70      0x255 Src/syscalls.o
 .debug_macro   0x0000000000002ec5       0x10 Src/syscalls.o
 .debug_macro   0x0000000000002ed5       0x10 Src/syscalls.o
 .debug_macro   0x0000000000002ee5       0x10 Src/syscalls.o
 .debug_macro   0x0000000000002ef5       0x35 Src/syscalls.o
 .debug_macro   0x0000000000002f2a      0x122 Src/syscalls.o
 .debug_macro   0x000000000000304c       0x16 Src/syscalls.o
 .debug_macro   0x0000000000003062       0x16 Src/syscalls.o
 .debug_macro   0x0000000000003078       0x29 Src/syscalls.o
 .debug_macro   0x00000000000030a1       0x10 Src/syscalls.o
 .debug_macro   0x00000000000030b1      0x241 Src/syscalls.o
 .debug_macro   0x00000000000032f2       0x1c Src/syscalls.o
 .debug_macro   0x000000000000330e       0x10 Src/syscalls.o
 .debug_macro   0x000000000000331e      0x189 Src/syscalls.o
 .debug_macro   0x00000000000034a7       0x16 Src/syscalls.o
 .debug_macro   0x00000000000034bd       0x88 Src/syscalls.o
 .debug_macro   0x0000000000003545      0x1ae Src/sysmem.o
 .debug_macro   0x00000000000036f3      0x23b Src/sysmem.o

.debug_line     0x0000000000000000     0x2308
 .debug_line    0x0000000000000000      0x668 Drivers/src/stm32f446xx_gpio_driver.o
 .debug_line    0x0000000000000668      0x853 Drivers/src/stm32f446xx_i2c_driver.o
 .debug_line    0x0000000000000ebb      0x717 Src/Tests/013_I2C_SlaveTxRx.o
 .debug_line    0x00000000000015d2      0x759 Src/syscalls.o
 .debug_line    0x0000000000001d2b      0x559 Src/sysmem.o
 .debug_line    0x0000000000002284       0x84 Startup/startup_stm32f446retx.o

.debug_str      0x0000000000000000     0xc849
 .debug_str     0x0000000000000000     0x6f8d Drivers/src/stm32f446xx_gpio_driver.o
                                       0x71b0 (size before relaxing)
 .debug_str     0x0000000000006f8d      0x41a Drivers/src/stm32f446xx_i2c_driver.o
                                       0x737e (size before relaxing)
 .debug_str     0x00000000000073a7     0x41c5 Src/Tests/013_I2C_SlaveTxRx.o
                                       0xb200 (size before relaxing)
 .debug_str     0x000000000000b56c     0x127b Src/syscalls.o
                                       0x8946 (size before relaxing)
 .debug_str     0x000000000000c7e7       0x31 Src/sysmem.o
                                       0x7ae4 (size before relaxing)
 .debug_str     0x000000000000c818       0x31 Startup/startup_stm32f446retx.o
                                         0x71 (size before relaxing)

.comment        0x0000000000000000       0x7b
 .comment       0x0000000000000000       0x7b Drivers/src/stm32f446xx_gpio_driver.o
                                         0x7c (size before relaxing)
 .comment       0x000000000000007b       0x7c Drivers/src/stm32f446xx_i2c_driver.o
 .comment       0x000000000000007b       0x7c Src/Tests/013_I2C_SlaveTxRx.o
 .comment       0x000000000000007b       0x7c Src/syscalls.o
 .comment       0x000000000000007b       0x7c Src/sysmem.o

.debug_frame    0x0000000000000000     0x103c
 .debug_frame   0x0000000000000000      0x1c8 Drivers/src/stm32f446xx_gpio_driver.o
 .debug_frame   0x00000000000001c8      0x464 Drivers/src/stm32f446xx_i2c_driver.o
 .debug_frame   0x000000000000062c      0x118 Src/Tests/013_I2C_SlaveTxRx.o
 .debug_frame   0x0000000000000744      0x2d4 Src/syscalls.o
 .debug_frame   0x0000000000000a18       0x34 Src/sysmem.o
 .debug_frame   0x0000000000000a4c       0x20 d:/st/stm32cubeide_1.1.0/stm32cubeide/plugins/com.st.stm32cube.ide.mcu.externaltools.gnu-tools-for-stm32.7-2018-q2-update.win32_1.0.0.201904181610/tools/bin/../lib/gcc/arm-none-eabi/7.3.1/../../../../arm-none-eabi/lib/thumb/v7e-m\libc_nano.a(lib_a-errno.o)
 .debug_frame   0x0000000000000a6c       0x2c d:/st/stm32cubeide_1.1.0/stm32cubeide/plugins/com.st.stm32cube.ide.mcu.externaltools.gnu-tools-for-stm32.7-2018-q2-update.win32_1.0.0.201904181610/tools/bin/../lib/gcc/arm-none-eabi/7.3.1/../../../../arm-none-eabi/lib/thumb/v7e-m\libc_nano.a(lib_a-init.o)
 .debug_frame   0x0000000000000a98       0x20 d:/st/stm32cubeide_1.1.0/stm32cubeide/plugins/com.st.stm32cube.ide.mcu.externaltools.gnu-tools-for-stm32.7-2018-q2-update.win32_1.0.0.201904181610/tools/bin/../lib/gcc/arm-none-eabi/7.3.1/../../../../arm-none-eabi/lib/thumb/v7e-m\libc_nano.a(lib_a-memset.o)
 .debug_frame   0x0000000000000ab8       0x3c d:/st/stm32cubeide_1.1.0/stm32cubeide/plugins/com.st.stm32cube.ide.mcu.externaltools.gnu-tools-for-stm32.7-2018-q2-update.win32_1.0.0.201904181610/tools/bin/../lib/gcc/arm-none-eabi/7.3.1/../../../../arm-none-eabi/lib/thumb/v7e-m\libc_nano.a(lib_a-puts.o)
 .debug_frame   0x0000000000000af4       0x40 d:/st/stm32cubeide_1.1.0/stm32cubeide/plugins/com.st.stm32cube.ide.mcu.externaltools.gnu-tools-for-stm32.7-2018-q2-update.win32_1.0.0.201904181610/tools/bin/../lib/gcc/arm-none-eabi/7.3.1/../../../../arm-none-eabi/lib/thumb/v7e-m\libc_nano.a(lib_a-wbuf.o)
 .debug_frame   0x0000000000000b34       0x2c d:/st/stm32cubeide_1.1.0/stm32cubeide/plugins/com.st.stm32cube.ide.mcu.externaltools.gnu-tools-for-stm32.7-2018-q2-update.win32_1.0.0.201904181610/tools/bin/../lib/gcc/arm-none-eabi/7.3.1/../../../../arm-none-eabi/lib/thumb/v7e-m\libc_nano.a(lib_a-wsetup.o)
 .debug_frame   0x0000000000000b60       0x68 d:/st/stm32cubeide_1.1.0/stm32cubeide/plugins/com.st.stm32cube.ide.mcu.externaltools.gnu-tools-for-stm32.7-2018-q2-update.win32_1.0.0.201904181610/tools/bin/../lib/gcc/arm-none-eabi/7.3.1/../../../../arm-none-eabi/lib/thumb/v7e-m\libc_nano.a(lib_a-fflush.o)
 .debug_frame   0x0000000000000bc8      0x11c d:/st/stm32cubeide_1.1.0/stm32cubeide/plugins/com.st.stm32cube.ide.mcu.externaltools.gnu-tools-for-stm32.7-2018-q2-update.win32_1.0.0.201904181610/tools/bin/../lib/gcc/arm-none-eabi/7.3.1/../../../../arm-none-eabi/lib/thumb/v7e-m\libc_nano.a(lib_a-findfp.o)
 .debug_frame   0x0000000000000ce4       0x54 d:/st/stm32cubeide_1.1.0/stm32cubeide/plugins/com.st.stm32cube.ide.mcu.externaltools.gnu-tools-for-stm32.7-2018-q2-update.win32_1.0.0.201904181610/tools/bin/../lib/gcc/arm-none-eabi/7.3.1/../../../../arm-none-eabi/lib/thumb/v7e-m\libc_nano.a(lib_a-fwalk.o)
 .debug_frame   0x0000000000000d38       0x58 d:/st/stm32cubeide_1.1.0/stm32cubeide/plugins/com.st.stm32cube.ide.mcu.externaltools.gnu-tools-for-stm32.7-2018-q2-update.win32_1.0.0.201904181610/tools/bin/../lib/gcc/arm-none-eabi/7.3.1/../../../../arm-none-eabi/lib/thumb/v7e-m\libc_nano.a(lib_a-makebuf.o)
 .debug_frame   0x0000000000000d90       0x38 d:/st/stm32cubeide_1.1.0/stm32cubeide/plugins/com.st.stm32cube.ide.mcu.externaltools.gnu-tools-for-stm32.7-2018-q2-update.win32_1.0.0.201904181610/tools/bin/../lib/gcc/arm-none-eabi/7.3.1/../../../../arm-none-eabi/lib/thumb/v7e-m\libc_nano.a(lib_a-nano-freer.o)
 .debug_frame   0x0000000000000dc8       0x2c d:/st/stm32cubeide_1.1.0/stm32cubeide/plugins/com.st.stm32cube.ide.mcu.externaltools.gnu-tools-for-stm32.7-2018-q2-update.win32_1.0.0.201904181610/tools/bin/../lib/gcc/arm-none-eabi/7.3.1/../../../../arm-none-eabi/lib/thumb/v7e-m\libc_nano.a(lib_a-nano-mallocr.o)
 .debug_frame   0x0000000000000df4       0x2c d:/st/stm32cubeide_1.1.0/stm32cubeide/plugins/com.st.stm32cube.ide.mcu.externaltools.gnu-tools-for-stm32.7-2018-q2-update.win32_1.0.0.201904181610/tools/bin/../lib/gcc/arm-none-eabi/7.3.1/../../../../arm-none-eabi/lib/thumb/v7e-m\libc_nano.a(lib_a-sbrkr.o)
 .debug_frame   0x0000000000000e20       0x88 d:/st/stm32cubeide_1.1.0/stm32cubeide/plugins/com.st.stm32cube.ide.mcu.externaltools.gnu-tools-for-stm32.7-2018-q2-update.win32_1.0.0.201904181610/tools/bin/../lib/gcc/arm-none-eabi/7.3.1/../../../../arm-none-eabi/lib/thumb/v7e-m\libc_nano.a(lib_a-stdio.o)
 .debug_frame   0x0000000000000ea8       0x2c d:/st/stm32cubeide_1.1.0/stm32cubeide/plugins/com.st.stm32cube.ide.mcu.externaltools.gnu-tools-for-stm32.7-2018-q2-update.win32_1.0.0.201904181610/tools/bin/../lib/gcc/arm-none-eabi/7.3.1/../../../../arm-none-eabi/lib/thumb/v7e-m\libc_nano.a(lib_a-writer.o)
 .debug_frame   0x0000000000000ed4       0x2c d:/st/stm32cubeide_1.1.0/stm32cubeide/plugins/com.st.stm32cube.ide.mcu.externaltools.gnu-tools-for-stm32.7-2018-q2-update.win32_1.0.0.201904181610/tools/bin/../lib/gcc/arm-none-eabi/7.3.1/../../../../arm-none-eabi/lib/thumb/v7e-m\libc_nano.a(lib_a-closer.o)
 .debug_frame   0x0000000000000f00       0x2c d:/st/stm32cubeide_1.1.0/stm32cubeide/plugins/com.st.stm32cube.ide.mcu.externaltools.gnu-tools-for-stm32.7-2018-q2-update.win32_1.0.0.201904181610/tools/bin/../lib/gcc/arm-none-eabi/7.3.1/../../../../arm-none-eabi/lib/thumb/v7e-m\libc_nano.a(lib_a-fstatr.o)
 .debug_frame   0x0000000000000f2c       0x2c d:/st/stm32cubeide_1.1.0/stm32cubeide/plugins/com.st.stm32cube.ide.mcu.externaltools.gnu-tools-for-stm32.7-2018-q2-update.win32_1.0.0.201904181610/tools/bin/../lib/gcc/arm-none-eabi/7.3.1/../../../../arm-none-eabi/lib/thumb/v7e-m\libc_nano.a(lib_a-isattyr.o)
 .debug_frame   0x0000000000000f58       0x2c d:/st/stm32cubeide_1.1.0/stm32cubeide/plugins/com.st.stm32cube.ide.mcu.externaltools.gnu-tools-for-stm32.7-2018-q2-update.win32_1.0.0.201904181610/tools/bin/../lib/gcc/arm-none-eabi/7.3.1/../../../../arm-none-eabi/lib/thumb/v7e-m\libc_nano.a(lib_a-lseekr.o)
 .debug_frame   0x0000000000000f84       0x30 d:/st/stm32cubeide_1.1.0/stm32cubeide/plugins/com.st.stm32cube.ide.mcu.externaltools.gnu-tools-for-stm32.7-2018-q2-update.win32_1.0.0.201904181610/tools/bin/../lib/gcc/arm-none-eabi/7.3.1/../../../../arm-none-eabi/lib/thumb/v7e-m\libc_nano.a(lib_a-mlock.o)
 .debug_frame   0x0000000000000fb4       0x2c d:/st/stm32cubeide_1.1.0/stm32cubeide/plugins/com.st.stm32cube.ide.mcu.externaltools.gnu-tools-for-stm32.7-2018-q2-update.win32_1.0.0.201904181610/tools/bin/../lib/gcc/arm-none-eabi/7.3.1/../../../../arm-none-eabi/lib/thumb/v7e-m\libc_nano.a(lib_a-readr.o)
 .debug_frame   0x0000000000000fe0       0x5c d:/st/stm32cubeide_1.1.0/stm32cubeide/plugins/com.st.stm32cube.ide.mcu.externaltools.gnu-tools-for-stm32.7-2018-q2-update.win32_1.0.0.201904181610/tools/bin/../lib/gcc/arm-none-eabi/7.3.1/../../../../arm-none-eabi/lib/thumb/v7e-m\libc_nano.a(lib_a-reent.o)
