stm32f446xx_spi_driver.c:37:6:SPI_PeriClockControl	16	static
stm32f446xx_spi_driver.c:94:6:SPI_Init	24	static
stm32f446xx_spi_driver.c:155:6:SPI_DeInit	16	static
stm32f446xx_spi_driver.c:190:9:SPI_GetFlagStatus	16	static
stm32f446xx_spi_driver.c:216:6:SPI_SendData	24	static
stm32f446xx_spi_driver.c:258:6:SPI_ReceiveData	24	static
stm32f446xx_spi_driver.c:300:9:SPI_SendDataInterruptMode	32	static
stm32f446xx_spi_driver.c:336:9:SPI_ReceiveDataInterruptMode	32	static
stm32f446xx_spi_driver.c:403:6:SPI_IRQHandling	24	static
stm32f446xx_spi_driver.c:454:6:SPI_PeripheralControl	16	static
stm32f446xx_spi_driver.c:480:6:SPI_SSIConfig	16	static
stm32f446xx_spi_driver.c:506:6:SPI_SSOEConfig	16	static
stm32f446xx_spi_driver.c:531:6:SPI_CloseTransmission	16	static
stm32f446xx_spi_driver.c:552:6:SPI_CloseReception	16	static
stm32f446xx_spi_driver.c:573:6:SPI_ClearOVRFlag	24	static
stm32f446xx_spi_driver.c:595:13:SPI_ApplicationEventCallback	16	static
stm32f446xx_spi_driver.c:617:13:spi_txe_interrupt_handle	16	static
stm32f446xx_spi_driver.c:658:13:spi_rxne_interrupt_handle	16	static
stm32f446xx_spi_driver.c:700:13:spi_ovr_err_interrupt_handle	24	static
