stm32f446xx_spi_driver.c:36:6:SPI_PeriClockControl	16	static
stm32f446xx_spi_driver.c:93:6:SPI_Init	24	static
stm32f446xx_spi_driver.c:154:6:SPI_DeInit	16	static
stm32f446xx_spi_driver.c:189:9:SPI_GetFlagStatus	16	static
stm32f446xx_spi_driver.c:215:6:SPI_SendData	24	static
stm32f446xx_spi_driver.c:257:6:SPI_ReceiveData	24	static
stm32f446xx_spi_driver.c:299:9:SPI_SendDataInterruptMode	32	static
stm32f446xx_spi_driver.c:335:9:SPI_ReceiveDataInterruptMode	32	static
stm32f446xx_spi_driver.c:402:6:SPI_IRQHandling	24	static
stm32f446xx_spi_driver.c:453:6:SPI_PeripheralControl	16	static
stm32f446xx_spi_driver.c:479:6:SPI_SSIConfig	16	static
stm32f446xx_spi_driver.c:505:6:SPI_SSOEConfig	16	static
stm32f446xx_spi_driver.c:530:6:SPI_CloseTransmission	16	static
stm32f446xx_spi_driver.c:551:6:SPI_CloseReception	16	static
stm32f446xx_spi_driver.c:572:6:SPI_ClearOVRFlag	24	static
stm32f446xx_spi_driver.c:594:13:SPI_ApplicationEventCallback	16	static
stm32f446xx_spi_driver.c:616:13:spi_txe_interrupt_handle	16	static
stm32f446xx_spi_driver.c:657:13:spi_rxne_interrupt_handle	16	static
stm32f446xx_spi_driver.c:699:13:spi_ovr_err_interrupt_handle	24	static
