syscalls.c:73:6:ITM_SendChar	16	static
syscalls.c:103:6:initialise_monitor_handles	4	static
syscalls.c:107:5:_getpid	4	static
syscalls.c:112:5:_kill	16	static
syscalls.c:118:6:_exit	16	static
syscalls.c:124:27:_read	32	static
syscalls.c:136:27:_write	32	static
syscalls.c:148:5:_close	16	static
syscalls.c:154:5:_fstat	16	static
syscalls.c:160:5:_isatty	16	static
syscalls.c:165:5:_lseek	24	static
syscalls.c:170:5:_open	12	static
syscalls.c:176:5:_wait	16	static
syscalls.c:182:5:_unlink	16	static
syscalls.c:188:5:_times	16	static
syscalls.c:193:5:_stat	16	static
syscalls.c:199:5:_link	16	static
syscalls.c:205:5:_fork	8	static
syscalls.c:211:5:_execve	24	static
